
> neptune@2.0.0-rc.1 test:browser
> playwright test


Running 75 tests using 1 worker

  ✓   1 [chromium] › tests/browser/acceptance.spec.ts:28:1 › rendered modes, connected exploded paths, interior and bounded resources (14.1s)
  ✓   2 [chromium] › tests/browser/acceptance.spec.ts:137:1 › presets, engineering controls, validation and fresh-context sharing (11.8s)
  ✓   3 [chromium] › tests/browser/acceptance.spec.ts:215:1 › mobile controls, contextual inspection and explicit WebGL fallback (10.7s)
  ✓   4 [chromium] › tests/browser/acceptance.spec.ts:279:1 › demo runs through real state, cancels, restores and restarts; keyboard dialog access (40.8s)
  ✓   5 [chromium] › tests/browser/phase1.spec.ts:51:1 › PH1-UI-01 saves complete checkpoints, recovers on refresh, and rejects malformed import transactionally (4.4s)
  ✓   6 [chromium] › tests/browser/phase1.spec.ts:93:1 › PH1-UI-01 quota failure preserves last durable checkpoint and allows current manual export (2.6s)
  ✓   7 [chromium] › tests/browser/phase1.spec.ts:127:1 › PH1-COMP-01 legacy inspection and explicit recalculation preserve the original identity (3.1s)
  ✓   8 [chromium] › tests/browser/phase1.spec.ts:195:1 › PH1-REP-02 replay cancellation retains a committed checkpoint and resume reaches the same target (20.5s)
  ✓   9 [chromium] › tests/browser/phase1.spec.ts:232:1 › PH1-REP-02 an actual worker error event keeps validated state and a new worker can continue (2.4s)
  ✓  10 [chromium] › tests/browser/phase1.spec.ts:272:1 › PH1-REP-02 import supersedes replay and a delivered stale worker response cannot overwrite it (3.0s)
  ✓  11 [chromium] › tests/browser/phase1.spec.ts:325:1 › PH1-UI-01 unreadable recovery is retained until an explicit clear and manual export remains available (2.2s)
  ✓  12 [chromium] › tests/browser/phase1.spec.ts:356:1 › PH1-REP-01 exact restoration and UI replay preserve a fractional integration grid (2.5s)
  ✓  13 [chromium] › tests/browser/phase1.spec.ts:384:1 › PH1-NUM-03 a stored scenario numeric overflow is rejected before JSON rewriting can turn it into null (3.2s)
  ✓  14 [chromium] › tests/browser/twin.spec.ts:50:1 › specific pump failure propagates to flow, clock, thermal state, restoration and numerical replay (5.1s)
  ✓  15 [chromium] › tests/browser/twin.spec.ts:86:1 › standby transfer is an actual selected-component state transition (3.5s)
  ✓  16 [chromium] › tests/browser/twin.spec.ts:99:1 › clock pause and speed are independent of design resets and validated controls (6.3s)
  ✓  17 [chromium] › tests/browser/twin.spec.ts:115:1 › seek backward and forward restores exact event-boundary numerical results (5.2s)
  ✓  18 [chromium] › tests/browser/twin.spec.ts:146:1 › cancel run retains completed state and superseding work rejects stale updates (6.1s)
  ✓  19 [chromium] › tests/browser/twin.spec.ts:176:3 › reduced-motion touch acceptance › touch waypoints and keyboard exit preserve exact selected asset and physical state (5.1s)
  ✓  20 [chromium] › tests/browser/twin.spec.ts:203:1 › comparison renders two computed 240-second runs and exports identical disturbance histories (5.4s)
  ✓  21 [chromium] › tests/browser/twin.spec.ts:220:1 › project exports and imports replay numerical state, with invalid mappings rejected visibly (4.1s)
  ✓  22 [chromium] › tests/browser/twin.spec.ts:235:1 › mobile keyboard and explicit fallback retain asset inspection, operation and exports (2.9s)
  ✓  23 [chromium] › tests/browser/twin.spec.ts:248:1 › context cameras, keyboard interior, distinct families and bounded large-scene diagnostics (25.3s)
  ✓  24 [chromium] › tests/browser/twin.spec.ts:290:1 › legacy saved scenario links retain the explicit aggregate model (3.6s)
  ✓  25 [chromium] › tests/browser/visual.spec.ts:3:1 › capture the first coherent 3D slice (9.5s)
  ✘  26 [firefox] › tests/browser/acceptance.spec.ts:28:1 › rendered modes, connected exploded paths, interior and bounded resources (20.5s)
  ✘  27 [firefox] › tests/browser/acceptance.spec.ts:137:1 › presets, engineering controls, validation and fresh-context sharing (1.1m)
  ✓  28 [firefox] › tests/browser/acceptance.spec.ts:215:1 › mobile controls, contextual inspection and explicit WebGL fallback (1.0m)
  ✘  29 [firefox] › tests/browser/acceptance.spec.ts:279:1 › demo runs through real state, cancels, restores and restarts; keyboard dialog access (39.1s)
  ✓  30 [firefox] › tests/browser/phase1.spec.ts:51:1 › PH1-UI-01 saves complete checkpoints, recovers on refresh, and rejects malformed import transactionally (3.8s)
  ✓  31 [firefox] › tests/browser/phase1.spec.ts:93:1 › PH1-UI-01 quota failure preserves last durable checkpoint and allows current manual export (1.5s)
  ✓  32 [firefox] › tests/browser/phase1.spec.ts:127:1 › PH1-COMP-01 legacy inspection and explicit recalculation preserve the original identity (2.8s)
  ✓  33 [firefox] › tests/browser/phase1.spec.ts:195:1 › PH1-REP-02 replay cancellation retains a committed checkpoint and resume reaches the same target (21.1s)
  ✓  34 [firefox] › tests/browser/phase1.spec.ts:232:1 › PH1-REP-02 an actual worker error event keeps validated state and a new worker can continue (1.8s)
  ✓  35 [firefox] › tests/browser/phase1.spec.ts:272:1 › PH1-REP-02 import supersedes replay and a delivered stale worker response cannot overwrite it (2.2s)
  ✓  36 [firefox] › tests/browser/phase1.spec.ts:325:1 › PH1-UI-01 unreadable recovery is retained until an explicit clear and manual export remains available (1.5s)
  ✓  37 [firefox] › tests/browser/phase1.spec.ts:356:1 › PH1-REP-01 exact restoration and UI replay preserve a fractional integration grid (2.0s)
  ✓  38 [firefox] › tests/browser/phase1.spec.ts:384:1 › PH1-NUM-03 a stored scenario numeric overflow is rejected before JSON rewriting can turn it into null (2.1s)
  ✘  39 [firefox] › tests/browser/twin.spec.ts:50:1 › specific pump failure propagates to flow, clock, thermal state, restoration and numerical replay (1.1m)
  ✓  40 [firefox] › tests/browser/twin.spec.ts:86:1 › standby transfer is an actual selected-component state transition (36.6s)
  ✘  41 [firefox] › tests/browser/twin.spec.ts:99:1 › clock pause and speed are independent of design resets and validated controls (46.4s)
  ✓  42 [firefox] › tests/browser/twin.spec.ts:115:1 › seek backward and forward restores exact event-boundary numerical results (30.7s)
  ✓  43 [firefox] › tests/browser/twin.spec.ts:146:1 › cancel run retains completed state and superseding work rejects stale updates (20.1s)
  ✘  44 [firefox] › tests/browser/twin.spec.ts:176:3 › reduced-motion touch acceptance › touch waypoints and keyboard exit preserve exact selected asset and physical state (41.5s)
  ✓  45 [firefox] › tests/browser/twin.spec.ts:203:1 › comparison renders two computed 240-second runs and exports identical disturbance histories (1.0m)
  ✓  46 [firefox] › tests/browser/twin.spec.ts:220:1 › project exports and imports replay numerical state, with invalid mappings rejected visibly (23.9s)
  ✓  47 [firefox] › tests/browser/twin.spec.ts:235:1 › mobile keyboard and explicit fallback retain asset inspection, operation and exports (2.3s)
  ✘  48 [firefox] › tests/browser/twin.spec.ts:248:1 › context cameras, keyboard interior, distinct families and bounded large-scene diagnostics (1.1m)
  ✓  49 [firefox] › tests/browser/twin.spec.ts:290:1 › legacy saved scenario links retain the explicit aggregate model (26.3s)
  ✘  50 [firefox] › tests/browser/visual.spec.ts:3:1 › capture the first coherent 3D slice (1.1m)
  ✘  51 [webkit] › tests/browser/acceptance.spec.ts:28:1 › rendered modes, connected exploded paths, interior and bounded resources (1.0m)
  ✘  52 [webkit] › tests/browser/acceptance.spec.ts:137:1 › presets, engineering controls, validation and fresh-context sharing (1.0m)
  ✘  53 [webkit] › tests/browser/acceptance.spec.ts:215:1 › mobile controls, contextual inspection and explicit WebGL fallback (1.0m)
  ✘  54 [webkit] › tests/browser/acceptance.spec.ts:279:1 › demo runs through real state, cancels, restores and restarts; keyboard dialog access (1.0m)
  ✘  55 [webkit] › tests/browser/phase1.spec.ts:51:1 › PH1-UI-01 saves complete checkpoints, recovers on refresh, and rejects malformed import transactionally (1.0m)
  ✘  56 [webkit] › tests/browser/phase1.spec.ts:93:1 › PH1-UI-01 quota failure preserves last durable checkpoint and allows current manual export (1.0m)
  ✘  57 [webkit] › tests/browser/phase1.spec.ts:127:1 › PH1-COMP-01 legacy inspection and explicit recalculation preserve the original identity (1.0m)
  ✘  58 [webkit] › tests/browser/phase1.spec.ts:195:1 › PH1-REP-02 replay cancellation retains a committed checkpoint and resume reaches the same target (1.0m)
  ✘  59 [webkit] › tests/browser/phase1.spec.ts:232:1 › PH1-REP-02 an actual worker error event keeps validated state and a new worker can continue (1.0m)
  ✘  60 [webkit] › tests/browser/phase1.spec.ts:272:1 › PH1-REP-02 import supersedes replay and a delivered stale worker response cannot overwrite it (1.0m)
  ✘  61 [webkit] › tests/browser/phase1.spec.ts:325:1 › PH1-UI-01 unreadable recovery is retained until an explicit clear and manual export remains available (1.0m)
  ✘  62 [webkit] › tests/browser/phase1.spec.ts:356:1 › PH1-REP-01 exact restoration and UI replay preserve a fractional integration grid (1.0m)
  ✘  63 [webkit] › tests/browser/phase1.spec.ts:384:1 › PH1-NUM-03 a stored scenario numeric overflow is rejected before JSON rewriting can turn it into null (1.0m)
  ✘  64 [webkit] › tests/browser/twin.spec.ts:50:1 › specific pump failure propagates to flow, clock, thermal state, restoration and numerical replay (1.0m)
  ✘  65 [webkit] › tests/browser/twin.spec.ts:86:1 › standby transfer is an actual selected-component state transition (1.0m)
  ✘  66 [webkit] › tests/browser/twin.spec.ts:99:1 › clock pause and speed are independent of design resets and validated controls (1.0m)
  ✘  67 [webkit] › tests/browser/twin.spec.ts:115:1 › seek backward and forward restores exact event-boundary numerical results (1.0m)
  ✘  68 [webkit] › tests/browser/twin.spec.ts:146:1 › cancel run retains completed state and superseding work rejects stale updates (1.0m)
  ✘  69 [webkit] › tests/browser/twin.spec.ts:176:3 › reduced-motion touch acceptance › touch waypoints and keyboard exit preserve exact selected asset and physical state (1.0m)
  ✘  70 [webkit] › tests/browser/twin.spec.ts:203:1 › comparison renders two computed 240-second runs and exports identical disturbance histories (1.0m)
  ✘  71 [webkit] › tests/browser/twin.spec.ts:220:1 › project exports and imports replay numerical state, with invalid mappings rejected visibly (1.0m)
  ✘  72 [webkit] › tests/browser/twin.spec.ts:235:1 › mobile keyboard and explicit fallback retain asset inspection, operation and exports (1.0m)
  ✘  73 [webkit] › tests/browser/twin.spec.ts:248:1 › context cameras, keyboard interior, distinct families and bounded large-scene diagnostics (1.0m)
  ✘  74 [webkit] › tests/browser/twin.spec.ts:290:1 › legacy saved scenario links retain the explicit aggregate model (1.0m)
  ✘  75 [webkit] › tests/browser/visual.spec.ts:3:1 › capture the first coherent 3D slice (1.0m)


  1) [firefox] › tests/browser/acceptance.spec.ts:28:1 › rendered modes, connected exploded paths, interior and bounded resources 

    Error: expect(locator).toHaveAttribute(expected) failed

    Locator:  locator('main')
    Expected: "true"
    Received: "false"
    Timeout:  12000ms

    Call log:
      - Expect "toHaveAttribute" locator('main') with timeout 12000ms
      - waiting for locator('main')
        2 × locator resolved to <main class="app  " data-modules="40" data-xray="false" data-demo="false" data-ready="false" data-generation="2" data-inside="false" data-exploded="false">…</main>
          - unexpected value "false"


       5 | async function load(page: Page) {
       6 |   await page.goto('./?legacy=1');
    >  7 |   await expect(root(page)).toHaveAttribute('data-ready', 'true');
         |                            ^
       8 |   await expect(page.locator('canvas')).toBeVisible();
       9 |   await page.waitForTimeout(1600);
      10 | }
        at load (<verified-checkout>/tests/browser/acceptance.spec.ts:7:28)
        at <verified-checkout>/tests/browser/acceptance.spec.ts:37:3

    Error Context: test-results/acceptance-rendered-modes--2ead5-erior-and-bounded-resources-firefox/error-context.md

    attachment #2: trace (application/zip) ─────────────────────────────────────────────────────────
    test-results/acceptance-rendered-modes--2ead5-erior-and-bounded-resources-firefox/trace.zip
    Usage:

        npx playwright show-trace test-results/acceptance-rendered-modes--2ead5-erior-and-bounded-resources-firefox/trace.zip

    ────────────────────────────────────────────────────────────────────────────────────────────────

  2) [firefox] › tests/browser/acceptance.spec.ts:137:1 › presets, engineering controls, validation and fresh-context sharing 

    Test timeout of 60000ms exceeded.

    Error: locator.click: Test timeout of 60000ms exceeded.
    Call log:
      - waiting for getByRole('button', { name: 'NEPTUNE I 2026' })
        - locator resolved to <button aria-pressed="false">…</button>
      - attempting click action
        - waiting for element to be visible, enabled and stable
        - element is visible, enabled and stable
        - scrolling into view if needed
        - done scrolling


      149 |     await imageDifference(initial, await page.locator('canvas').screenshot()),
      150 |   ).toBeGreaterThan(0.025);
    > 151 |   await page.getByRole('button', { name: 'NEPTUNE I 2026' }).click();
          |                                                              ^
      152 |   await expect(page.getByTestId('module-total')).toHaveText('04');
      153 |   const input = page.getByRole('spinbutton', {
      154 |     name: 'Accelerators',
        at <verified-checkout>/tests/browser/acceptance.spec.ts:151:62

    Error Context: test-results/acceptance-presets-enginee-76e84-n-and-fresh-context-sharing-firefox/error-context.md

    attachment #2: trace (application/zip) ─────────────────────────────────────────────────────────
    test-results/acceptance-presets-enginee-76e84-n-and-fresh-context-sharing-firefox/trace.zip
    Usage:

        npx playwright show-trace test-results/acceptance-presets-enginee-76e84-n-and-fresh-context-sharing-firefox/trace.zip

    ────────────────────────────────────────────────────────────────────────────────────────────────

  3) [firefox] › tests/browser/acceptance.spec.ts:279:1 › demo runs through real state, cancels, restores and restarts; keyboard dialog access 

    Error: expect(locator).toBeVisible() failed

    Locator: getByText('Look beneath the surface.')
    Expected: visible
    Timeout: 8000ms
    Error: element(s) not found

    Call log:
      - Expect "toBeVisible" getByText('Look beneath the surface.') with timeout 8000ms
      - waiting for getByText('Look beneath the surface.')


      284 |   await expect(root(page)).toHaveAttribute('data-demo', 'true');
      285 |   await expect(page.getByText('Start with the ocean.')).toBeVisible();
    > 286 |   await expect(page.getByText('Look beneath the surface.')).toBeVisible({
          |                                                             ^
      287 |     timeout: 8000,
      288 |   });
      289 |   await expect(root(page)).toHaveAttribute('data-xray', 'true');
        at <verified-checkout>/tests/browser/acceptance.spec.ts:286:61

    Error Context: test-results/acceptance-demo-runs-throu-0fa6d-arts-keyboard-dialog-access-firefox/error-context.md

    attachment #2: trace (application/zip) ─────────────────────────────────────────────────────────
    test-results/acceptance-demo-runs-throu-0fa6d-arts-keyboard-dialog-access-firefox/trace.zip
    Usage:

        npx playwright show-trace test-results/acceptance-demo-runs-throu-0fa6d-arts-keyboard-dialog-access-firefox/trace.zip

    ────────────────────────────────────────────────────────────────────────────────────────────────

  4) [firefox] › tests/browser/twin.spec.ts:50:1 › specific pump failure propagates to flow, clock, thermal state, restoration and numerical replay 

    Test timeout of 60000ms exceeded.

    Error: locator.click: Test timeout of 60000ms exceeded.
    Call log:
      - waiting for getByRole('button', { name: 'Trip selected asset', exact: true })
        - locator resolved to <button class="danger">Trip selected asset</button>
      - attempting click action
        - waiting for element to be visible, enabled and stable
        - element is visible, enabled and stable
        - scrolling into view if needed
        - done scrolling
        - performing click action


      61 |   await page.getByRole('button',{name:'Operate',exact:true}).click();
      62 |   await page.getByRole('button',{name:'Full load',exact:true}).click();
    > 63 |   await page.getByRole('button',{name:'Trip selected asset',exact:true}).click();
         |                                                                          ^
      64 |   await expect.poll(()=>inspectorStatus(page)).toContain('failed');
      65 |   await expect.poll(async()=>technicalFlow(await page.getByTestId('selected-flow').innerText())).toBe(0);
      66 |   const before=await page.getByTestId('twin-temperature').innerText();await step(page,10);
        at <verified-checkout>/tests/browser/twin.spec.ts:63:74

    Error Context: test-results/twin-specific-pump-failure-a5e36-ration-and-numerical-replay-firefox/error-context.md

    attachment #2: trace (application/zip) ─────────────────────────────────────────────────────────
    test-results/twin-specific-pump-failure-a5e36-ration-and-numerical-replay-firefox/trace.zip
    Usage:

        npx playwright show-trace test-results/twin-specific-pump-failure-a5e36-ration-and-numerical-replay-firefox/trace.zip

    ────────────────────────────────────────────────────────────────────────────────────────────────

  5) [firefox] › tests/browser/twin.spec.ts:99:1 › clock pause and speed are independent of design resets and validated controls 

    Error: expect(locator).toHaveAttribute(expected) failed

    Locator:  locator('main.twin-app')
    Expected: "280"
    Received: "400"
    Timeout:  12000ms

    Call log:
      - Expect "toHaveAttribute" locator('main.twin-app') with timeout 12000ms
      - waiting for locator('main.twin-app')
        - locator resolved to <main data-time="300" class="twin-app" data-ready="true" data-scene-ready="true" data-workspace="Explore" data-selected="platform-001/module-01/pump-duty">…</main>
        - unexpected value "300"
        - locator resolved to <main data-time="310" class="twin-app" data-ready="true" data-scene-ready="true" data-workspace="Explore" data-selected="platform-001/module-01/pump-duty">…</main>
        - unexpected value "310"
        2 × locator resolved to <main data-time="320" class="twin-app" data-ready="true" data-scene-ready="true" data-workspace="Explore" data-selected="platform-001/module-01/pump-duty">…</main>
          - unexpected value "320"
        2 × locator resolved to <main data-time="340" class="twin-app" data-ready="true" data-scene-ready="true" data-workspace="Explore" data-selected="platform-001/module-01/pump-duty">…</main>
          - unexpected value "340"
        2 × locator resolved to <main data-time="360" class="twin-app" data-ready="true" data-scene-ready="true" data-workspace="Explore" data-selected="platform-001/module-01/pump-duty">…</main>
          - unexpected value "360"
        - locator resolved to <main data-time="380" class="twin-app" data-ready="true" data-scene-ready="true" data-workspace="Explore" data-selected="platform-001/module-01/pump-duty">…</main>
        - unexpected value "380"
        - locator resolved to <main data-time="390" class="twin-app" data-ready="true" data-scene-ready="true" data-workspace="Explore" data-selected="platform-001/module-01/pump-duty">…</main>
        - unexpected value "390"
        2 × locator resolved to <main data-time="400" class="twin-app" data-ready="true" data-scene-ready="true" data-workspace="Explore" data-selected="platform-001/module-01/pump-duty">…</main>
          - unexpected value "400"


      104 |   await page.getByRole('button',{name:'Pause',exact:true}).click();
      105 |   const paused=await main(page).getAttribute('data-time');await page.waitForTimeout(1200);
    > 106 |   await expect(main(page)).toHaveAttribute('data-time',paused!);
          |                            ^
      107 |   await changeNumber(page,'Requested accelerators','1280');await expect(main(page)).toHaveAttribute('data-time','0');
      108 |   await expect(page.getByRole('button',{name:'Start',exact:true})).toBeVisible();
      109 |   await expect(page.locator('.twin-notice')).toContainText('reinitialized');
        at <verified-checkout>/tests/browser/twin.spec.ts:106:28

    attachment #1: screenshot (image/png) ──────────────────────────────────────────────────────────
    test-results/twin-clock-pause-and-speed-3e04f-sets-and-validated-controls-firefox/test-failed-1.png
    ────────────────────────────────────────────────────────────────────────────────────────────────

    Error Context: test-results/twin-clock-pause-and-speed-3e04f-sets-and-validated-controls-firefox/error-context.md

    attachment #3: trace (application/zip) ─────────────────────────────────────────────────────────
    test-results/twin-clock-pause-and-speed-3e04f-sets-and-validated-controls-firefox/trace.zip
    Usage:

        npx playwright show-trace test-results/twin-clock-pause-and-speed-3e04f-sets-and-validated-controls-firefox/trace.zip

    ────────────────────────────────────────────────────────────────────────────────────────────────

  6) [firefox] › tests/browser/twin.spec.ts:176:3 › reduced-motion touch acceptance › touch waypoints and keyboard exit preserve exact selected asset and physical state 

    Error: expect(received).not.toEqual(expected) // deep equality

    Expected: not [-4.799506529926643, 5.775775333456814, -6]


    Call Log:
    - Timeout 12000ms exceeded while waiting on the predicate

      191 |     const canvas=page.locator('canvas');await canvas.focus();const target=(await diagnostics(page))?.target;
      192 |     await page.keyboard.down('ArrowRight');await page.waitForTimeout(300);await page.keyboard.up('ArrowRight');
    > 193 |     await expect.poll(async()=>(await diagnostics(page))?.target).not.toEqual(target);
          |                                                                       ^
      194 |     await page.keyboard.press('Escape');await expect.poll(async()=>(await diagnostics(page))?.inside).toBe(false);
      195 |     await page.getByRole('button',{name:'Explode',exact:true}).tap();await expect.poll(async()=>(await diagnostics(page))?.exploded).toBe(true);
      196 |     await page.getByRole('button',{name:'Explode',exact:true}).tap();await expect.poll(async()=>(await diagnostics(page))?.exploded).toBe(false);
        at <verified-checkout>/tests/browser/twin.spec.ts:193:71

    attachment #1: screenshot (image/png) ──────────────────────────────────────────────────────────
    test-results/twin-reduced-motion-touch--0a9b1-ed-asset-and-physical-state-firefox/test-failed-1.png
    ────────────────────────────────────────────────────────────────────────────────────────────────

    Error Context: test-results/twin-reduced-motion-touch--0a9b1-ed-asset-and-physical-state-firefox/error-context.md

    attachment #3: trace (application/zip) ─────────────────────────────────────────────────────────
    test-results/twin-reduced-motion-touch--0a9b1-ed-asset-and-physical-state-firefox/trace.zip
    Usage:

        npx playwright show-trace test-results/twin-reduced-motion-touch--0a9b1-ed-asset-and-physical-state-firefox/trace.zip

    ────────────────────────────────────────────────────────────────────────────────────────────────

  7) [firefox] › tests/browser/twin.spec.ts:248:1 › context cameras, keyboard interior, distinct families and bounded large-scene diagnostics 

    Test timeout of 60000ms exceeded.

    Error: locator.click: Test timeout of 60000ms exceeded.
    Call log:
      - waiting for getByRole('button', { name: 'Inside module', exact: true })
        - locator resolved to <button>Inside module</button>
      - attempting click action
        - waiting for element to be visible, enabled and stable


      256 |   await expect.poll(async()=>(await diagnostics(page))?.focus).toBe('cooling');
      257 |   await screenshot(page,info,'cooling-close-up');
    > 258 |   await page.getByRole('button',{name:'Inside module',exact:true}).click();await expect.poll(async()=>(await diagnostics(page))?.inside).toBe(true);
          |                                                                    ^
      259 |   const inside=(await diagnostics(page))?.camera;await canvas.focus();await page.keyboard.down('w');await page.waitForTimeout(300);await page.keyboard.up('w');
      260 |   await expect.poll(async()=>(await diagnostics(page))?.camera).not.toEqual(inside);
      261 |   await page.keyboard.press('Escape');await expect.poll(async()=>(await diagnostics(page))?.inside).toBe(false);
        at <verified-checkout>/tests/browser/twin.spec.ts:258:68

    attachment #1: cooling-close-up (image/png) ────────────────────────────────────────────────────
    test-results/twin-context-cameras-keybo-728ab-ded-large-scene-diagnostics-firefox/attachments/cooling-close-up-96b0685c2bfc529dc46bbb614868bf9b550e5bcb.png
    ────────────────────────────────────────────────────────────────────────────────────────────────

    Error Context: test-results/twin-context-cameras-keybo-728ab-ded-large-scene-diagnostics-firefox/error-context.md

    attachment #3: trace (application/zip) ─────────────────────────────────────────────────────────
    test-results/twin-context-cameras-keybo-728ab-ded-large-scene-diagnostics-firefox/trace.zip
    Usage:

        npx playwright show-trace test-results/twin-context-cameras-keybo-728ab-ded-large-scene-diagnostics-firefox/trace.zip

    ────────────────────────────────────────────────────────────────────────────────────────────────

  8) [firefox] › tests/browser/visual.spec.ts:3:1 › capture the first coherent 3D slice ────────────

    Test timeout of 60000ms exceeded.

    Error: page.evaluate: Test timeout of 60000ms exceeded.

      19 |     fullPage: true,
      20 |   });
    > 21 |   const timing = await page.evaluate(async () => {
         |                             ^
      22 |     const intervals: number[] = [];
      23 |     let last = window.performance.now();
      24 |     await new Promise<void>((resolve) => {
        at <verified-checkout>/tests/browser/visual.spec.ts:21:29

    attachment #1: screenshot (image/png) ──────────────────────────────────────────────────────────
    test-results/visual-capture-the-first-coherent-3D-slice-firefox/test-failed-1.png
    ────────────────────────────────────────────────────────────────────────────────────────────────

    Error Context: test-results/visual-capture-the-first-coherent-3D-slice-firefox/error-context.md

    attachment #3: trace (application/zip) ─────────────────────────────────────────────────────────
    test-results/visual-capture-the-first-coherent-3D-slice-firefox/trace.zip
    Usage:

        npx playwright show-trace test-results/visual-capture-the-first-coherent-3D-slice-firefox/trace.zip

    ────────────────────────────────────────────────────────────────────────────────────────────────

  9) [webkit] › tests/browser/acceptance.spec.ts:28:1 › rendered modes, connected exploded paths, interior and bounded resources 

    Test timeout of 60000ms exceeded while setting up "page".

    Error: browserContext.newPage: Protocol error (Page.overrideSetting): Unknown setting: PushAPIEnabled

    attachment #1: screenshot (image/png) ──────────────────────────────────────────────────────────
    test-results/acceptance-rendered-modes--2ead5-erior-and-bounded-resources-webkit/test-failed-1.png
    ────────────────────────────────────────────────────────────────────────────────────────────────

    Error Context: test-results/acceptance-rendered-modes--2ead5-erior-and-bounded-resources-webkit/error-context.md

    attachment #3: trace (application/zip) ─────────────────────────────────────────────────────────
    test-results/acceptance-rendered-modes--2ead5-erior-and-bounded-resources-webkit/trace.zip
    Usage:

        npx playwright show-trace test-results/acceptance-rendered-modes--2ead5-erior-and-bounded-resources-webkit/trace.zip

    ────────────────────────────────────────────────────────────────────────────────────────────────

  10) [webkit] › tests/browser/acceptance.spec.ts:137:1 › presets, engineering controls, validation and fresh-context sharing 

    Test timeout of 60000ms exceeded while setting up "page".

    Error: browserContext.newPage: Protocol error (Page.overrideSetting): Unknown setting: PushAPIEnabled

    attachment #1: screenshot (image/png) ──────────────────────────────────────────────────────────
    test-results/acceptance-presets-enginee-76e84-n-and-fresh-context-sharing-webkit/test-failed-1.png
    ────────────────────────────────────────────────────────────────────────────────────────────────

    Error Context: test-results/acceptance-presets-enginee-76e84-n-and-fresh-context-sharing-webkit/error-context.md

    attachment #3: trace (application/zip) ─────────────────────────────────────────────────────────
    test-results/acceptance-presets-enginee-76e84-n-and-fresh-context-sharing-webkit/trace.zip
    Usage:

        npx playwright show-trace test-results/acceptance-presets-enginee-76e84-n-and-fresh-context-sharing-webkit/trace.zip

    ────────────────────────────────────────────────────────────────────────────────────────────────

  11) [webkit] › tests/browser/acceptance.spec.ts:215:1 › mobile controls, contextual inspection and explicit WebGL fallback 

    Test timeout of 60000ms exceeded while setting up "page".

    Error: browserContext.newPage: Protocol error (Page.overrideSetting): Unknown setting: PushAPIEnabled

    attachment #1: screenshot (image/png) ──────────────────────────────────────────────────────────
    test-results/acceptance-mobile-controls-e31fc-and-explicit-WebGL-fallback-webkit/test-failed-1.png
    ────────────────────────────────────────────────────────────────────────────────────────────────

    Error Context: test-results/acceptance-mobile-controls-e31fc-and-explicit-WebGL-fallback-webkit/error-context.md

    attachment #3: trace (application/zip) ─────────────────────────────────────────────────────────
    test-results/acceptance-mobile-controls-e31fc-and-explicit-WebGL-fallback-webkit/trace.zip
    Usage:

        npx playwright show-trace test-results/acceptance-mobile-controls-e31fc-and-explicit-WebGL-fallback-webkit/trace.zip

    ────────────────────────────────────────────────────────────────────────────────────────────────

  12) [webkit] › tests/browser/acceptance.spec.ts:279:1 › demo runs through real state, cancels, restores and restarts; keyboard dialog access 

    Test timeout of 60000ms exceeded while setting up "page".

    Error: browserContext.newPage: Protocol error (Page.overrideSetting): Unknown setting: PushAPIEnabled

    attachment #1: screenshot (image/png) ──────────────────────────────────────────────────────────
    test-results/acceptance-demo-runs-throu-0fa6d-arts-keyboard-dialog-access-webkit/test-failed-1.png
    ────────────────────────────────────────────────────────────────────────────────────────────────

    Error Context: test-results/acceptance-demo-runs-throu-0fa6d-arts-keyboard-dialog-access-webkit/error-context.md

    attachment #3: trace (application/zip) ─────────────────────────────────────────────────────────
    test-results/acceptance-demo-runs-throu-0fa6d-arts-keyboard-dialog-access-webkit/trace.zip
    Usage:

        npx playwright show-trace test-results/acceptance-demo-runs-throu-0fa6d-arts-keyboard-dialog-access-webkit/trace.zip

    ────────────────────────────────────────────────────────────────────────────────────────────────

  13) [webkit] › tests/browser/phase1.spec.ts:51:1 › PH1-UI-01 saves complete checkpoints, recovers on refresh, and rejects malformed import transactionally 

    Test timeout of 60000ms exceeded while setting up "page".

    Error: browserContext.newPage: Protocol error (Page.overrideSetting): Unknown setting: PushAPIEnabled

    attachment #1: screenshot (image/png) ──────────────────────────────────────────────────────────
    test-results/phase1-PH1-UI-01-saves-com-2755c-rmed-import-transactionally-webkit/test-failed-1.png
    ────────────────────────────────────────────────────────────────────────────────────────────────

    Error Context: test-results/phase1-PH1-UI-01-saves-com-2755c-rmed-import-transactionally-webkit/error-context.md

    attachment #3: trace (application/zip) ─────────────────────────────────────────────────────────
    test-results/phase1-PH1-UI-01-saves-com-2755c-rmed-import-transactionally-webkit/trace.zip
    Usage:

        npx playwright show-trace test-results/phase1-PH1-UI-01-saves-com-2755c-rmed-import-transactionally-webkit/trace.zip

    ────────────────────────────────────────────────────────────────────────────────────────────────

  14) [webkit] › tests/browser/phase1.spec.ts:93:1 › PH1-UI-01 quota failure preserves last durable checkpoint and allows current manual export 

    Test timeout of 60000ms exceeded while setting up "page".

    Error: browserContext.newPage: Protocol error (Page.overrideSetting): Unknown setting: PushAPIEnabled

    attachment #1: screenshot (image/png) ──────────────────────────────────────────────────────────
    test-results/phase1-PH1-UI-01-quota-fai-0bc11-llows-current-manual-export-webkit/test-failed-1.png
    ────────────────────────────────────────────────────────────────────────────────────────────────

    Error Context: test-results/phase1-PH1-UI-01-quota-fai-0bc11-llows-current-manual-export-webkit/error-context.md

    attachment #3: trace (application/zip) ─────────────────────────────────────────────────────────
    test-results/phase1-PH1-UI-01-quota-fai-0bc11-llows-current-manual-export-webkit/trace.zip
    Usage:

        npx playwright show-trace test-results/phase1-PH1-UI-01-quota-fai-0bc11-llows-current-manual-export-webkit/trace.zip

    ────────────────────────────────────────────────────────────────────────────────────────────────

  15) [webkit] › tests/browser/phase1.spec.ts:127:1 › PH1-COMP-01 legacy inspection and explicit recalculation preserve the original identity 

    Test timeout of 60000ms exceeded while setting up "page".

    Error: browserContext.newPage: Protocol error (Page.overrideSetting): Unknown setting: PushAPIEnabled

    attachment #1: screenshot (image/png) ──────────────────────────────────────────────────────────
    test-results/phase1-PH1-COMP-01-legacy--047a5-serve-the-original-identity-webkit/test-failed-1.png
    ────────────────────────────────────────────────────────────────────────────────────────────────

    Error Context: test-results/phase1-PH1-COMP-01-legacy--047a5-serve-the-original-identity-webkit/error-context.md

    attachment #3: trace (application/zip) ─────────────────────────────────────────────────────────
    test-results/phase1-PH1-COMP-01-legacy--047a5-serve-the-original-identity-webkit/trace.zip
    Usage:

        npx playwright show-trace test-results/phase1-PH1-COMP-01-legacy--047a5-serve-the-original-identity-webkit/trace.zip

    ────────────────────────────────────────────────────────────────────────────────────────────────

  16) [webkit] › tests/browser/phase1.spec.ts:195:1 › PH1-REP-02 replay cancellation retains a committed checkpoint and resume reaches the same target 

    Test timeout of 60000ms exceeded while setting up "page".

    Error: browserContext.newPage: Protocol error (Page.overrideSetting): Unknown setting: PushAPIEnabled

    attachment #1: screenshot (image/png) ──────────────────────────────────────────────────────────
    test-results/phase1-PH1-REP-02-replay-c-72c72-ume-reaches-the-same-target-webkit/test-failed-1.png
    ────────────────────────────────────────────────────────────────────────────────────────────────

    Error Context: test-results/phase1-PH1-REP-02-replay-c-72c72-ume-reaches-the-same-target-webkit/error-context.md

    attachment #3: trace (application/zip) ─────────────────────────────────────────────────────────
    test-results/phase1-PH1-REP-02-replay-c-72c72-ume-reaches-the-same-target-webkit/trace.zip
    Usage:

        npx playwright show-trace test-results/phase1-PH1-REP-02-replay-c-72c72-ume-reaches-the-same-target-webkit/trace.zip

    ────────────────────────────────────────────────────────────────────────────────────────────────

  17) [webkit] › tests/browser/phase1.spec.ts:232:1 › PH1-REP-02 an actual worker error event keeps validated state and a new worker can continue 

    Test timeout of 60000ms exceeded while setting up "page".

    Error: browserContext.newPage: Protocol error (Page.overrideSetting): Unknown setting: PushAPIEnabled

    attachment #1: screenshot (image/png) ──────────────────────────────────────────────────────────
    test-results/phase1-PH1-REP-02-an-actua-9014e-d-a-new-worker-can-continue-webkit/test-failed-1.png
    ────────────────────────────────────────────────────────────────────────────────────────────────

    Error Context: test-results/phase1-PH1-REP-02-an-actua-9014e-d-a-new-worker-can-continue-webkit/error-context.md

    attachment #3: trace (application/zip) ─────────────────────────────────────────────────────────
    test-results/phase1-PH1-REP-02-an-actua-9014e-d-a-new-worker-can-continue-webkit/trace.zip
    Usage:

        npx playwright show-trace test-results/phase1-PH1-REP-02-an-actua-9014e-d-a-new-worker-can-continue-webkit/trace.zip

    ────────────────────────────────────────────────────────────────────────────────────────────────

  18) [webkit] › tests/browser/phase1.spec.ts:272:1 › PH1-REP-02 import supersedes replay and a delivered stale worker response cannot overwrite it 

    Test timeout of 60000ms exceeded while setting up "page".

    Error: browserContext.newPage: Protocol error (Page.overrideSetting): Unknown setting: PushAPIEnabled

    attachment #1: screenshot (image/png) ──────────────────────────────────────────────────────────
    test-results/phase1-PH1-REP-02-import-s-84013-esponse-cannot-overwrite-it-webkit/test-failed-1.png
    ────────────────────────────────────────────────────────────────────────────────────────────────

    Error Context: test-results/phase1-PH1-REP-02-import-s-84013-esponse-cannot-overwrite-it-webkit/error-context.md

    attachment #3: trace (application/zip) ─────────────────────────────────────────────────────────
    test-results/phase1-PH1-REP-02-import-s-84013-esponse-cannot-overwrite-it-webkit/trace.zip
    Usage:

        npx playwright show-trace test-results/phase1-PH1-REP-02-import-s-84013-esponse-cannot-overwrite-it-webkit/trace.zip

    ────────────────────────────────────────────────────────────────────────────────────────────────

  19) [webkit] › tests/browser/phase1.spec.ts:325:1 › PH1-UI-01 unreadable recovery is retained until an explicit clear and manual export remains available 

    Test timeout of 60000ms exceeded while setting up "page".

    Error: browserContext.newPage: Protocol error (Page.overrideSetting): Unknown setting: PushAPIEnabled

    attachment #1: screenshot (image/png) ──────────────────────────────────────────────────────────
    test-results/phase1-PH1-UI-01-unreadabl-75fa4-al-export-remains-available-webkit/test-failed-1.png
    ────────────────────────────────────────────────────────────────────────────────────────────────

    Error Context: test-results/phase1-PH1-UI-01-unreadabl-75fa4-al-export-remains-available-webkit/error-context.md

    attachment #3: trace (application/zip) ─────────────────────────────────────────────────────────
    test-results/phase1-PH1-UI-01-unreadabl-75fa4-al-export-remains-available-webkit/trace.zip
    Usage:

        npx playwright show-trace test-results/phase1-PH1-UI-01-unreadabl-75fa4-al-export-remains-available-webkit/trace.zip

    ────────────────────────────────────────────────────────────────────────────────────────────────

  20) [webkit] › tests/browser/phase1.spec.ts:356:1 › PH1-REP-01 exact restoration and UI replay preserve a fractional integration grid 

    Test timeout of 60000ms exceeded while setting up "page".

    Error: browserContext.newPage: Protocol error (Page.overrideSetting): Unknown setting: PushAPIEnabled

    attachment #1: screenshot (image/png) ──────────────────────────────────────────────────────────
    test-results/phase1-PH1-REP-01-exact-re-98f9a-fractional-integration-grid-webkit/test-failed-1.png
    ────────────────────────────────────────────────────────────────────────────────────────────────

    Error Context: test-results/phase1-PH1-REP-01-exact-re-98f9a-fractional-integration-grid-webkit/error-context.md

    attachment #3: trace (application/zip) ─────────────────────────────────────────────────────────
    test-results/phase1-PH1-REP-01-exact-re-98f9a-fractional-integration-grid-webkit/trace.zip
    Usage:

        npx playwright show-trace test-results/phase1-PH1-REP-01-exact-re-98f9a-fractional-integration-grid-webkit/trace.zip

    ────────────────────────────────────────────────────────────────────────────────────────────────

  21) [webkit] › tests/browser/phase1.spec.ts:384:1 › PH1-NUM-03 a stored scenario numeric overflow is rejected before JSON rewriting can turn it into null 

    Test timeout of 60000ms exceeded while setting up "page".

    Error: browserContext.newPage: Protocol error (Page.overrideSetting): Unknown setting: PushAPIEnabled

    attachment #1: screenshot (image/png) ──────────────────────────────────────────────────────────
    test-results/phase1-PH1-NUM-03-a-stored-a732f-iting-can-turn-it-into-null-webkit/test-failed-1.png
    ────────────────────────────────────────────────────────────────────────────────────────────────

    Error Context: test-results/phase1-PH1-NUM-03-a-stored-a732f-iting-can-turn-it-into-null-webkit/error-context.md

    attachment #3: trace (application/zip) ─────────────────────────────────────────────────────────
    test-results/phase1-PH1-NUM-03-a-stored-a732f-iting-can-turn-it-into-null-webkit/trace.zip
    Usage:

        npx playwright show-trace test-results/phase1-PH1-NUM-03-a-stored-a732f-iting-can-turn-it-into-null-webkit/trace.zip

    ────────────────────────────────────────────────────────────────────────────────────────────────

  22) [webkit] › tests/browser/twin.spec.ts:50:1 › specific pump failure propagates to flow, clock, thermal state, restoration and numerical replay 

    Test timeout of 60000ms exceeded while setting up "page".

    Error: browserContext.newPage: Protocol error (Page.overrideSetting): Unknown setting: PushAPIEnabled

    attachment #1: screenshot (image/png) ──────────────────────────────────────────────────────────
    test-results/twin-specific-pump-failure-a5e36-ration-and-numerical-replay-webkit/test-failed-1.png
    ────────────────────────────────────────────────────────────────────────────────────────────────

    Error Context: test-results/twin-specific-pump-failure-a5e36-ration-and-numerical-replay-webkit/error-context.md

    attachment #3: trace (application/zip) ─────────────────────────────────────────────────────────
    test-results/twin-specific-pump-failure-a5e36-ration-and-numerical-replay-webkit/trace.zip
    Usage:

        npx playwright show-trace test-results/twin-specific-pump-failure-a5e36-ration-and-numerical-replay-webkit/trace.zip

    ────────────────────────────────────────────────────────────────────────────────────────────────

  23) [webkit] › tests/browser/twin.spec.ts:86:1 › standby transfer is an actual selected-component state transition 

    Test timeout of 60000ms exceeded while setting up "page".

    Error: browserContext.newPage: Protocol error (Page.overrideSetting): Unknown setting: PushAPIEnabled

    attachment #1: screenshot (image/png) ──────────────────────────────────────────────────────────
    test-results/twin-standby-transfer-is-a-ffe8e--component-state-transition-webkit/test-failed-1.png
    ────────────────────────────────────────────────────────────────────────────────────────────────

    Error Context: test-results/twin-standby-transfer-is-a-ffe8e--component-state-transition-webkit/error-context.md

    attachment #3: trace (application/zip) ─────────────────────────────────────────────────────────
    test-results/twin-standby-transfer-is-a-ffe8e--component-state-transition-webkit/trace.zip
    Usage:

        npx playwright show-trace test-results/twin-standby-transfer-is-a-ffe8e--component-state-transition-webkit/trace.zip

    ────────────────────────────────────────────────────────────────────────────────────────────────

  24) [webkit] › tests/browser/twin.spec.ts:99:1 › clock pause and speed are independent of design resets and validated controls 

    Test timeout of 60000ms exceeded while setting up "page".

    Error: browserContext.newPage: Protocol error (Page.overrideSetting): Unknown setting: PushAPIEnabled

    attachment #1: screenshot (image/png) ──────────────────────────────────────────────────────────
    test-results/twin-clock-pause-and-speed-3e04f-sets-and-validated-controls-webkit/test-failed-1.png
    ────────────────────────────────────────────────────────────────────────────────────────────────

    Error Context: test-results/twin-clock-pause-and-speed-3e04f-sets-and-validated-controls-webkit/error-context.md

    attachment #3: trace (application/zip) ─────────────────────────────────────────────────────────
    test-results/twin-clock-pause-and-speed-3e04f-sets-and-validated-controls-webkit/trace.zip
    Usage:

        npx playwright show-trace test-results/twin-clock-pause-and-speed-3e04f-sets-and-validated-controls-webkit/trace.zip

    ────────────────────────────────────────────────────────────────────────────────────────────────

  25) [webkit] › tests/browser/twin.spec.ts:115:1 › seek backward and forward restores exact event-boundary numerical results 

    Test timeout of 60000ms exceeded while setting up "page".

    Error: browserContext.newPage: Protocol error (Page.overrideSetting): Unknown setting: PushAPIEnabled

    attachment #1: screenshot (image/png) ──────────────────────────────────────────────────────────
    test-results/twin-seek-backward-and-for-313ff--boundary-numerical-results-webkit/test-failed-1.png
    ────────────────────────────────────────────────────────────────────────────────────────────────

    Error Context: test-results/twin-seek-backward-and-for-313ff--boundary-numerical-results-webkit/error-context.md

    attachment #3: trace (application/zip) ─────────────────────────────────────────────────────────
    test-results/twin-seek-backward-and-for-313ff--boundary-numerical-results-webkit/trace.zip
    Usage:

        npx playwright show-trace test-results/twin-seek-backward-and-for-313ff--boundary-numerical-results-webkit/trace.zip

    ────────────────────────────────────────────────────────────────────────────────────────────────

  26) [webkit] › tests/browser/twin.spec.ts:146:1 › cancel run retains completed state and superseding work rejects stale updates 

    Test timeout of 60000ms exceeded while setting up "page".

    Error: browserContext.newPage: Protocol error (Page.overrideSetting): Unknown setting: PushAPIEnabled

    attachment #1: screenshot (image/png) ──────────────────────────────────────────────────────────
    test-results/twin-cancel-run-retains-co-7b95d--work-rejects-stale-updates-webkit/test-failed-1.png
    ────────────────────────────────────────────────────────────────────────────────────────────────

    Error Context: test-results/twin-cancel-run-retains-co-7b95d--work-rejects-stale-updates-webkit/error-context.md

    attachment #3: trace (application/zip) ─────────────────────────────────────────────────────────
    test-results/twin-cancel-run-retains-co-7b95d--work-rejects-stale-updates-webkit/trace.zip
    Usage:

        npx playwright show-trace test-results/twin-cancel-run-retains-co-7b95d--work-rejects-stale-updates-webkit/trace.zip

    ────────────────────────────────────────────────────────────────────────────────────────────────

  27) [webkit] › tests/browser/twin.spec.ts:176:3 › reduced-motion touch acceptance › touch waypoints and keyboard exit preserve exact selected asset and physical state 

    Test timeout of 60000ms exceeded while setting up "page".

    Error: browserContext.newPage: Protocol error (Page.overrideSetting): Unknown setting: PushAPIEnabled

    attachment #1: screenshot (image/png) ──────────────────────────────────────────────────────────
    test-results/twin-reduced-motion-touch--0a9b1-ed-asset-and-physical-state-webkit/test-failed-1.png
    ────────────────────────────────────────────────────────────────────────────────────────────────

    Error Context: test-results/twin-reduced-motion-touch--0a9b1-ed-asset-and-physical-state-webkit/error-context.md

    attachment #3: trace (application/zip) ─────────────────────────────────────────────────────────
    test-results/twin-reduced-motion-touch--0a9b1-ed-asset-and-physical-state-webkit/trace.zip
    Usage:

        npx playwright show-trace test-results/twin-reduced-motion-touch--0a9b1-ed-asset-and-physical-state-webkit/trace.zip

    ────────────────────────────────────────────────────────────────────────────────────────────────

  28) [webkit] › tests/browser/twin.spec.ts:203:1 › comparison renders two computed 240-second runs and exports identical disturbance histories 

    Test timeout of 60000ms exceeded while setting up "page".

    Error: browserContext.newPage: Protocol error (Page.overrideSetting): Unknown setting: PushAPIEnabled

    attachment #1: screenshot (image/png) ──────────────────────────────────────────────────────────
    test-results/twin-comparison-renders-tw-d1ab3-tical-disturbance-histories-webkit/test-failed-1.png
    ────────────────────────────────────────────────────────────────────────────────────────────────

    Error Context: test-results/twin-comparison-renders-tw-d1ab3-tical-disturbance-histories-webkit/error-context.md

    attachment #3: trace (application/zip) ─────────────────────────────────────────────────────────
    test-results/twin-comparison-renders-tw-d1ab3-tical-disturbance-histories-webkit/trace.zip
    Usage:

        npx playwright show-trace test-results/twin-comparison-renders-tw-d1ab3-tical-disturbance-histories-webkit/trace.zip

    ────────────────────────────────────────────────────────────────────────────────────────────────

  29) [webkit] › tests/browser/twin.spec.ts:220:1 › project exports and imports replay numerical state, with invalid mappings rejected visibly 

    Test timeout of 60000ms exceeded while setting up "page".

    Error: browserContext.newPage: Protocol error (Page.overrideSetting): Unknown setting: PushAPIEnabled

    attachment #1: screenshot (image/png) ──────────────────────────────────────────────────────────
    test-results/twin-project-exports-and-i-17f47-d-mappings-rejected-visibly-webkit/test-failed-1.png
    ────────────────────────────────────────────────────────────────────────────────────────────────

    Error Context: test-results/twin-project-exports-and-i-17f47-d-mappings-rejected-visibly-webkit/error-context.md

    attachment #3: trace (application/zip) ─────────────────────────────────────────────────────────
    test-results/twin-project-exports-and-i-17f47-d-mappings-rejected-visibly-webkit/trace.zip
    Usage:

        npx playwright show-trace test-results/twin-project-exports-and-i-17f47-d-mappings-rejected-visibly-webkit/trace.zip

    ────────────────────────────────────────────────────────────────────────────────────────────────

  30) [webkit] › tests/browser/twin.spec.ts:235:1 › mobile keyboard and explicit fallback retain asset inspection, operation and exports 

    Test timeout of 60000ms exceeded while setting up "page".

    Error: browserContext.newPage: Protocol error (Page.overrideSetting): Unknown setting: PushAPIEnabled

    attachment #1: screenshot (image/png) ──────────────────────────────────────────────────────────
    test-results/twin-mobile-keyboard-and-e-5f818-ction-operation-and-exports-webkit/test-failed-1.png
    ────────────────────────────────────────────────────────────────────────────────────────────────

    Error Context: test-results/twin-mobile-keyboard-and-e-5f818-ction-operation-and-exports-webkit/error-context.md

    attachment #3: trace (application/zip) ─────────────────────────────────────────────────────────
    test-results/twin-mobile-keyboard-and-e-5f818-ction-operation-and-exports-webkit/trace.zip
    Usage:

        npx playwright show-trace test-results/twin-mobile-keyboard-and-e-5f818-ction-operation-and-exports-webkit/trace.zip

    ────────────────────────────────────────────────────────────────────────────────────────────────

  31) [webkit] › tests/browser/twin.spec.ts:248:1 › context cameras, keyboard interior, distinct families and bounded large-scene diagnostics 

    Test timeout of 60000ms exceeded while setting up "page".

    Error: browserContext.newPage: Protocol error (Page.overrideSetting): Unknown setting: PushAPIEnabled

    attachment #1: screenshot (image/png) ──────────────────────────────────────────────────────────
    test-results/twin-context-cameras-keybo-728ab-ded-large-scene-diagnostics-webkit/test-failed-1.png
    ────────────────────────────────────────────────────────────────────────────────────────────────

    Error Context: test-results/twin-context-cameras-keybo-728ab-ded-large-scene-diagnostics-webkit/error-context.md

    attachment #3: trace (application/zip) ─────────────────────────────────────────────────────────
    test-results/twin-context-cameras-keybo-728ab-ded-large-scene-diagnostics-webkit/trace.zip
    Usage:

        npx playwright show-trace test-results/twin-context-cameras-keybo-728ab-ded-large-scene-diagnostics-webkit/trace.zip

    ────────────────────────────────────────────────────────────────────────────────────────────────

  32) [webkit] › tests/browser/twin.spec.ts:290:1 › legacy saved scenario links retain the explicit aggregate model 

    Test timeout of 60000ms exceeded while setting up "page".

    Error: browserContext.newPage: Protocol error (Page.overrideSetting): Unknown setting: PushAPIEnabled

    attachment #1: screenshot (image/png) ──────────────────────────────────────────────────────────
    test-results/twin-legacy-saved-scenario-5beda-he-explicit-aggregate-model-webkit/test-failed-1.png
    ────────────────────────────────────────────────────────────────────────────────────────────────

    Error Context: test-results/twin-legacy-saved-scenario-5beda-he-explicit-aggregate-model-webkit/error-context.md

    attachment #3: trace (application/zip) ─────────────────────────────────────────────────────────
    test-results/twin-legacy-saved-scenario-5beda-he-explicit-aggregate-model-webkit/trace.zip
    Usage:

        npx playwright show-trace test-results/twin-legacy-saved-scenario-5beda-he-explicit-aggregate-model-webkit/trace.zip

    ────────────────────────────────────────────────────────────────────────────────────────────────

  33) [webkit] › tests/browser/visual.spec.ts:3:1 › capture the first coherent 3D slice ────────────

    Test timeout of 60000ms exceeded while setting up "page".

    Error: browserContext.newPage: Protocol error (Page.overrideSetting): Unknown setting: PushAPIEnabled

    attachment #1: screenshot (image/png) ──────────────────────────────────────────────────────────
    test-results/visual-capture-the-first-coherent-3D-slice-webkit/test-failed-1.png
    ────────────────────────────────────────────────────────────────────────────────────────────────

    Error Context: test-results/visual-capture-the-first-coherent-3D-slice-webkit/error-context.md

    attachment #3: trace (application/zip) ─────────────────────────────────────────────────────────
    test-results/visual-capture-the-first-coherent-3D-slice-webkit/trace.zip
    Usage:

        npx playwright show-trace test-results/visual-capture-the-first-coherent-3D-slice-webkit/trace.zip

    ────────────────────────────────────────────────────────────────────────────────────────────────

  33 failed
    [firefox] › tests/browser/acceptance.spec.ts:28:1 › rendered modes, connected exploded paths, interior and bounded resources 
    [firefox] › tests/browser/acceptance.spec.ts:137:1 › presets, engineering controls, validation and fresh-context sharing 
    [firefox] › tests/browser/acceptance.spec.ts:279:1 › demo runs through real state, cancels, restores and restarts; keyboard dialog access 
    [firefox] › tests/browser/twin.spec.ts:50:1 › specific pump failure propagates to flow, clock, thermal state, restoration and numerical replay 
    [firefox] › tests/browser/twin.spec.ts:99:1 › clock pause and speed are independent of design resets and validated controls 
    [firefox] › tests/browser/twin.spec.ts:176:3 › reduced-motion touch acceptance › touch waypoints and keyboard exit preserve exact selected asset and physical state 
    [firefox] › tests/browser/twin.spec.ts:248:1 › context cameras, keyboard interior, distinct families and bounded large-scene diagnostics 
    [firefox] › tests/browser/visual.spec.ts:3:1 › capture the first coherent 3D slice ─────────────
    [webkit] › tests/browser/acceptance.spec.ts:28:1 › rendered modes, connected exploded paths, interior and bounded resources 
    [webkit] › tests/browser/acceptance.spec.ts:137:1 › presets, engineering controls, validation and fresh-context sharing 
    [webkit] › tests/browser/acceptance.spec.ts:215:1 › mobile controls, contextual inspection and explicit WebGL fallback 
    [webkit] › tests/browser/acceptance.spec.ts:279:1 › demo runs through real state, cancels, restores and restarts; keyboard dialog access 
    [webkit] › tests/browser/phase1.spec.ts:51:1 › PH1-UI-01 saves complete checkpoints, recovers on refresh, and rejects malformed import transactionally 
    [webkit] › tests/browser/phase1.spec.ts:93:1 › PH1-UI-01 quota failure preserves last durable checkpoint and allows current manual export 
    [webkit] › tests/browser/phase1.spec.ts:127:1 › PH1-COMP-01 legacy inspection and explicit recalculation preserve the original identity 
    [webkit] › tests/browser/phase1.spec.ts:195:1 › PH1-REP-02 replay cancellation retains a committed checkpoint and resume reaches the same target 
    [webkit] › tests/browser/phase1.spec.ts:232:1 › PH1-REP-02 an actual worker error event keeps validated state and a new worker can continue 
    [webkit] › tests/browser/phase1.spec.ts:272:1 › PH1-REP-02 import supersedes replay and a delivered stale worker response cannot overwrite it 
    [webkit] › tests/browser/phase1.spec.ts:325:1 › PH1-UI-01 unreadable recovery is retained until an explicit clear and manual export remains available 
    [webkit] › tests/browser/phase1.spec.ts:356:1 › PH1-REP-01 exact restoration and UI replay preserve a fractional integration grid 
    [webkit] › tests/browser/phase1.spec.ts:384:1 › PH1-NUM-03 a stored scenario numeric overflow is rejected before JSON rewriting can turn it into null 
    [webkit] › tests/browser/twin.spec.ts:50:1 › specific pump failure propagates to flow, clock, thermal state, restoration and numerical replay 
    [webkit] › tests/browser/twin.spec.ts:86:1 › standby transfer is an actual selected-component state transition 
    [webkit] › tests/browser/twin.spec.ts:99:1 › clock pause and speed are independent of design resets and validated controls 
    [webkit] › tests/browser/twin.spec.ts:115:1 › seek backward and forward restores exact event-boundary numerical results 
    [webkit] › tests/browser/twin.spec.ts:146:1 › cancel run retains completed state and superseding work rejects stale updates 
    [webkit] › tests/browser/twin.spec.ts:176:3 › reduced-motion touch acceptance › touch waypoints and keyboard exit preserve exact selected asset and physical state 
    [webkit] › tests/browser/twin.spec.ts:203:1 › comparison renders two computed 240-second runs and exports identical disturbance histories 
    [webkit] › tests/browser/twin.spec.ts:220:1 › project exports and imports replay numerical state, with invalid mappings rejected visibly 
    [webkit] › tests/browser/twin.spec.ts:235:1 › mobile keyboard and explicit fallback retain asset inspection, operation and exports 
    [webkit] › tests/browser/twin.spec.ts:248:1 › context cameras, keyboard interior, distinct families and bounded large-scene diagnostics 
    [webkit] › tests/browser/twin.spec.ts:290:1 › legacy saved scenario links retain the explicit aggregate model 
    [webkit] › tests/browser/visual.spec.ts:3:1 › capture the first coherent 3D slice ──────────────
  42 passed (41.0m)
