
> neptune@2.0.0-rc.1 test:browser
> playwright test


Running 48 tests using 1 worker

(node:3596) Warning: The 'NO_COLOR' env is ignored due to the 'FORCE_COLOR' env being set.
(Use `node --trace-warnings ...` to show where the warning was created)
  ✓   1 [chromium] › tests/browser/acceptance.spec.ts:28:1 › rendered modes, connected exploded paths, interior and bounded resources (7.3s)
  ✓   2 [chromium] › tests/browser/acceptance.spec.ts:137:1 › presets, engineering controls, validation and fresh-context sharing (6.8s)
  ✓   3 [chromium] › tests/browser/acceptance.spec.ts:215:1 › mobile controls, contextual inspection and explicit WebGL fallback (7.9s)
  ✓   4 [chromium] › tests/browser/acceptance.spec.ts:279:1 › demo runs through real state, cancels, restores and restarts; keyboard dialog access (39.0s)
  ✓   5 [chromium] › tests/browser/twin.spec.ts:49:1 › specific pump failure propagates to flow, clock, thermal state, restoration and numerical replay (2.1s)
  ✓   6 [chromium] › tests/browser/twin.spec.ts:85:1 › standby transfer is an actual selected-component state transition (1.7s)
  ✓   7 [chromium] › tests/browser/twin.spec.ts:98:1 › clock pause and speed are independent of design resets and validated controls (4.4s)
  ✓   8 [chromium] › tests/browser/twin.spec.ts:114:1 › seek backward and forward restores exact event-boundary numerical results (2.3s)
  ✓   9 [chromium] › tests/browser/twin.spec.ts:144:1 › cancel run retains completed state and superseding work rejects stale updates (3.2s)
  ✓  10 [chromium] › tests/browser/twin.spec.ts:171:3 › reduced-motion touch acceptance › touch waypoints and keyboard exit preserve exact selected asset and physical state (4.1s)
  ✓  11 [chromium] › tests/browser/twin.spec.ts:198:1 › comparison renders two computed 240-second runs and exports identical disturbance histories (1.9s)
  ✓  12 [chromium] › tests/browser/twin.spec.ts:215:1 › project exports and imports replay numerical state, with invalid mappings rejected visibly (1.8s)
  ✓  13 [chromium] › tests/browser/twin.spec.ts:230:1 › mobile keyboard and explicit fallback retain asset inspection, operation and exports (1.4s)
  ✓  14 [chromium] › tests/browser/twin.spec.ts:243:1 › context cameras, keyboard interior, distinct families and bounded large-scene diagnostics (11.3s)
  ✓  15 [chromium] › tests/browser/twin.spec.ts:285:1 › legacy saved scenario links retain the explicit aggregate model (1.9s)
  ✓  16 [chromium] › tests/browser/visual.spec.ts:3:1 › capture the first coherent 3D slice (6.1s)
(node:3791) Warning: The 'NO_COLOR' env is ignored due to the 'FORCE_COLOR' env being set.
(Use `node --trace-warnings ...` to show where the warning was created)
  ✓  17 [firefox] › tests/browser/acceptance.spec.ts:28:1 › rendered modes, connected exploded paths, interior and bounded resources (6.4s)
  ✓  18 [firefox] › tests/browser/acceptance.spec.ts:137:1 › presets, engineering controls, validation and fresh-context sharing (5.6s)
  ✓  19 [firefox] › tests/browser/acceptance.spec.ts:215:1 › mobile controls, contextual inspection and explicit WebGL fallback (7.2s)
  ✓  20 [firefox] › tests/browser/acceptance.spec.ts:279:1 › demo runs through real state, cancels, restores and restarts; keyboard dialog access (38.4s)
  ✓  21 [firefox] › tests/browser/twin.spec.ts:49:1 › specific pump failure propagates to flow, clock, thermal state, restoration and numerical replay (1.5s)
  ✓  22 [firefox] › tests/browser/twin.spec.ts:85:1 › standby transfer is an actual selected-component state transition (1.1s)
  ✓  23 [firefox] › tests/browser/twin.spec.ts:98:1 › clock pause and speed are independent of design resets and validated controls (3.9s)
  ✓  24 [firefox] › tests/browser/twin.spec.ts:114:1 › seek backward and forward restores exact event-boundary numerical results (1.8s)
  ✓  25 [firefox] › tests/browser/twin.spec.ts:144:1 › cancel run retains completed state and superseding work rejects stale updates (2.8s)
  ✓  26 [firefox] › tests/browser/twin.spec.ts:171:3 › reduced-motion touch acceptance › touch waypoints and keyboard exit preserve exact selected asset and physical state (3.9s)
  ✓  27 [firefox] › tests/browser/twin.spec.ts:198:1 › comparison renders two computed 240-second runs and exports identical disturbance histories (1.4s)
  ✓  28 [firefox] › tests/browser/twin.spec.ts:215:1 › project exports and imports replay numerical state, with invalid mappings rejected visibly (1.2s)
  ✓  29 [firefox] › tests/browser/twin.spec.ts:230:1 › mobile keyboard and explicit fallback retain asset inspection, operation and exports (966ms)
  ✓  30 [firefox] › tests/browser/twin.spec.ts:243:1 › context cameras, keyboard interior, distinct families and bounded large-scene diagnostics (10.0s)
  ✓  31 [firefox] › tests/browser/twin.spec.ts:285:1 › legacy saved scenario links retain the explicit aggregate model (1.1s)
  ✓  32 [firefox] › tests/browser/visual.spec.ts:3:1 › capture the first coherent 3D slice (4.4s)
(node:3836) Warning: The 'NO_COLOR' env is ignored due to the 'FORCE_COLOR' env being set.
(Use `node --trace-warnings ...` to show where the warning was created)
  ✓  33 [webkit] › tests/browser/acceptance.spec.ts:28:1 › rendered modes, connected exploded paths, interior and bounded resources (7.7s)
  ✓  34 [webkit] › tests/browser/acceptance.spec.ts:137:1 › presets, engineering controls, validation and fresh-context sharing (6.2s)
  ✓  35 [webkit] › tests/browser/acceptance.spec.ts:215:1 › mobile controls, contextual inspection and explicit WebGL fallback (7.4s)
  ✓  36 [webkit] › tests/browser/acceptance.spec.ts:279:1 › demo runs through real state, cancels, restores and restarts; keyboard dialog access (38.7s)
  ✓  37 [webkit] › tests/browser/twin.spec.ts:49:1 › specific pump failure propagates to flow, clock, thermal state, restoration and numerical replay (2.0s)
  ✓  38 [webkit] › tests/browser/twin.spec.ts:85:1 › standby transfer is an actual selected-component state transition (1.6s)
  ✓  39 [webkit] › tests/browser/twin.spec.ts:98:1 › clock pause and speed are independent of design resets and validated controls (4.3s)
  ✓  40 [webkit] › tests/browser/twin.spec.ts:114:1 › seek backward and forward restores exact event-boundary numerical results (2.3s)
  ✓  41 [webkit] › tests/browser/twin.spec.ts:144:1 › cancel run retains completed state and superseding work rejects stale updates (3.1s)
  ✓  42 [webkit] › tests/browser/twin.spec.ts:171:3 › reduced-motion touch acceptance › touch waypoints and keyboard exit preserve exact selected asset and physical state (3.4s)
  ✓  43 [webkit] › tests/browser/twin.spec.ts:198:1 › comparison renders two computed 240-second runs and exports identical disturbance histories (1.8s)
  ✓  44 [webkit] › tests/browser/twin.spec.ts:215:1 › project exports and imports replay numerical state, with invalid mappings rejected visibly (1.7s)
  ✓  45 [webkit] › tests/browser/twin.spec.ts:230:1 › mobile keyboard and explicit fallback retain asset inspection, operation and exports (1.2s)
  ✓  46 [webkit] › tests/browser/twin.spec.ts:243:1 › context cameras, keyboard interior, distinct families and bounded large-scene diagnostics (11.4s)
  ✓  47 [webkit] › tests/browser/twin.spec.ts:285:1 › legacy saved scenario links retain the explicit aggregate model (1.4s)
  ✓  48 [webkit] › tests/browser/visual.spec.ts:3:1 › capture the first coherent 3D slice (6.0s)

  48 passed (5.0m)
