
> neptune@2.0.0-rc.1 dev
> vite --host 127.0.0.1 --strictPort


  VITE v8.2.2  ready in 95 ms

  ➜  Local:   http://127.0.0.1:5173/
11:41:33 AM [vite] (client) [console.warn] THREE.Clock: This module has been deprecated. Please use THREE.Timer instead.
11:41:39 AM [vite] (client) [console.warn] THREE.Clock: This module has been deprecated. Please use THREE.Timer instead.
11:41:40 AM [vite] (client) [console.warn] THREE.WebGLShadowMap: PCFSoftShadowMap has been removed. Using PCFShadowMap instead.
11:41:40 AM [vite] (client) [console.warn] THREE.WebGLShadowMap: PCFSoftShadowMap has been removed. Using PCFShadowMap instead.
11:41:42 AM [vite] (client) [console.warn] THREE.WebGLShadowMap: PCFSoftShadowMap has been removed. Using PCFShadowMap instead.
11:41:42 AM [vite] (client) [console.warn] THREE.WebGLShadowMap: PCFSoftShadowMap has been removed. Using PCFShadowMap instead.
11:41:42 AM [vite] (client) [console.warn] THREE.WebGLShadowMap: PCFSoftShadowMap has been removed. Using PCFShadowMap instead.
11:41:43 AM [vite] (client) [console.warn] THREE.WebGLShadowMap: PCFSoftShadowMap has been removed. Using PCFShadowMap instead.
11:41:43 AM [vite] (client) [console.warn] THREE.WebGLShadowMap: PCFSoftShadowMap has been removed. Using PCFShadowMap instead.
11:41:44 AM [vite] (client) [console.warn] THREE.WebGLShadowMap: PCFSoftShadowMap has been removed. Using PCFShadowMap instead.
11:41:44 AM [vite] (client) [console.warn] THREE.WebGLShadowMap: PCFSoftShadowMap has been removed. Using PCFShadowMap instead.
11:41:44 AM [vite] (client) [console.warn] THREE.WebGLShadowMap: PCFSoftShadowMap has been removed. Using PCFShadowMap instead.
11:41:44 AM [vite] (client) [console.warn] THREE.WebGLShadowMap: PCFSoftShadowMap has been removed. Using PCFShadowMap instead.
11:41:44 AM [vite] (client) [console.warn] THREE.WebGLShadowMap: PCFSoftShadowMap has been removed. Using PCFShadowMap instead.
11:41:44 AM [vite] (client) [console.warn] THREE.WebGLShadowMap: PCFSoftShadowMap has been removed. Using PCFShadowMap instead.
11:41:44 AM [vite] (client) [console.warn] THREE.WebGLShadowMap: PCFSoftShadowMap has been removed. Using PCFShadowMap instead.
11:41:44 AM [vite] (client) [console.warn] THREE.WebGLShadowMap: PCFSoftShadowMap has been removed. Using PCFShadowMap instead.
11:41:44 AM [vite] (client) [console.warn] THREE.WebGLShadowMap: PCFSoftShadowMap has been removed. Using PCFShadowMap instead.
11:41:45 AM [vite] (client) [console.warn] THREE.WebGLShadowMap: PCFSoftShadowMap has been removed. Using PCFShadowMap instead.
11:41:45 AM [vite] (client) [console.warn] THREE.WebGLShadowMap: PCFSoftShadowMap has been removed. Using PCFShadowMap instead.
11:41:45 AM [vite] (client) [console.warn] THREE.WebGLShadowMap: PCFSoftShadowMap has been removed. Using PCFShadowMap instead.
11:41:45 AM [vite] (client) [console.warn] THREE.WebGLShadowMap: PCFSoftShadowMap has been removed. Using PCFShadowMap instead.
11:41:46 AM [vite] (client) [console.warn] THREE.WebGLShadowMap: PCFSoftShadowMap has been removed. Using PCFShadowMap instead.
11:41:47 AM [vite] (client) [console.warn] THREE.Clock: This module has been deprecated. Please use THREE.Timer instead.
11:41:47 AM [vite] (client) [console.warn] THREE.WebGLShadowMap: PCFSoftShadowMap has been removed. Using PCFShadowMap instead.
11:41:47 AM [vite] (client) [console.warn] THREE.WebGLShadowMap: PCFSoftShadowMap has been removed. Using PCFShadowMap instead.
11:41:49 AM [vite] (client) [console.warn] THREE.WebGLShadowMap: PCFSoftShadowMap has been removed. Using PCFShadowMap instead.
11:41:50 AM [vite] (client) [console.warn] THREE.WebGLShadowMap: PCFSoftShadowMap has been removed. Using PCFShadowMap instead.
11:41:50 AM [vite] (client) [console.warn] THREE.WebGLShadowMap: PCFSoftShadowMap has been removed. Using PCFShadowMap instead.
11:41:50 AM [vite] (client) [console.warn] THREE.WebGLShadowMap: PCFSoftShadowMap has been removed. Using PCFShadowMap instead.
11:41:50 AM [vite] (client) [console.warn] THREE.WebGLShadowMap: PCFSoftShadowMap has been removed. Using PCFShadowMap instead.
11:41:51 AM [vite] (client) [console.warn] THREE.WebGLShadowMap: PCFSoftShadowMap has been removed. Using PCFShadowMap instead.
11:41:52 AM [vite] (client) [console.warn] THREE.Clock: This module has been deprecated. Please use THREE.Timer instead.
11:41:52 AM [vite] (client) [console.warn] THREE.WebGLShadowMap: PCFSoftShadowMap has been removed. Using PCFShadowMap instead.
11:41:52 AM [vite] (client) [console.warn] THREE.WebGLShadowMap: PCFSoftShadowMap has been removed. Using PCFShadowMap instead.
11:41:52 AM [vite] (client) [console.warn] THREE.Clock: This module has been deprecated. Please use THREE.Timer instead.
11:41:52 AM [vite] (client) [console.warn] THREE.WebGLShadowMap: PCFSoftShadowMap has been removed. Using PCFShadowMap instead.
11:41:52 AM [vite] (client) [console.warn] THREE.WebGLShadowMap: PCFSoftShadowMap has been removed. Using PCFShadowMap instead.
11:41:53 AM [vite] (client) [console.warn] THREE.Clock: This module has been deprecated. Please use THREE.Timer instead.
11:41:53 AM [vite] (client) [console.warn] THREE.WebGLShadowMap: PCFSoftShadowMap has been removed. Using PCFShadowMap instead.
11:41:54 AM [vite] (client) [console.warn] THREE.WebGLShadowMap: PCFSoftShadowMap has been removed. Using PCFShadowMap instead.
11:41:55 AM [vite] (client) [console.warn] THREE.WebGLShadowMap: PCFSoftShadowMap has been removed. Using PCFShadowMap instead.
11:41:55 AM [vite] (client) [console.warn] THREE.WebGLShadowMap: PCFSoftShadowMap has been removed. Using PCFShadowMap instead.
11:41:55 AM [vite] (client) [console.warn] THREE.WebGLShadowMap: PCFSoftShadowMap has been removed. Using PCFShadowMap instead.
11:41:56 AM [vite] (client) [console.warn] THREE.WebGLShadowMap: PCFSoftShadowMap has been removed. Using PCFShadowMap instead.
11:41:56 AM [vite] (client) [console.warn] THREE.WebGLShadowMap: PCFSoftShadowMap has been removed. Using PCFShadowMap instead.
11:41:56 AM [vite] (client) [console.warn] THREE.WebGLShadowMap: PCFSoftShadowMap has been removed. Using PCFShadowMap instead.
11:41:57 AM [vite] (client) [console.warn] THREE.Clock: This module has been deprecated. Please use THREE.Timer instead.
11:41:57 AM [vite] (client) [console.warn] THREE.WebGLShadowMap: PCFSoftShadowMap has been removed. Using PCFShadowMap instead.
11:41:59 AM [vite] (client) [console.warn] THREE.WebGLShadowMap: PCFSoftShadowMap has been removed. Using PCFShadowMap instead.
11:41:59 AM [vite] (client) [console.warn] THREE.WebGLShadowMap: PCFSoftShadowMap has been removed. Using PCFShadowMap instead.
11:42:01 AM [vite] (client) [console.warn] THREE.Clock: This module has been deprecated. Please use THREE.Timer instead.
11:42:01 AM [vite] (client) [console.warn] THREE.WebGLShadowMap: PCFSoftShadowMap has been removed. Using PCFShadowMap instead.
11:42:01 AM [vite] (client) [console.warn] THREE.WebGLShadowMap: PCFSoftShadowMap has been removed. Using PCFShadowMap instead.
11:42:03 AM [vite] (client) [console.warn] THREE.WebGLShadowMap: PCFSoftShadowMap has been removed. Using PCFShadowMap instead.
11:42:08 AM [vite] (client) [console.warn] THREE.WebGLShadowMap: PCFSoftShadowMap has been removed. Using PCFShadowMap instead.
11:42:09 AM [vite] (client) [console.warn] THREE.WebGLShadowMap: PCFSoftShadowMap has been removed. Using PCFShadowMap instead.
11:42:09 AM [vite] (client) [console.warn] THREE.WebGLShadowMap: PCFSoftShadowMap has been removed. Using PCFShadowMap instead.
11:42:09 AM [vite] (client) [console.warn] THREE.WebGLShadowMap: PCFSoftShadowMap has been removed. Using PCFShadowMap instead.
11:42:09 AM [vite] (client) [console.warn] THREE.WebGLShadowMap: PCFSoftShadowMap has been removed. Using PCFShadowMap instead.
11:42:14 AM [vite] (client) [console.warn] THREE.WebGLShadowMap: PCFSoftShadowMap has been removed. Using PCFShadowMap instead.
11:42:19 AM [vite] (client) [console.warn] THREE.WebGLShadowMap: PCFSoftShadowMap has been removed. Using PCFShadowMap instead.
11:42:24 AM [vite] (client) [console.warn] THREE.WebGLShadowMap: PCFSoftShadowMap has been removed. Using PCFShadowMap instead.
11:42:29 AM [vite] (client) [console.warn] THREE.WebGLShadowMap: PCFSoftShadowMap has been removed. Using PCFShadowMap instead.
11:42:35 AM [vite] (client) [console.warn] THREE.WebGLShadowMap: PCFSoftShadowMap has been removed. Using PCFShadowMap instead.
11:42:39 AM [vite] (client) [console.warn] THREE.WebGLShadowMap: PCFSoftShadowMap has been removed. Using PCFShadowMap instead.
11:42:39 AM [vite] (client) [console.warn] THREE.WebGLShadowMap: PCFSoftShadowMap has been removed. Using PCFShadowMap instead.
11:42:39 AM [vite] (client) [console.warn] THREE.WebGLShadowMap: PCFSoftShadowMap has been removed. Using PCFShadowMap instead.
11:43:00 AM [vite] (client) [console.warn] THREE.Clock: This module has been deprecated. Please use THREE.Timer instead.
11:43:02 AM [vite] (client) [console.warn] THREE.Clock: This module has been deprecated. Please use THREE.Timer instead.
11:43:04 AM [vite] (client) [console.warn] THREE.Clock: This module has been deprecated. Please use THREE.Timer instead.
11:43:07 AM [vite] (client) [console.warn] THREE.Clock: This module has been deprecated. Please use THREE.Timer instead.
11:43:08 AM [vite] (client) [console.warn] THREE.Clock: This module has been deprecated. Please use THREE.Timer instead.
11:43:11 AM [vite] (client) [console.warn] THREE.Clock: This module has been deprecated. Please use THREE.Timer instead.
11:43:14 AM [vite] (client) [console.warn] THREE.Clock: This module has been deprecated. Please use THREE.Timer instead.
11:43:17 AM [vite] (client) [console.warn] THREE.Clock: This module has been deprecated. Please use THREE.Timer instead.
11:43:18 AM [vite] (client) [console.warn] THREE.Clock: This module has been deprecated. Please use THREE.Timer instead.
11:43:18 AM [vite] (client) [console.warn] THREE.Clock: This module has been deprecated. Please use THREE.Timer instead.
11:43:20 AM [vite] (client) [console.warn] THREE.Clock: This module has been deprecated. Please use THREE.Timer instead.
11:43:23 AM [vite] (client) [console.warn] THREE.Clock: This module has been deprecated. Please use THREE.Timer instead.
11:43:27 AM [vite] (client) [console.warn] THREE.Clock: This module has been deprecated. Please use THREE.Timer instead.
11:43:32 AM [vite] (client) [console.warn] THREE.Clock: This module has been deprecated. Please use THREE.Timer instead.
11:43:38 AM [vite] (client) [console.warn] THREE.Clock: This module has been deprecated. Please use THREE.Timer instead.
11:43:38 AM [vite] (client) [console.warn] THREE.WebGLShadowMap: PCFSoftShadowMap has been removed. Using PCFShadowMap instead.
11:43:38 AM [vite] (client) [console.warn] THREE.WebGLShadowMap: PCFSoftShadowMap has been removed. Using PCFShadowMap instead.
11:43:38 AM [vite] (client) [console.warn] THREE.WebGLShadowMap: PCFSoftShadowMap has been removed. Using PCFShadowMap instead.
11:43:39 AM [vite] (client) [console.warn] THREE.Clock: This module has been deprecated. Please use THREE.Timer instead.
11:43:39 AM [vite] (client) [console.warn] THREE.WebGLShadowMap: PCFSoftShadowMap has been removed. Using PCFShadowMap instead.
11:43:40 AM [vite] (client) [console.warn] THREE.Clock: This module has been deprecated. Please use THREE.Timer instead.
11:43:40 AM [vite] (client) [console.warn] THREE.WebGLShadowMap: PCFSoftShadowMap has been removed. Using PCFShadowMap instead.
11:43:40 AM [vite] (client) [console.warn] THREE.WebGLShadowMap: PCFSoftShadowMap has been removed. Using PCFShadowMap instead.
11:43:42 AM [vite] (client) [console.warn] THREE.WebGLShadowMap: PCFSoftShadowMap has been removed. Using PCFShadowMap instead.
11:43:47 AM [vite] (client) [console.warn] THREE.Clock: This module has been deprecated. Please use THREE.Timer instead.
11:43:47 AM [vite] (client) [console.warn] THREE.WebGLShadowMap: PCFSoftShadowMap has been removed. Using PCFShadowMap instead.
11:43:47 AM [vite] (client) [console.warn] THREE.WebGLShadowMap: PCFSoftShadowMap has been removed. Using PCFShadowMap instead.
11:43:49 AM [vite] (client) [console.warn] THREE.WebGLShadowMap: PCFSoftShadowMap has been removed. Using PCFShadowMap instead.
11:43:49 AM [vite] (client) [console.warn] THREE.WebGLShadowMap: PCFSoftShadowMap has been removed. Using PCFShadowMap instead.
11:43:49 AM [vite] (client) [console.warn] THREE.WebGLShadowMap: PCFSoftShadowMap has been removed. Using PCFShadowMap instead.
11:43:50 AM [vite] (client) [console.warn] THREE.WebGLShadowMap: PCFSoftShadowMap has been removed. Using PCFShadowMap instead.
11:43:50 AM [vite] (client) [console.warn] THREE.WebGLShadowMap: PCFSoftShadowMap has been removed. Using PCFShadowMap instead.
11:43:50 AM [vite] (client) [console.warn] THREE.WebGLShadowMap: PCFSoftShadowMap has been removed. Using PCFShadowMap instead.
11:43:50 AM [vite] (client) [console.warn] THREE.WebGLShadowMap: PCFSoftShadowMap has been removed. Using PCFShadowMap instead.
11:43:50 AM [vite] (client) [console.warn] THREE.WebGLShadowMap: PCFSoftShadowMap has been removed. Using PCFShadowMap instead.
11:43:51 AM [vite] (client) [console.warn] THREE.WebGLShadowMap: PCFSoftShadowMap has been removed. Using PCFShadowMap instead.
11:43:51 AM [vite] (client) [console.warn] THREE.WebGLShadowMap: PCFSoftShadowMap has been removed. Using PCFShadowMap instead.
11:43:51 AM [vite] (client) [console.warn] THREE.WebGLShadowMap: PCFSoftShadowMap has been removed. Using PCFShadowMap instead.
11:43:51 AM [vite] (client) [console.warn] THREE.WebGLShadowMap: PCFSoftShadowMap has been removed. Using PCFShadowMap instead.
11:43:51 AM [vite] (client) [console.warn] THREE.WebGLShadowMap: PCFSoftShadowMap has been removed. Using PCFShadowMap instead.
11:43:51 AM [vite] (client) [console.warn] THREE.WebGLShadowMap: PCFSoftShadowMap has been removed. Using PCFShadowMap instead.
11:43:51 AM [vite] (client) [console.warn] THREE.WebGLShadowMap: PCFSoftShadowMap has been removed. Using PCFShadowMap instead.
11:43:52 AM [vite] (client) [console.warn] THREE.WebGLShadowMap: PCFSoftShadowMap has been removed. Using PCFShadowMap instead.
11:43:52 AM [vite] (client) [console.warn] THREE.WebGLShadowMap: PCFSoftShadowMap has been removed. Using PCFShadowMap instead.
11:43:52 AM [vite] (client) [console.warn] THREE.WebGLShadowMap: PCFSoftShadowMap has been removed. Using PCFShadowMap instead.
11:43:52 AM [vite] (client) [console.warn] THREE.WebGLShadowMap: PCFSoftShadowMap has been removed. Using PCFShadowMap instead.
11:43:53 AM [vite] (client) [console.warn] THREE.Clock: This module has been deprecated. Please use THREE.Timer instead.
11:43:53 AM [vite] (client) [console.warn] THREE.WebGLShadowMap: PCFSoftShadowMap has been removed. Using PCFShadowMap instead.
11:43:53 AM [vite] (client) [console.warn] THREE.WebGLShadowMap: PCFSoftShadowMap has been removed. Using PCFShadowMap instead.
11:43:55 AM [vite] (client) [console.warn] THREE.WebGLShadowMap: PCFSoftShadowMap has been removed. Using PCFShadowMap instead.
11:43:56 AM [vite] (client) [console.warn] THREE.WebGLShadowMap: PCFSoftShadowMap has been removed. Using PCFShadowMap instead.
11:43:56 AM [vite] (client) [console.warn] THREE.WebGLShadowMap: PCFSoftShadowMap has been removed. Using PCFShadowMap instead.
11:43:56 AM [vite] (client) [console.warn] THREE.WebGLShadowMap: PCFSoftShadowMap has been removed. Using PCFShadowMap instead.
11:43:56 AM [vite] (client) [console.warn] THREE.WebGLShadowMap: PCFSoftShadowMap has been removed. Using PCFShadowMap instead.
11:43:57 AM [vite] (client) [console.warn] THREE.WebGLShadowMap: PCFSoftShadowMap has been removed. Using PCFShadowMap instead.
11:43:57 AM [vite] (client) [console.warn] THREE.WebGLShadowMap: PCFSoftShadowMap has been removed. Using PCFShadowMap instead.
11:43:58 AM [vite] (client) [console.warn] THREE.Clock: This module has been deprecated. Please use THREE.Timer instead.
11:43:58 AM [vite] (client) [console.warn] THREE.WebGLShadowMap: PCFSoftShadowMap has been removed. Using PCFShadowMap instead.
11:43:58 AM [vite] (client) [console.warn] THREE.WebGLShadowMap: PCFSoftShadowMap has been removed. Using PCFShadowMap instead.
11:44:00 AM [vite] (client) [console.warn] THREE.WebGLShadowMap: PCFSoftShadowMap has been removed. Using PCFShadowMap instead.
11:44:00 AM [vite] (client) [console.warn] THREE.WebGLShadowMap: PCFSoftShadowMap has been removed. Using PCFShadowMap instead.
11:44:00 AM [vite] (client) [console.warn] THREE.WebGLShadowMap: PCFSoftShadowMap has been removed. Using PCFShadowMap instead.
11:44:00 AM [vite] (client) [console.warn] THREE.WebGLShadowMap: PCFSoftShadowMap has been removed. Using PCFShadowMap instead.
11:44:00 AM [vite] (client) [console.warn] THREE.WebGLShadowMap: PCFSoftShadowMap has been removed. Using PCFShadowMap instead.
11:44:01 AM [vite] (client) [console.warn] THREE.WebGLShadowMap: PCFSoftShadowMap has been removed. Using PCFShadowMap instead.
11:44:02 AM [vite] (client) [console.warn] THREE.Clock: This module has been deprecated. Please use THREE.Timer instead.
11:44:02 AM [vite] (client) [console.warn] THREE.WebGLShadowMap: PCFSoftShadowMap has been removed. Using PCFShadowMap instead.
11:44:02 AM [vite] (client) [console.warn] THREE.WebGLShadowMap: PCFSoftShadowMap has been removed. Using PCFShadowMap instead.
11:44:03 AM [vite] (client) [console.warn] THREE.WebGLShadowMap: PCFSoftShadowMap has been removed. Using PCFShadowMap instead.
11:44:03 AM [vite] (client) [console.warn] THREE.WebGLShadowMap: PCFSoftShadowMap has been removed. Using PCFShadowMap instead.
11:44:06 AM [vite] (client) [console.warn] THREE.Clock: This module has been deprecated. Please use THREE.Timer instead.
11:44:06 AM [vite] (client) [console.warn] THREE.WebGLShadowMap: PCFSoftShadowMap has been removed. Using PCFShadowMap instead.
11:44:06 AM [vite] (client) [console.warn] THREE.WebGLShadowMap: PCFSoftShadowMap has been removed. Using PCFShadowMap instead.
11:44:07 AM [vite] (client) [console.warn] THREE.WebGLShadowMap: PCFSoftShadowMap has been removed. Using PCFShadowMap instead.
11:44:13 AM [vite] (client) [console.warn] THREE.WebGLShadowMap: PCFSoftShadowMap has been removed. Using PCFShadowMap instead.
11:44:13 AM [vite] (client) [console.warn] THREE.WebGLShadowMap: PCFSoftShadowMap has been removed. Using PCFShadowMap instead.
11:44:13 AM [vite] (client) [console.warn] THREE.WebGLShadowMap: PCFSoftShadowMap has been removed. Using PCFShadowMap instead.
11:44:13 AM [vite] (client) [console.warn] THREE.WebGLShadowMap: PCFSoftShadowMap has been removed. Using PCFShadowMap instead.
11:44:13 AM [vite] (client) [console.warn] THREE.WebGLShadowMap: PCFSoftShadowMap has been removed. Using PCFShadowMap instead.
11:44:18 AM [vite] (client) [console.warn] THREE.WebGLShadowMap: PCFSoftShadowMap has been removed. Using PCFShadowMap instead.
11:44:23 AM [vite] (client) [console.warn] THREE.WebGLShadowMap: PCFSoftShadowMap has been removed. Using PCFShadowMap instead.
11:44:28 AM [vite] (client) [console.warn] THREE.WebGLShadowMap: PCFSoftShadowMap has been removed. Using PCFShadowMap instead.
11:44:33 AM [vite] (client) [console.warn] THREE.WebGLShadowMap: PCFSoftShadowMap has been removed. Using PCFShadowMap instead.
11:44:39 AM [vite] (client) [console.warn] THREE.WebGLShadowMap: PCFSoftShadowMap has been removed. Using PCFShadowMap instead.
11:44:43 AM [vite] (client) [console.warn] THREE.WebGLShadowMap: PCFSoftShadowMap has been removed. Using PCFShadowMap instead.
11:44:43 AM [vite] (client) [console.warn] THREE.WebGLShadowMap: PCFSoftShadowMap has been removed. Using PCFShadowMap instead.
11:44:43 AM [vite] (client) [console.warn] THREE.WebGLShadowMap: PCFSoftShadowMap has been removed. Using PCFShadowMap instead.
11:44:57 AM [vite] (client) [console.warn] THREE.Clock: This module has been deprecated. Please use THREE.Timer instead.
11:44:59 AM [vite] (client) [console.warn] THREE.Clock: This module has been deprecated. Please use THREE.Timer instead.
11:45:01 AM [vite] (client) [console.warn] THREE.Clock: This module has been deprecated. Please use THREE.Timer instead.
11:45:04 AM [vite] (client) [console.warn] THREE.Clock: This module has been deprecated. Please use THREE.Timer instead.
11:45:04 AM [vite] (client) [console.warn] THREE.Clock: This module has been deprecated. Please use THREE.Timer instead.
11:45:06 AM [vite] (client) [console.warn] THREE.Clock: This module has been deprecated. Please use THREE.Timer instead.
11:45:09 AM [vite] (client) [console.warn] THREE.Clock: This module has been deprecated. Please use THREE.Timer instead.
11:45:12 AM [vite] (client) [console.warn] THREE.Clock: This module has been deprecated. Please use THREE.Timer instead.
11:45:13 AM [vite] (client) [console.warn] THREE.Clock: This module has been deprecated. Please use THREE.Timer instead.
11:45:13 AM [vite] (client) [console.warn] THREE.Clock: This module has been deprecated. Please use THREE.Timer instead.
11:45:14 AM [vite] (client) [console.warn] THREE.Clock: This module has been deprecated. Please use THREE.Timer instead.
11:45:16 AM [vite] (client) [console.warn] THREE.Clock: This module has been deprecated. Please use THREE.Timer instead.
11:45:19 AM [vite] (client) [console.warn] THREE.Clock: This module has been deprecated. Please use THREE.Timer instead.
11:45:24 AM [vite] (client) [console.warn] THREE.Clock: This module has been deprecated. Please use THREE.Timer instead.
11:45:30 AM [vite] (client) [console.warn] THREE.Clock: This module has been deprecated. Please use THREE.Timer instead.
11:45:30 AM [vite] (client) [console.warn] THREE.WebGLShadowMap: PCFSoftShadowMap has been removed. Using PCFShadowMap instead.
11:45:30 AM [vite] (client) [console.warn] THREE.WebGLShadowMap: PCFSoftShadowMap has been removed. Using PCFShadowMap instead.
11:45:31 AM [vite] (client) [console.warn] THREE.WebGLShadowMap: PCFSoftShadowMap has been removed. Using PCFShadowMap instead.
11:45:31 AM [vite] (client) [console.warn] THREE.Clock: This module has been deprecated. Please use THREE.Timer instead.
11:45:31 AM [vite] (client) [console.warn] THREE.WebGLShadowMap: PCFSoftShadowMap has been removed. Using PCFShadowMap instead.
11:45:32 AM [vite] (client) [console.warn] THREE.WebGLShadowMap: PCFSoftShadowMap has been removed. Using PCFShadowMap instead.
11:45:33 AM [vite] (client) [console.warn] THREE.WebGLShadowMap: PCFSoftShadowMap has been removed. Using PCFShadowMap instead.
11:45:37 AM [vite] (client) [console.warn] THREE.Clock: This module has been deprecated. Please use THREE.Timer instead.
11:45:37 AM [vite] (client) [console.warn] THREE.WebGLShadowMap: PCFSoftShadowMap has been removed. Using PCFShadowMap instead.
11:45:37 AM [vite] (client) [console.warn] THREE.WebGLShadowMap: PCFSoftShadowMap has been removed. Using PCFShadowMap instead.
11:45:39 AM [vite] (client) [console.warn] THREE.WebGLShadowMap: PCFSoftShadowMap has been removed. Using PCFShadowMap instead.
11:45:39 AM [vite] (client) [console.warn] THREE.WebGLShadowMap: PCFSoftShadowMap has been removed. Using PCFShadowMap instead.
11:45:39 AM [vite] (client) [console.warn] THREE.WebGLShadowMap: PCFSoftShadowMap has been removed. Using PCFShadowMap instead.
11:45:40 AM [vite] (client) [console.warn] THREE.WebGLShadowMap: PCFSoftShadowMap has been removed. Using PCFShadowMap instead.
11:45:40 AM [vite] (client) [console.warn] THREE.WebGLShadowMap: PCFSoftShadowMap has been removed. Using PCFShadowMap instead.
11:45:41 AM [vite] (client) [console.warn] THREE.WebGLShadowMap: PCFSoftShadowMap has been removed. Using PCFShadowMap instead.
11:45:41 AM [vite] (client) [console.warn] THREE.WebGLShadowMap: PCFSoftShadowMap has been removed. Using PCFShadowMap instead.
11:45:41 AM [vite] (client) [console.warn] THREE.WebGLShadowMap: PCFSoftShadowMap has been removed. Using PCFShadowMap instead.
11:45:41 AM [vite] (client) [console.warn] THREE.WebGLShadowMap: PCFSoftShadowMap has been removed. Using PCFShadowMap instead.
11:45:41 AM [vite] (client) [console.warn] THREE.WebGLShadowMap: PCFSoftShadowMap has been removed. Using PCFShadowMap instead.
11:45:41 AM [vite] (client) [console.warn] THREE.WebGLShadowMap: PCFSoftShadowMap has been removed. Using PCFShadowMap instead.
11:45:41 AM [vite] (client) [console.warn] THREE.WebGLShadowMap: PCFSoftShadowMap has been removed. Using PCFShadowMap instead.
11:45:41 AM [vite] (client) [console.warn] THREE.WebGLShadowMap: PCFSoftShadowMap has been removed. Using PCFShadowMap instead.
11:45:42 AM [vite] (client) [console.warn] THREE.WebGLShadowMap: PCFSoftShadowMap has been removed. Using PCFShadowMap instead.
11:45:42 AM [vite] (client) [console.warn] THREE.WebGLShadowMap: PCFSoftShadowMap has been removed. Using PCFShadowMap instead.
11:45:42 AM [vite] (client) [console.warn] THREE.WebGLShadowMap: PCFSoftShadowMap has been removed. Using PCFShadowMap instead.
11:45:42 AM [vite] (client) [console.warn] THREE.WebGLShadowMap: PCFSoftShadowMap has been removed. Using PCFShadowMap instead.
11:45:42 AM [vite] (client) [console.warn] THREE.WebGLShadowMap: PCFSoftShadowMap has been removed. Using PCFShadowMap instead.
11:45:43 AM [vite] (client) [console.warn] THREE.WebGLShadowMap: PCFSoftShadowMap has been removed. Using PCFShadowMap instead.
11:45:44 AM [vite] (client) [console.warn] THREE.Clock: This module has been deprecated. Please use THREE.Timer instead.
11:45:44 AM [vite] (client) [console.warn] THREE.WebGLShadowMap: PCFSoftShadowMap has been removed. Using PCFShadowMap instead.
11:45:46 AM [vite] (client) [console.warn] THREE.WebGLShadowMap: PCFSoftShadowMap has been removed. Using PCFShadowMap instead.
11:45:48 AM [vite] (client) [console.warn] THREE.WebGLShadowMap: PCFSoftShadowMap has been removed. Using PCFShadowMap instead.
11:45:48 AM [vite] (client) [console.warn] THREE.WebGLShadowMap: PCFSoftShadowMap has been removed. Using PCFShadowMap instead.
11:45:48 AM [vite] (client) [console.warn] THREE.WebGLShadowMap: PCFSoftShadowMap has been removed. Using PCFShadowMap instead.
11:45:48 AM [vite] (client) [console.warn] THREE.WebGLShadowMap: PCFSoftShadowMap has been removed. Using PCFShadowMap instead.
11:45:48 AM [vite] (client) [console.warn] THREE.WebGLShadowMap: PCFSoftShadowMap has been removed. Using PCFShadowMap instead.
11:45:50 AM [vite] (client) [console.warn] THREE.Clock: This module has been deprecated. Please use THREE.Timer instead.
11:45:50 AM [vite] (client) [console.warn] THREE.WebGLShadowMap: PCFSoftShadowMap has been removed. Using PCFShadowMap instead.
11:45:50 AM [vite] (client) [console.warn] THREE.WebGLShadowMap: PCFSoftShadowMap has been removed. Using PCFShadowMap instead.
11:45:52 AM [vite] (client) [console.warn] THREE.WebGLShadowMap: PCFSoftShadowMap has been removed. Using PCFShadowMap instead.
11:45:52 AM [vite] (client) [console.warn] THREE.WebGLShadowMap: PCFSoftShadowMap has been removed. Using PCFShadowMap instead.
11:45:52 AM [vite] (client) [console.warn] THREE.WebGLShadowMap: PCFSoftShadowMap has been removed. Using PCFShadowMap instead.
11:45:53 AM [vite] (client) [console.warn] THREE.WebGLShadowMap: PCFSoftShadowMap has been removed. Using PCFShadowMap instead.
11:45:53 AM [vite] (client) [console.warn] THREE.WebGLShadowMap: PCFSoftShadowMap has been removed. Using PCFShadowMap instead.
11:45:53 AM [vite] (client) [console.warn] THREE.WebGLShadowMap: PCFSoftShadowMap has been removed. Using PCFShadowMap instead.
11:45:54 AM [vite] (client) [console.warn] THREE.Clock: This module has been deprecated. Please use THREE.Timer instead.
11:45:54 AM [vite] (client) [console.warn] THREE.WebGLShadowMap: PCFSoftShadowMap has been removed. Using PCFShadowMap instead.
11:45:54 AM [vite] (client) [console.warn] THREE.WebGLShadowMap: PCFSoftShadowMap has been removed. Using PCFShadowMap instead.
11:45:55 AM [vite] (client) [console.warn] THREE.WebGLShadowMap: PCFSoftShadowMap has been removed. Using PCFShadowMap instead.
11:45:56 AM [vite] (client) [console.warn] THREE.WebGLShadowMap: PCFSoftShadowMap has been removed. Using PCFShadowMap instead.
11:45:58 AM [vite] (client) [console.warn] THREE.Clock: This module has been deprecated. Please use THREE.Timer instead.
11:45:58 AM [vite] (client) [console.warn] THREE.WebGLShadowMap: PCFSoftShadowMap has been removed. Using PCFShadowMap instead.
11:45:58 AM [vite] (client) [console.warn] THREE.WebGLShadowMap: PCFSoftShadowMap has been removed. Using PCFShadowMap instead.
11:46:00 AM [vite] (client) [console.warn] THREE.WebGLShadowMap: PCFSoftShadowMap has been removed. Using PCFShadowMap instead.
11:46:05 AM [vite] (client) [console.warn] THREE.WebGLShadowMap: PCFSoftShadowMap has been removed. Using PCFShadowMap instead.
11:46:06 AM [vite] (client) [console.warn] THREE.WebGLShadowMap: PCFSoftShadowMap has been removed. Using PCFShadowMap instead.
11:46:06 AM [vite] (client) [console.warn] THREE.WebGLShadowMap: PCFSoftShadowMap has been removed. Using PCFShadowMap instead.
11:46:06 AM [vite] (client) [console.warn] THREE.WebGLShadowMap: PCFSoftShadowMap has been removed. Using PCFShadowMap instead.
11:46:06 AM [vite] (client) [console.warn] THREE.WebGLShadowMap: PCFSoftShadowMap has been removed. Using PCFShadowMap instead.
11:46:11 AM [vite] (client) [console.warn] THREE.WebGLShadowMap: PCFSoftShadowMap has been removed. Using PCFShadowMap instead.
11:46:16 AM [vite] (client) [console.warn] THREE.WebGLShadowMap: PCFSoftShadowMap has been removed. Using PCFShadowMap instead.
11:46:21 AM [vite] (client) [console.warn] THREE.WebGLShadowMap: PCFSoftShadowMap has been removed. Using PCFShadowMap instead.
11:46:26 AM [vite] (client) [console.warn] THREE.WebGLShadowMap: PCFSoftShadowMap has been removed. Using PCFShadowMap instead.
11:46:32 AM [vite] (client) [console.warn] THREE.WebGLShadowMap: PCFSoftShadowMap has been removed. Using PCFShadowMap instead.
11:46:36 AM [vite] (client) [console.warn] THREE.WebGLShadowMap: PCFSoftShadowMap has been removed. Using PCFShadowMap instead.
11:46:36 AM [vite] (client) [console.warn] THREE.WebGLShadowMap: PCFSoftShadowMap has been removed. Using PCFShadowMap instead.
11:46:36 AM [vite] (client) [console.warn] THREE.WebGLShadowMap: PCFSoftShadowMap has been removed. Using PCFShadowMap instead.
11:46:54 AM [vite] (client) [console.warn] THREE.Clock: This module has been deprecated. Please use THREE.Timer instead.
11:46:56 AM [vite] (client) [console.warn] THREE.Clock: This module has been deprecated. Please use THREE.Timer instead.
11:46:58 AM [vite] (client) [console.warn] THREE.Clock: This module has been deprecated. Please use THREE.Timer instead.
11:47:01 AM [vite] (client) [console.warn] THREE.Clock: This module has been deprecated. Please use THREE.Timer instead.
11:47:02 AM [vite] (client) [console.warn] THREE.Clock: This module has been deprecated. Please use THREE.Timer instead.
11:47:05 AM [vite] (client) [console.warn] THREE.Clock: This module has been deprecated. Please use THREE.Timer instead.
11:47:08 AM [vite] (client) [console.warn] THREE.Clock: This module has been deprecated. Please use THREE.Timer instead.
11:47:11 AM [vite] (client) [console.warn] THREE.Clock: This module has been deprecated. Please use THREE.Timer instead.
11:47:12 AM [vite] (client) [console.warn] THREE.Clock: This module has been deprecated. Please use THREE.Timer instead.
11:47:12 AM [vite] (client) [console.warn] THREE.Clock: This module has been deprecated. Please use THREE.Timer instead.
11:47:14 AM [vite] (client) [console.warn] THREE.Clock: This module has been deprecated. Please use THREE.Timer instead.
11:47:17 AM [vite] (client) [console.warn] THREE.Clock: This module has been deprecated. Please use THREE.Timer instead.
11:47:21 AM [vite] (client) [console.warn] THREE.Clock: This module has been deprecated. Please use THREE.Timer instead.
11:47:26 AM [vite] (client) [console.warn] THREE.Clock: This module has been deprecated. Please use THREE.Timer instead.
11:47:32 AM [vite] (client) [console.warn] THREE.Clock: This module has been deprecated. Please use THREE.Timer instead.
11:47:32 AM [vite] (client) [console.warn] THREE.WebGLShadowMap: PCFSoftShadowMap has been removed. Using PCFShadowMap instead.
11:47:32 AM [vite] (client) [console.warn] THREE.WebGLShadowMap: PCFSoftShadowMap has been removed. Using PCFShadowMap instead.
11:47:33 AM [vite] (client) [console.warn] THREE.WebGLShadowMap: PCFSoftShadowMap has been removed. Using PCFShadowMap instead.
11:47:34 AM [vite] (client) [console.warn] THREE.Clock: This module has been deprecated. Please use THREE.Timer instead.
11:47:34 AM [vite] (client) [console.warn] THREE.WebGLShadowMap: PCFSoftShadowMap has been removed. Using PCFShadowMap instead.
11:47:34 AM [vite] (client) [console.warn] THREE.WebGLShadowMap: PCFSoftShadowMap has been removed. Using PCFShadowMap instead.
11:47:36 AM [vite] (client) [console.warn] THREE.WebGLShadowMap: PCFSoftShadowMap has been removed. Using PCFShadowMap instead.
