
> neptune@2.0.0-rc.1 test:browser
> playwright test


Running 78 tests using 1 worker

  ✓   1 [chromium] › tests/browser/acceptance.spec.ts:28:1 › rendered modes, connected exploded paths, interior and bounded resources (17.3s)
  ✓   2 [chromium] › tests/browser/acceptance.spec.ts:137:1 › presets, engineering controls, validation and fresh-context sharing (15.7s)
  ✓   3 [chromium] › tests/browser/acceptance.spec.ts:215:1 › mobile controls, contextual inspection and explicit WebGL fallback (12.5s)
  ✓   4 [chromium] › tests/browser/acceptance.spec.ts:279:1 › demo runs through real state, cancels, restores and restarts; keyboard dialog access (43.3s)
  ✓   5 [chromium] › tests/browser/phase1.spec.ts:65:1 › PH1-REP-02 Pause remains available during an advance and delayed real worker replies cannot move its checkpoint (9.0s)
  ✓   6 [chromium] › tests/browser/phase1.spec.ts:186:1 › PH1-UI-01 saves complete checkpoints, recovers on refresh, and rejects malformed import transactionally (6.3s)
  ✓   7 [chromium] › tests/browser/phase1.spec.ts:228:1 › PH1-UI-01 quota failure preserves last durable checkpoint and allows current manual export (3.5s)
  ✓   8 [chromium] › tests/browser/phase1.spec.ts:262:1 › PH1-COMP-01 legacy inspection and explicit recalculation preserve the original identity (4.4s)
  ✓   9 [chromium] › tests/browser/phase1.spec.ts:330:1 › PH1-REP-02 replay cancellation retains a committed checkpoint and resume reaches the same target (21.0s)
  ✓  10 [chromium] › tests/browser/phase1.spec.ts:367:1 › PH1-REP-02 an actual worker error event keeps validated state and a new worker can continue (2.9s)
  ✓  11 [chromium] › tests/browser/phase1.spec.ts:407:1 › PH1-REP-02 import supersedes replay and a delivered stale worker response cannot overwrite it (4.0s)
  ✓  12 [chromium] › tests/browser/phase1.spec.ts:460:1 › PH1-UI-01 unreadable recovery is retained until an explicit clear and manual export remains available (2.5s)
  ✓  13 [chromium] › tests/browser/phase1.spec.ts:491:1 › PH1-REP-01 exact restoration and UI replay preserve a fractional integration grid (3.5s)
  ✓  14 [chromium] › tests/browser/phase1.spec.ts:519:1 › PH1-NUM-03 a stored scenario numeric overflow is rejected before JSON rewriting can turn it into null (3.6s)
  ✓  15 [chromium] › tests/browser/twin.spec.ts:50:1 › specific pump failure propagates to flow, clock, thermal state, restoration and numerical replay (6.7s)
  ✓  16 [chromium] › tests/browser/twin.spec.ts:86:1 › standby transfer is an actual selected-component state transition (5.6s)
  ✓  17 [chromium] › tests/browser/twin.spec.ts:99:1 › clock pause and speed are independent of design resets and validated controls (7.7s)
  ✓  18 [chromium] › tests/browser/twin.spec.ts:115:1 › seek backward and forward restores exact event-boundary numerical results (6.1s)
  ✘  19 [chromium] › tests/browser/twin.spec.ts:146:1 › cancel run retains completed state and superseding work rejects stale updates (18.2s)
  ✓  20 [chromium] › tests/browser/twin.spec.ts:176:3 › reduced-motion touch acceptance › touch waypoints and keyboard exit preserve exact selected asset and physical state (7.2s)
  ✓  21 [chromium] › tests/browser/twin.spec.ts:203:1 › comparison renders two computed 240-second runs and exports identical disturbance histories (5.9s)
  ✓  22 [chromium] › tests/browser/twin.spec.ts:220:1 › project exports and imports replay numerical state, with invalid mappings rejected visibly (4.3s)
  ✓  23 [chromium] › tests/browser/twin.spec.ts:235:1 › mobile keyboard and explicit fallback retain asset inspection, operation and exports (3.1s)
  ✓  24 [chromium] › tests/browser/twin.spec.ts:248:1 › context cameras, keyboard interior, distinct families and bounded large-scene diagnostics (31.1s)
  ✓  25 [chromium] › tests/browser/twin.spec.ts:290:1 › legacy saved scenario links retain the explicit aggregate model (5.0s)
  ✓  26 [chromium] › tests/browser/visual.spec.ts:3:1 › capture the first coherent 3D slice (9.5s)
  ✘  27 [firefox] › tests/browser/acceptance.spec.ts:28:1 › rendered modes, connected exploded paths, interior and bounded resources (22.4s)
  ✘  28 [firefox] › tests/browser/acceptance.spec.ts:137:1 › presets, engineering controls, validation and fresh-context sharing (1.2m)
  ✘  29 [firefox] › tests/browser/acceptance.spec.ts:215:1 › mobile controls, contextual inspection and explicit WebGL fallback (1.1m)
  ✘  30 [firefox] › tests/browser/acceptance.spec.ts:279:1 › demo runs through real state, cancels, restores and restarts; keyboard dialog access (1.1m)
  ✓  31 [firefox] › tests/browser/phase1.spec.ts:65:1 › PH1-REP-02 Pause remains available during an advance and delayed real worker replies cannot move its checkpoint (7.8s)
  ✓  32 [firefox] › tests/browser/phase1.spec.ts:186:1 › PH1-UI-01 saves complete checkpoints, recovers on refresh, and rejects malformed import transactionally (5.6s)
  ✓  33 [firefox] › tests/browser/phase1.spec.ts:228:1 › PH1-UI-01 quota failure preserves last durable checkpoint and allows current manual export (2.5s)
  ✓  34 [firefox] › tests/browser/phase1.spec.ts:262:1 › PH1-COMP-01 legacy inspection and explicit recalculation preserve the original identity (5.7s)
  ✓  35 [firefox] › tests/browser/phase1.spec.ts:330:1 › PH1-REP-02 replay cancellation retains a committed checkpoint and resume reaches the same target (23.2s)
  ✓  36 [firefox] › tests/browser/phase1.spec.ts:367:1 › PH1-REP-02 an actual worker error event keeps validated state and a new worker can continue (2.8s)
  ✓  37 [firefox] › tests/browser/phase1.spec.ts:407:1 › PH1-REP-02 import supersedes replay and a delivered stale worker response cannot overwrite it (3.5s)
  ✓  38 [firefox] › tests/browser/phase1.spec.ts:460:1 › PH1-UI-01 unreadable recovery is retained until an explicit clear and manual export remains available (2.1s)
  ✓  39 [firefox] › tests/browser/phase1.spec.ts:491:1 › PH1-REP-01 exact restoration and UI replay preserve a fractional integration grid (2.8s)
  ✓  40 [firefox] › tests/browser/phase1.spec.ts:519:1 › PH1-NUM-03 a stored scenario numeric overflow is rejected before JSON rewriting can turn it into null (3.0s)
  ✘  41 [firefox] › tests/browser/twin.spec.ts:50:1 › specific pump failure propagates to flow, clock, thermal state, restoration and numerical replay (1.1m)
  ✓  42 [firefox] › tests/browser/twin.spec.ts:86:1 › standby transfer is an actual selected-component state transition (42.2s)
  ✓  43 [firefox] › tests/browser/twin.spec.ts:99:1 › clock pause and speed are independent of design resets and validated controls (16.6s)
  ✓  44 [firefox] › tests/browser/twin.spec.ts:115:1 › seek backward and forward restores exact event-boundary numerical results (26.3s)
  ✓  45 [firefox] › tests/browser/twin.spec.ts:146:1 › cancel run retains completed state and superseding work rejects stale updates (30.2s)
  ✘  46 [firefox] › tests/browser/twin.spec.ts:176:3 › reduced-motion touch acceptance › touch waypoints and keyboard exit preserve exact selected asset and physical state (16.6s)
  ✓  47 [firefox] › tests/browser/twin.spec.ts:203:1 › comparison renders two computed 240-second runs and exports identical disturbance histories (58.3s)
  ✓  48 [firefox] › tests/browser/twin.spec.ts:220:1 › project exports and imports replay numerical state, with invalid mappings rejected visibly (23.9s)
  ✓  49 [firefox] › tests/browser/twin.spec.ts:235:1 › mobile keyboard and explicit fallback retain asset inspection, operation and exports (3.5s)
  ✘  50 [firefox] › tests/browser/twin.spec.ts:248:1 › context cameras, keyboard interior, distinct families and bounded large-scene diagnostics (1.2m)
  ✓  51 [firefox] › tests/browser/twin.spec.ts:290:1 › legacy saved scenario links retain the explicit aggregate model (29.4s)
  ✘  52 [firefox] › tests/browser/visual.spec.ts:3:1 › capture the first coherent 3D slice (1.1m)
  ✓  53 [webkit] › tests/browser/acceptance.spec.ts:28:1 › rendered modes, connected exploded paths, interior and bounded resources (18.9s)
  ✓  54 [webkit] › tests/browser/acceptance.spec.ts:137:1 › presets, engineering controls, validation and fresh-context sharing (13.8s)
  ✓  55 [webkit] › tests/browser/acceptance.spec.ts:215:1 › mobile controls, contextual inspection and explicit WebGL fallback (9.5s)
  ✓  56 [webkit] › tests/browser/acceptance.spec.ts:279:1 › demo runs through real state, cancels, restores and restarts; keyboard dialog access (40.6s)
  ✓  57 [webkit] › tests/browser/phase1.spec.ts:65:1 › PH1-REP-02 Pause remains available during an advance and delayed real worker replies cannot move its checkpoint (6.9s)
  ✓  58 [webkit] › tests/browser/phase1.spec.ts:186:1 › PH1-UI-01 saves complete checkpoints, recovers on refresh, and rejects malformed import transactionally (5.0s)
  ✓  59 [webkit] › tests/browser/phase1.spec.ts:228:1 › PH1-UI-01 quota failure preserves last durable checkpoint and allows current manual export (2.3s)
  ✓  60 [webkit] › tests/browser/phase1.spec.ts:262:1 › PH1-COMP-01 legacy inspection and explicit recalculation preserve the original identity (3.3s)
  ✓  61 [webkit] › tests/browser/phase1.spec.ts:330:1 › PH1-REP-02 replay cancellation retains a committed checkpoint and resume reaches the same target (9.6s)
  ✓  62 [webkit] › tests/browser/phase1.spec.ts:367:1 › PH1-REP-02 an actual worker error event keeps validated state and a new worker can continue (2.6s)
  ✓  63 [webkit] › tests/browser/phase1.spec.ts:407:1 › PH1-REP-02 import supersedes replay and a delivered stale worker response cannot overwrite it (3.0s)
  ✓  64 [webkit] › tests/browser/phase1.spec.ts:460:1 › PH1-UI-01 unreadable recovery is retained until an explicit clear and manual export remains available (2.5s)
  ✓  65 [webkit] › tests/browser/phase1.spec.ts:491:1 › PH1-REP-01 exact restoration and UI replay preserve a fractional integration grid (2.8s)
  ✓  66 [webkit] › tests/browser/phase1.spec.ts:519:1 › PH1-NUM-03 a stored scenario numeric overflow is rejected before JSON rewriting can turn it into null (3.3s)
  ✓  67 [webkit] › tests/browser/twin.spec.ts:50:1 › specific pump failure propagates to flow, clock, thermal state, restoration and numerical replay (5.8s)
  ✓  68 [webkit] › tests/browser/twin.spec.ts:86:1 › standby transfer is an actual selected-component state transition (4.0s)
  ✓  69 [webkit] › tests/browser/twin.spec.ts:99:1 › clock pause and speed are independent of design resets and validated controls (6.7s)
  ✓  70 [webkit] › tests/browser/twin.spec.ts:115:1 › seek backward and forward restores exact event-boundary numerical results (7.9s)
  ✓  71 [webkit] › tests/browser/twin.spec.ts:146:1 › cancel run retains completed state and superseding work rejects stale updates (6.9s)
  ✓  72 [webkit] › tests/browser/twin.spec.ts:176:3 › reduced-motion touch acceptance › touch waypoints and keyboard exit preserve exact selected asset and physical state (5.9s)
  ✓  73 [webkit] › tests/browser/twin.spec.ts:203:1 › comparison renders two computed 240-second runs and exports identical disturbance histories (6.6s)
  ✓  74 [webkit] › tests/browser/twin.spec.ts:220:1 › project exports and imports replay numerical state, with invalid mappings rejected visibly (5.4s)
  ✓  75 [webkit] › tests/browser/twin.spec.ts:235:1 › mobile keyboard and explicit fallback retain asset inspection, operation and exports (3.2s)
  ✓  76 [webkit] › tests/browser/twin.spec.ts:248:1 › context cameras, keyboard interior, distinct families and bounded large-scene diagnostics (33.5s)
  ✓  77 [webkit] › tests/browser/twin.spec.ts:290:1 › legacy saved scenario links retain the explicit aggregate model (7.0s)
  ✓  78 [webkit] › tests/browser/visual.spec.ts:3:1 › capture the first coherent 3D slice (8.7s)


  1) [chromium] › tests/browser/twin.spec.ts:146:1 › cancel run retains completed state and superseding work rejects stale updates 

    Error: expect(locator).toHaveAttribute(expected) failed

    Locator:  locator('main.twin-app')
    Expected: "20"
    Received: "110"
    Timeout:  12000ms

    Call log:
      - Expect "toHaveAttribute" locator('main.twin-app') with timeout 12000ms
      - waiting for locator('main.twin-app')
        27 × locator resolved to <main data-time="110" class="twin-app" data-ready="true" data-scene-ready="true" data-workspace="Explore" data-selected="platform-001/module-01/pump-duty">…</main>
           - unexpected value "110"


      163 |   await step(page,10);const newer=await exportArtifact(page,'results');
      164 |   await expect(page.locator('.twin-notice')).not.toContainText('Run cancelled');
    > 165 |   await page.waitForTimeout(1200);await expect(main(page)).toHaveAttribute('data-time',String(retained+10));
          |                                                            ^
      166 |   expect(await exportArtifact(page,'results')).toBe(newer);
      167 |   await page.getByRole('spinbutton',{name:'Replay time in seconds',exact:true}).fill('20');
      168 |   await page.getByRole('button',{name:'Seek time',exact:true}).click();
        at <verified-checkout>/tests/browser/twin.spec.ts:165:60

    attachment #1: screenshot (image/png) ──────────────────────────────────────────────────────────
    test-results/twin-cancel-run-retains-co-7b95d--work-rejects-stale-updates-chromium/test-failed-1.png
    ────────────────────────────────────────────────────────────────────────────────────────────────

    Error Context: test-results/twin-cancel-run-retains-co-7b95d--work-rejects-stale-updates-chromium/error-context.md

    attachment #3: trace (application/zip) ─────────────────────────────────────────────────────────
    test-results/twin-cancel-run-retains-co-7b95d--work-rejects-stale-updates-chromium/trace.zip
    Usage:

        npx playwright show-trace test-results/twin-cancel-run-retains-co-7b95d--work-rejects-stale-updates-chromium/trace.zip

    ────────────────────────────────────────────────────────────────────────────────────────────────

  2) [firefox] › tests/browser/acceptance.spec.ts:28:1 › rendered modes, connected exploded paths, interior and bounded resources 

    Error: expect(locator).toHaveAttribute(expected) failed

    Locator:  locator('main')
    Expected: "true"
    Received: "false"
    Timeout:  12000ms

    Call log:
      - Expect "toHaveAttribute" locator('main') with timeout 12000ms
      - waiting for locator('main')


       5 | async function load(page: Page) {
       6 |   await page.goto('./?legacy=1');
    >  7 |   await expect(root(page)).toHaveAttribute('data-ready', 'true');
         |                            ^
       8 |   await expect(page.locator('canvas')).toBeVisible();
       9 |   await page.waitForTimeout(1600);
      10 | }
        at load (<verified-checkout>/tests/browser/acceptance.spec.ts:7:28)
        at <verified-checkout>/tests/browser/acceptance.spec.ts:37:3

    Error Context: test-results/acceptance-rendered-modes--2ead5-erior-and-bounded-resources-firefox/error-context.md

    attachment #2: trace (application/zip) ─────────────────────────────────────────────────────────
    test-results/acceptance-rendered-modes--2ead5-erior-and-bounded-resources-firefox/trace.zip
    Usage:

        npx playwright show-trace test-results/acceptance-rendered-modes--2ead5-erior-and-bounded-resources-firefox/trace.zip

    ────────────────────────────────────────────────────────────────────────────────────────────────

  3) [firefox] › tests/browser/acceptance.spec.ts:137:1 › presets, engineering controls, validation and fresh-context sharing 

    Test timeout of 60000ms exceeded.

    Error: locator.click: Test timeout of 60000ms exceeded.

      149 |     await imageDifference(initial, await page.locator('canvas').screenshot()),
      150 |   ).toBeGreaterThan(0.025);
    > 151 |   await page.getByRole('button', { name: 'NEPTUNE I 2026' }).click();
          |                                                              ^
      152 |   await expect(page.getByTestId('module-total')).toHaveText('04');
      153 |   const input = page.getByRole('spinbutton', {
      154 |     name: 'Accelerators',
        at <verified-checkout>/tests/browser/acceptance.spec.ts:151:62

    Error Context: test-results/acceptance-presets-enginee-76e84-n-and-fresh-context-sharing-firefox/error-context.md

    attachment #2: trace (application/zip) ─────────────────────────────────────────────────────────
    test-results/acceptance-presets-enginee-76e84-n-and-fresh-context-sharing-firefox/trace.zip
    Usage:

        npx playwright show-trace test-results/acceptance-presets-enginee-76e84-n-and-fresh-context-sharing-firefox/trace.zip

    ────────────────────────────────────────────────────────────────────────────────────────────────

  4) [firefox] › tests/browser/acceptance.spec.ts:215:1 › mobile controls, contextual inspection and explicit WebGL fallback 

    Error: expect(received).toBeGreaterThan(expected)

    Expected: > 900
    Received:   570

    Call Log:
    - Test timeout of 60000ms exceeded

      272 |   await expect
      273 |     .poll(async () => (await page.locator('canvas').boundingBox())!.height)
    > 274 |     .toBeGreaterThan(900);
          |      ^
      275 |   await page.waitForTimeout(1500);
      276 |   await capture(page, `${info.project.name}-portrait`);
      277 | });
        at <verified-checkout>/tests/browser/acceptance.spec.ts:274:6

    Error Context: test-results/acceptance-mobile-controls-e31fc-and-explicit-WebGL-fallback-firefox/error-context.md

    attachment #2: trace (application/zip) ─────────────────────────────────────────────────────────
    test-results/acceptance-mobile-controls-e31fc-and-explicit-WebGL-fallback-firefox/trace.zip
    Usage:

        npx playwright show-trace test-results/acceptance-mobile-controls-e31fc-and-explicit-WebGL-fallback-firefox/trace.zip

    ────────────────────────────────────────────────────────────────────────────────────────────────

  5) [firefox] › tests/browser/acceptance.spec.ts:279:1 › demo runs through real state, cancels, restores and restarts; keyboard dialog access 

    Test timeout of 60000ms exceeded.

    Error: mouse.click: Test timeout of 60000ms exceeded.

      293 |   await page.getByRole('button', { name: 'Play demo', exact: true }).click();
      294 |   const b = (await page.locator('canvas').boundingBox())!;
    > 295 |   await page.mouse.click(b.x + 20, b.y + 100);
          |                    ^
      296 |   await expect(root(page)).toHaveAttribute('data-demo', 'false');
      297 |   await page.getByRole('button', { name: 'Play demo', exact: true }).click();
      298 |   await expect(page.getByText('Two circuits. One heat exchange.')).toBeVisible({
        at <verified-checkout>/tests/browser/acceptance.spec.ts:295:20

    attachment #1: screenshot (image/png) ──────────────────────────────────────────────────────────
    test-results/acceptance-demo-runs-throu-0fa6d-arts-keyboard-dialog-access-firefox/test-failed-1.png
    ────────────────────────────────────────────────────────────────────────────────────────────────

    Error Context: test-results/acceptance-demo-runs-throu-0fa6d-arts-keyboard-dialog-access-firefox/error-context.md

    attachment #3: trace (application/zip) ─────────────────────────────────────────────────────────
    test-results/acceptance-demo-runs-throu-0fa6d-arts-keyboard-dialog-access-firefox/trace.zip
    Usage:

        npx playwright show-trace test-results/acceptance-demo-runs-throu-0fa6d-arts-keyboard-dialog-access-firefox/trace.zip

    ────────────────────────────────────────────────────────────────────────────────────────────────

  6) [firefox] › tests/browser/twin.spec.ts:50:1 › specific pump failure propagates to flow, clock, thermal state, restoration and numerical replay 

    Test timeout of 60000ms exceeded.

    Error: locator.click: Test timeout of 60000ms exceeded.
    Call log:
      - waiting for getByRole('button', { name: 'Restore selected asset', exact: true })
        - locator resolved to <button>Restore selected asset</button>
      - attempting click action
        - waiting for element to be visible, enabled and stable


      69 |   await expect(page.locator('.twin-warnings')).toContainText('Technical coolant flow lost');
      70 |   await screenshot(page,info,'specific-pump-trip');
    > 71 |   await page.getByRole('button',{name:'Restore selected asset',exact:true}).click();
         |                                                                             ^
      72 |   await expect.poll(()=>inspectorStatus(page)).toContain('starting');await step(page,10);
      73 |   await expect.poll(()=>inspectorStatus(page)).toContain('running');
      74 |   expect(technicalFlow(await page.getByTestId('selected-flow').innerText())).toBeGreaterThan(1);
        at <verified-checkout>/tests/browser/twin.spec.ts:71:77

    attachment #1: specific-pump-trip (image/png) ──────────────────────────────────────────────────
    test-results/twin-specific-pump-failure-a5e36-ration-and-numerical-replay-firefox/attachments/specific-pump-trip-6682489391767f176df9090347d03c1b8f4e9311.png
    ────────────────────────────────────────────────────────────────────────────────────────────────

    Error Context: test-results/twin-specific-pump-failure-a5e36-ration-and-numerical-replay-firefox/error-context.md

    attachment #3: trace (application/zip) ─────────────────────────────────────────────────────────
    test-results/twin-specific-pump-failure-a5e36-ration-and-numerical-replay-firefox/trace.zip
    Usage:

        npx playwright show-trace test-results/twin-specific-pump-failure-a5e36-ration-and-numerical-replay-firefox/trace.zip

    ────────────────────────────────────────────────────────────────────────────────────────────────

  7) [firefox] › tests/browser/twin.spec.ts:176:3 › reduced-motion touch acceptance › touch waypoints and keyboard exit preserve exact selected asset and physical state 

    Error: expect(received).toBe(expected) // Object.is equality

    Expected: "cooling"
    Received: undefined

    Call Log:
    - Timeout 12000ms exceeded while waiting on the predicate

      179 |     const before=await exportArtifact(page,'results'),selected=await main(page).getAttribute('data-selected');
      180 |     await page.getByRole('button',{name:'Cooling close-up',exact:true}).tap();
    > 181 |     await expect.poll(async()=>(await diagnostics(page))?.focus).toBe('cooling');
          |                                                                  ^
      182 |     await page.getByRole('button',{name:'Inside module',exact:true}).tap();
      183 |     await expect.poll(async()=>(await diagnostics(page))?.inside).toBe(true);
      184 |     const entrance=(await diagnostics(page))?.camera;
        at <verified-checkout>/tests/browser/twin.spec.ts:181:66

    attachment #1: screenshot (image/png) ──────────────────────────────────────────────────────────
    test-results/twin-reduced-motion-touch--0a9b1-ed-asset-and-physical-state-firefox/test-failed-1.png
    ────────────────────────────────────────────────────────────────────────────────────────────────

    Error Context: test-results/twin-reduced-motion-touch--0a9b1-ed-asset-and-physical-state-firefox/error-context.md

    attachment #3: trace (application/zip) ─────────────────────────────────────────────────────────
    test-results/twin-reduced-motion-touch--0a9b1-ed-asset-and-physical-state-firefox/trace.zip
    Usage:

        npx playwright show-trace test-results/twin-reduced-motion-touch--0a9b1-ed-asset-and-physical-state-firefox/trace.zip

    ────────────────────────────────────────────────────────────────────────────────────────────────

  8) [firefox] › tests/browser/twin.spec.ts:248:1 › context cameras, keyboard interior, distinct families and bounded large-scene diagnostics 

    Test timeout of 60000ms exceeded.

    Error: locator.click: Test timeout of 60000ms exceeded.

      256 |   await expect.poll(async()=>(await diagnostics(page))?.focus).toBe('cooling');
      257 |   await screenshot(page,info,'cooling-close-up');
    > 258 |   await page.getByRole('button',{name:'Inside module',exact:true}).click();await expect.poll(async()=>(await diagnostics(page))?.inside).toBe(true);
          |                                                                    ^
      259 |   const inside=(await diagnostics(page))?.camera;await canvas.focus();await page.keyboard.down('w');await page.waitForTimeout(300);await page.keyboard.up('w');
      260 |   await expect.poll(async()=>(await diagnostics(page))?.camera).not.toEqual(inside);
      261 |   await page.keyboard.press('Escape');await expect.poll(async()=>(await diagnostics(page))?.inside).toBe(false);
        at <verified-checkout>/tests/browser/twin.spec.ts:258:68

    attachment #1: cooling-close-up (image/png) ────────────────────────────────────────────────────
    test-results/twin-context-cameras-keybo-728ab-ded-large-scene-diagnostics-firefox/attachments/cooling-close-up-96b0685c2bfc529dc46bbb614868bf9b550e5bcb.png
    ────────────────────────────────────────────────────────────────────────────────────────────────

    Error Context: test-results/twin-context-cameras-keybo-728ab-ded-large-scene-diagnostics-firefox/error-context.md

    attachment #3: trace (application/zip) ─────────────────────────────────────────────────────────
    test-results/twin-context-cameras-keybo-728ab-ded-large-scene-diagnostics-firefox/trace.zip
    Usage:

        npx playwright show-trace test-results/twin-context-cameras-keybo-728ab-ded-large-scene-diagnostics-firefox/trace.zip

    ────────────────────────────────────────────────────────────────────────────────────────────────

  9) [firefox] › tests/browser/visual.spec.ts:3:1 › capture the first coherent 3D slice ────────────

    Test timeout of 60000ms exceeded.

    Error: page.evaluate: Test timeout of 60000ms exceeded.

      19 |     fullPage: true,
      20 |   });
    > 21 |   const timing = await page.evaluate(async () => {
         |                             ^
      22 |     const intervals: number[] = [];
      23 |     let last = window.performance.now();
      24 |     await new Promise<void>((resolve) => {
        at <verified-checkout>/tests/browser/visual.spec.ts:21:29

    attachment #1: screenshot (image/png) ──────────────────────────────────────────────────────────
    test-results/visual-capture-the-first-coherent-3D-slice-firefox/test-failed-1.png
    ────────────────────────────────────────────────────────────────────────────────────────────────

    Error Context: test-results/visual-capture-the-first-coherent-3D-slice-firefox/error-context.md

    attachment #3: trace (application/zip) ─────────────────────────────────────────────────────────
    test-results/visual-capture-the-first-coherent-3D-slice-firefox/trace.zip
    Usage:

        npx playwright show-trace test-results/visual-capture-the-first-coherent-3D-slice-firefox/trace.zip

    ────────────────────────────────────────────────────────────────────────────────────────────────

  9 failed
    [chromium] › tests/browser/twin.spec.ts:146:1 › cancel run retains completed state and superseding work rejects stale updates 
    [firefox] › tests/browser/acceptance.spec.ts:28:1 › rendered modes, connected exploded paths, interior and bounded resources 
    [firefox] › tests/browser/acceptance.spec.ts:137:1 › presets, engineering controls, validation and fresh-context sharing 
    [firefox] › tests/browser/acceptance.spec.ts:215:1 › mobile controls, contextual inspection and explicit WebGL fallback 
    [firefox] › tests/browser/acceptance.spec.ts:279:1 › demo runs through real state, cancels, restores and restarts; keyboard dialog access 
    [firefox] › tests/browser/twin.spec.ts:50:1 › specific pump failure propagates to flow, clock, thermal state, restoration and numerical replay 
    [firefox] › tests/browser/twin.spec.ts:176:3 › reduced-motion touch acceptance › touch waypoints and keyboard exit preserve exact selected asset and physical state 
    [firefox] › tests/browser/twin.spec.ts:248:1 › context cameras, keyboard interior, distinct families and bounded large-scene diagnostics 
    [firefox] › tests/browser/visual.spec.ts:3:1 › capture the first coherent 3D slice ─────────────
  69 passed (21.1m)
