
> neptune@2.0.0-rc.1 test:browser
> playwright test


Running 75 tests using 1 worker

  ✓   1 [chromium] › tests/browser/acceptance.spec.ts:28:1 › rendered modes, connected exploded paths, interior and bounded resources (16.7s)
  ✓   2 [chromium] › tests/browser/acceptance.spec.ts:137:1 › presets, engineering controls, validation and fresh-context sharing (15.3s)
  ✓   3 [chromium] › tests/browser/acceptance.spec.ts:215:1 › mobile controls, contextual inspection and explicit WebGL fallback (12.4s)
  ✓   4 [chromium] › tests/browser/acceptance.spec.ts:279:1 › demo runs through real state, cancels, restores and restarts; keyboard dialog access (43.5s)
  ✓   5 [chromium] › tests/browser/phase1.spec.ts:51:1 › PH1-UI-01 saves complete checkpoints, recovers on refresh, and rejects malformed import transactionally (10.9s)
  ✓   6 [chromium] › tests/browser/phase1.spec.ts:93:1 › PH1-UI-01 quota failure preserves last durable checkpoint and allows current manual export (3.9s)
  ✓   7 [chromium] › tests/browser/phase1.spec.ts:127:1 › PH1-COMP-01 legacy inspection and explicit recalculation preserve the original identity (6.0s)
  ✓   8 [chromium] › tests/browser/phase1.spec.ts:195:1 › PH1-REP-02 replay cancellation retains a committed checkpoint and resume reaches the same target (23.1s)
  ✓   9 [chromium] › tests/browser/phase1.spec.ts:232:1 › PH1-REP-02 an actual worker error event keeps validated state and a new worker can continue (3.7s)
  ✓  10 [chromium] › tests/browser/phase1.spec.ts:272:1 › PH1-REP-02 import supersedes replay and a delivered stale worker response cannot overwrite it (3.9s)
  ✓  11 [chromium] › tests/browser/phase1.spec.ts:325:1 › PH1-UI-01 unreadable recovery is retained until an explicit clear and manual export remains available (2.7s)
  ✓  12 [chromium] › tests/browser/phase1.spec.ts:356:1 › PH1-REP-01 exact restoration and UI replay preserve a fractional integration grid (3.1s)
  ✓  13 [chromium] › tests/browser/phase1.spec.ts:384:1 › PH1-NUM-03 a stored scenario numeric overflow is rejected before JSON rewriting can turn it into null (4.3s)
  ✓  14 [chromium] › tests/browser/twin.spec.ts:50:1 › specific pump failure propagates to flow, clock, thermal state, restoration and numerical replay (7.4s)
  ✓  15 [chromium] › tests/browser/twin.spec.ts:86:1 › standby transfer is an actual selected-component state transition (4.7s)
  ✓  16 [chromium] › tests/browser/twin.spec.ts:99:1 › clock pause and speed are independent of design resets and validated controls (6.9s)
  ✓  17 [chromium] › tests/browser/twin.spec.ts:115:1 › seek backward and forward restores exact event-boundary numerical results (5.8s)
  ✓  18 [chromium] › tests/browser/twin.spec.ts:146:1 › cancel run retains completed state and superseding work rejects stale updates (6.8s)
  ✓  19 [chromium] › tests/browser/twin.spec.ts:176:3 › reduced-motion touch acceptance › touch waypoints and keyboard exit preserve exact selected asset and physical state (6.7s)
  ✓  20 [chromium] › tests/browser/twin.spec.ts:203:1 › comparison renders two computed 240-second runs and exports identical disturbance histories (5.9s)
  ✓  21 [chromium] › tests/browser/twin.spec.ts:220:1 › project exports and imports replay numerical state, with invalid mappings rejected visibly (6.6s)
  ✓  22 [chromium] › tests/browser/twin.spec.ts:235:1 › mobile keyboard and explicit fallback retain asset inspection, operation and exports (3.7s)
  ✓  23 [chromium] › tests/browser/twin.spec.ts:248:1 › context cameras, keyboard interior, distinct families and bounded large-scene diagnostics (31.5s)
  ✓  24 [chromium] › tests/browser/twin.spec.ts:290:1 › legacy saved scenario links retain the explicit aggregate model (4.5s)
  ✓  25 [chromium] › tests/browser/visual.spec.ts:3:1 › capture the first coherent 3D slice (10.4s)
  ✘  26 [firefox] › tests/browser/acceptance.spec.ts:28:1 › rendered modes, connected exploded paths, interior and bounded resources (21.0s)
  ✘  27 [firefox] › tests/browser/acceptance.spec.ts:137:1 › presets, engineering controls, validation and fresh-context sharing (1.2m)
  ✓  28 [firefox] › tests/browser/acceptance.spec.ts:215:1 › mobile controls, contextual inspection and explicit WebGL fallback (58.6s)
  ✘  29 [firefox] › tests/browser/acceptance.spec.ts:279:1 › demo runs through real state, cancels, restores and restarts; keyboard dialog access (1.1m)
  ✓  30 [firefox] › tests/browser/phase1.spec.ts:51:1 › PH1-UI-01 saves complete checkpoints, recovers on refresh, and rejects malformed import transactionally (4.4s)
  ✓  31 [firefox] › tests/browser/phase1.spec.ts:93:1 › PH1-UI-01 quota failure preserves last durable checkpoint and allows current manual export (2.1s)
  ✓  32 [firefox] › tests/browser/phase1.spec.ts:127:1 › PH1-COMP-01 legacy inspection and explicit recalculation preserve the original identity (3.1s)
  ✓  33 [firefox] › tests/browser/phase1.spec.ts:195:1 › PH1-REP-02 replay cancellation retains a committed checkpoint and resume reaches the same target (20.2s)
  ✓  34 [firefox] › tests/browser/phase1.spec.ts:232:1 › PH1-REP-02 an actual worker error event keeps validated state and a new worker can continue (1.7s)
  ✓  35 [firefox] › tests/browser/phase1.spec.ts:272:1 › PH1-REP-02 import supersedes replay and a delivered stale worker response cannot overwrite it (2.0s)
  ✓  36 [firefox] › tests/browser/phase1.spec.ts:325:1 › PH1-UI-01 unreadable recovery is retained until an explicit clear and manual export remains available (1.5s)
  ✓  37 [firefox] › tests/browser/phase1.spec.ts:356:1 › PH1-REP-01 exact restoration and UI replay preserve a fractional integration grid (2.0s)
  ✓  38 [firefox] › tests/browser/phase1.spec.ts:384:1 › PH1-NUM-03 a stored scenario numeric overflow is rejected before JSON rewriting can turn it into null (2.4s)
  ✘  39 [firefox] › tests/browser/twin.spec.ts:50:1 › specific pump failure propagates to flow, clock, thermal state, restoration and numerical replay (1.2m)
  ✓  40 [firefox] › tests/browser/twin.spec.ts:86:1 › standby transfer is an actual selected-component state transition (56.7s)
  ✘  41 [firefox] › tests/browser/twin.spec.ts:99:1 › clock pause and speed are independent of design resets and validated controls (39.3s)
  ✓  42 [firefox] › tests/browser/twin.spec.ts:115:1 › seek backward and forward restores exact event-boundary numerical results (44.2s)
  ✓  43 [firefox] › tests/browser/twin.spec.ts:146:1 › cancel run retains completed state and superseding work rejects stale updates (30.4s)
  ✘  44 [firefox] › tests/browser/twin.spec.ts:176:3 › reduced-motion touch acceptance › touch waypoints and keyboard exit preserve exact selected asset and physical state (43.2s)
  ✓  45 [firefox] › tests/browser/twin.spec.ts:203:1 › comparison renders two computed 240-second runs and exports identical disturbance histories (55.3s)
  ✓  46 [firefox] › tests/browser/twin.spec.ts:220:1 › project exports and imports replay numerical state, with invalid mappings rejected visibly (19.8s)
  ✓  47 [firefox] › tests/browser/twin.spec.ts:235:1 › mobile keyboard and explicit fallback retain asset inspection, operation and exports (3.0s)
  ✘  48 [firefox] › tests/browser/twin.spec.ts:248:1 › context cameras, keyboard interior, distinct families and bounded large-scene diagnostics (1.1m)
  ✓  49 [firefox] › tests/browser/twin.spec.ts:290:1 › legacy saved scenario links retain the explicit aggregate model (44.9s)
  ✘  50 [firefox] › tests/browser/visual.spec.ts:3:1 › capture the first coherent 3D slice (1.1m)
  ✓  51 [webkit] › tests/browser/acceptance.spec.ts:28:1 › rendered modes, connected exploded paths, interior and bounded resources (17.8s)
  ✓  52 [webkit] › tests/browser/acceptance.spec.ts:137:1 › presets, engineering controls, validation and fresh-context sharing (14.3s)
  ✓  53 [webkit] › tests/browser/acceptance.spec.ts:215:1 › mobile controls, contextual inspection and explicit WebGL fallback (9.9s)
  ✓  54 [webkit] › tests/browser/acceptance.spec.ts:279:1 › demo runs through real state, cancels, restores and restarts; keyboard dialog access (40.3s)
  ✓  55 [webkit] › tests/browser/phase1.spec.ts:51:1 › PH1-UI-01 saves complete checkpoints, recovers on refresh, and rejects malformed import transactionally (6.9s)
  ✓  56 [webkit] › tests/browser/phase1.spec.ts:93:1 › PH1-UI-01 quota failure preserves last durable checkpoint and allows current manual export (3.6s)
  ✓  57 [webkit] › tests/browser/phase1.spec.ts:127:1 › PH1-COMP-01 legacy inspection and explicit recalculation preserve the original identity (4.3s)
  ✓  58 [webkit] › tests/browser/phase1.spec.ts:195:1 › PH1-REP-02 replay cancellation retains a committed checkpoint and resume reaches the same target (10.6s)
  ✓  59 [webkit] › tests/browser/phase1.spec.ts:232:1 › PH1-REP-02 an actual worker error event keeps validated state and a new worker can continue (5.7s)
  ✓  60 [webkit] › tests/browser/phase1.spec.ts:272:1 › PH1-REP-02 import supersedes replay and a delivered stale worker response cannot overwrite it (6.6s)
  ✓  61 [webkit] › tests/browser/phase1.spec.ts:325:1 › PH1-UI-01 unreadable recovery is retained until an explicit clear and manual export remains available (6.3s)
  ✓  62 [webkit] › tests/browser/phase1.spec.ts:356:1 › PH1-REP-01 exact restoration and UI replay preserve a fractional integration grid (5.5s)
  ✓  63 [webkit] › tests/browser/phase1.spec.ts:384:1 › PH1-NUM-03 a stored scenario numeric overflow is rejected before JSON rewriting can turn it into null (6.5s)
  ✓  64 [webkit] › tests/browser/twin.spec.ts:50:1 › specific pump failure propagates to flow, clock, thermal state, restoration and numerical replay (13.2s)
  ✓  65 [webkit] › tests/browser/twin.spec.ts:86:1 › standby transfer is an actual selected-component state transition (7.2s)
  ✓  66 [webkit] › tests/browser/twin.spec.ts:99:1 › clock pause and speed are independent of design resets and validated controls (10.2s)
  ✓  67 [webkit] › tests/browser/twin.spec.ts:115:1 › seek backward and forward restores exact event-boundary numerical results (9.6s)
  ✓  68 [webkit] › tests/browser/twin.spec.ts:146:1 › cancel run retains completed state and superseding work rejects stale updates (8.0s)
  ✓  69 [webkit] › tests/browser/twin.spec.ts:176:3 › reduced-motion touch acceptance › touch waypoints and keyboard exit preserve exact selected asset and physical state (7.5s)
  ✓  70 [webkit] › tests/browser/twin.spec.ts:203:1 › comparison renders two computed 240-second runs and exports identical disturbance histories (8.1s)
  ✓  71 [webkit] › tests/browser/twin.spec.ts:220:1 › project exports and imports replay numerical state, with invalid mappings rejected visibly (5.9s)
  ✓  72 [webkit] › tests/browser/twin.spec.ts:235:1 › mobile keyboard and explicit fallback retain asset inspection, operation and exports (3.8s)
  ✓  73 [webkit] › tests/browser/twin.spec.ts:248:1 › context cameras, keyboard interior, distinct families and bounded large-scene diagnostics (28.8s)
  ✓  74 [webkit] › tests/browser/twin.spec.ts:290:1 › legacy saved scenario links retain the explicit aggregate model (4.6s)
  ✓  75 [webkit] › tests/browser/visual.spec.ts:3:1 › capture the first coherent 3D slice (9.5s)


  1) [firefox] › tests/browser/acceptance.spec.ts:28:1 › rendered modes, connected exploded paths, interior and bounded resources 

    Error: expect(locator).toHaveAttribute(expected) failed

    Locator:  locator('main')
    Expected: "true"
    Received: "false"
    Timeout:  12000ms

    Call log:
      - Expect "toHaveAttribute" locator('main') with timeout 12000ms
      - waiting for locator('main')
        2 × locator resolved to <main class="app  " data-modules="40" data-xray="false" data-demo="false" data-ready="false" data-generation="2" data-inside="false" data-exploded="false">…</main>
          - unexpected value "false"


       5 | async function load(page: Page) {
       6 |   await page.goto('./?legacy=1');
    >  7 |   await expect(root(page)).toHaveAttribute('data-ready', 'true');
         |                            ^
       8 |   await expect(page.locator('canvas')).toBeVisible();
       9 |   await page.waitForTimeout(1600);
      10 | }
        at load (<verified-checkout>/tests/browser/acceptance.spec.ts:7:28)
        at <verified-checkout>/tests/browser/acceptance.spec.ts:37:3

    Error Context: test-results/acceptance-rendered-modes--2ead5-erior-and-bounded-resources-firefox/error-context.md

    attachment #2: trace (application/zip) ─────────────────────────────────────────────────────────
    test-results/acceptance-rendered-modes--2ead5-erior-and-bounded-resources-firefox/trace.zip
    Usage:

        npx playwright show-trace test-results/acceptance-rendered-modes--2ead5-erior-and-bounded-resources-firefox/trace.zip

    ────────────────────────────────────────────────────────────────────────────────────────────────

  2) [firefox] › tests/browser/acceptance.spec.ts:137:1 › presets, engineering controls, validation and fresh-context sharing 

    Test timeout of 60000ms exceeded.

    Error: locator.click: Test timeout of 60000ms exceeded.

      149 |     await imageDifference(initial, await page.locator('canvas').screenshot()),
      150 |   ).toBeGreaterThan(0.025);
    > 151 |   await page.getByRole('button', { name: 'NEPTUNE I 2026' }).click();
          |                                                              ^
      152 |   await expect(page.getByTestId('module-total')).toHaveText('04');
      153 |   const input = page.getByRole('spinbutton', {
      154 |     name: 'Accelerators',
        at <verified-checkout>/tests/browser/acceptance.spec.ts:151:62

    Error Context: test-results/acceptance-presets-enginee-76e84-n-and-fresh-context-sharing-firefox/error-context.md

    attachment #2: trace (application/zip) ─────────────────────────────────────────────────────────
    test-results/acceptance-presets-enginee-76e84-n-and-fresh-context-sharing-firefox/trace.zip
    Usage:

        npx playwright show-trace test-results/acceptance-presets-enginee-76e84-n-and-fresh-context-sharing-firefox/trace.zip

    ────────────────────────────────────────────────────────────────────────────────────────────────

  3) [firefox] › tests/browser/acceptance.spec.ts:279:1 › demo runs through real state, cancels, restores and restarts; keyboard dialog access 

    Test timeout of 60000ms exceeded.

    Error: locator.click: Test timeout of 60000ms exceeded.
    Call log:
      - waiting for getByRole('button', { name: 'Play demo', exact: true })
        - locator resolved to <button aria-pressed="false" aria-label="Play demo">…</button>
      - attempting click action
        - waiting for element to be visible, enabled and stable


      295 |   await page.mouse.click(b.x + 20, b.y + 100);
      296 |   await expect(root(page)).toHaveAttribute('data-demo', 'false');
    > 297 |   await page.getByRole('button', { name: 'Play demo', exact: true }).click();
          |                                                                      ^
      298 |   await expect(page.getByText('Two circuits. One heat exchange.')).toBeVisible({
      299 |     timeout: 12000,
      300 |   });
        at <verified-checkout>/tests/browser/acceptance.spec.ts:297:70

    attachment #1: screenshot (image/png) ──────────────────────────────────────────────────────────
    test-results/acceptance-demo-runs-throu-0fa6d-arts-keyboard-dialog-access-firefox/test-failed-1.png
    ────────────────────────────────────────────────────────────────────────────────────────────────

    Error Context: test-results/acceptance-demo-runs-throu-0fa6d-arts-keyboard-dialog-access-firefox/error-context.md

    attachment #3: trace (application/zip) ─────────────────────────────────────────────────────────
    test-results/acceptance-demo-runs-throu-0fa6d-arts-keyboard-dialog-access-firefox/trace.zip
    Usage:

        npx playwright show-trace test-results/acceptance-demo-runs-throu-0fa6d-arts-keyboard-dialog-access-firefox/trace.zip

    ────────────────────────────────────────────────────────────────────────────────────────────────

  4) [firefox] › tests/browser/twin.spec.ts:50:1 › specific pump failure propagates to flow, clock, thermal state, restoration and numerical replay 

    Test timeout of 60000ms exceeded.

    Error: locator.click: Test timeout of 60000ms exceeded.
    Call log:
      - waiting for getByRole('button', { name: 'Step 10s', exact: true })
        - locator resolved to <button>Step 10s</button>
      - attempting click action
        - waiting for element to be visible, enabled and stable
        - element is visible, enabled and stable
        - scrolling into view if needed
        - done scrolling
        - performing click action


      15 |   const before=Number(await main(page).getAttribute('data-time'));
      16 |   for(let n=0;n<seconds/10;n++){
    > 17 |     await page.getByRole('button',{name:'Step 10s',exact:true}).click();
         |                                                                 ^
      18 |     await expect(main(page)).toHaveAttribute('data-time',String(before+(n+1)*10));
      19 |     await expect(page.getByRole('button',{name:'Step 10s',exact:true})).toBeEnabled();
      20 |   }
        at step (<verified-checkout>/tests/browser/twin.spec.ts:17:65)
        at <verified-checkout>/tests/browser/twin.spec.ts:66:71

    Error Context: test-results/twin-specific-pump-failure-a5e36-ration-and-numerical-replay-firefox/error-context.md

    attachment #2: trace (application/zip) ─────────────────────────────────────────────────────────
    test-results/twin-specific-pump-failure-a5e36-ration-and-numerical-replay-firefox/trace.zip
    Usage:

        npx playwright show-trace test-results/twin-specific-pump-failure-a5e36-ration-and-numerical-replay-firefox/trace.zip

    ────────────────────────────────────────────────────────────────────────────────────────────────

  5) [firefox] › tests/browser/twin.spec.ts:99:1 › clock pause and speed are independent of design resets and validated controls 

    Error: expect(locator).toHaveAttribute(expected) failed

    Locator:  locator('main.twin-app')
    Expected: "100"
    Received: "260"
    Timeout:  12000ms

    Call log:
      - Expect "toHaveAttribute" locator('main.twin-app') with timeout 12000ms
      - waiting for locator('main.twin-app')
        - locator resolved to <main data-time="120" class="twin-app" data-ready="true" data-scene-ready="true" data-workspace="Explore" data-selected="platform-001/module-01/pump-duty">…</main>
        - unexpected value "120"
        3 × locator resolved to <main data-time="140" class="twin-app" data-ready="true" data-scene-ready="true" data-workspace="Explore" data-selected="platform-001/module-01/pump-duty">…</main>
          - unexpected value "140"
        - locator resolved to <main data-time="150" class="twin-app" data-ready="true" data-scene-ready="true" data-workspace="Explore" data-selected="platform-001/module-01/pump-duty">…</main>
        - unexpected value "150"
        2 × locator resolved to <main data-time="160" class="twin-app" data-ready="true" data-scene-ready="true" data-workspace="Explore" data-selected="platform-001/module-01/pump-duty">…</main>
          - unexpected value "160"
        - locator resolved to <main data-time="180" class="twin-app" data-ready="true" data-scene-ready="true" data-workspace="Explore" data-selected="platform-001/module-01/pump-duty">…</main>
        - unexpected value "180"
        - locator resolved to <main data-time="200" class="twin-app" data-ready="true" data-scene-ready="true" data-workspace="Explore" data-selected="platform-001/module-01/pump-duty">…</main>
        - unexpected value "200"
        - locator resolved to <main data-time="220" class="twin-app" data-ready="true" data-scene-ready="true" data-workspace="Explore" data-selected="platform-001/module-01/pump-duty">…</main>
        - unexpected value "220"
        - locator resolved to <main data-time="240" class="twin-app" data-ready="true" data-scene-ready="true" data-workspace="Explore" data-selected="platform-001/module-01/pump-duty">…</main>
        - unexpected value "240"
        - locator resolved to <main data-time="260" class="twin-app" data-ready="true" data-scene-ready="true" data-workspace="Explore" data-selected="platform-001/module-01/pump-duty">…</main>
        - unexpected value "260"


      104 |   await page.getByRole('button',{name:'Pause',exact:true}).click();
      105 |   const paused=await main(page).getAttribute('data-time');await page.waitForTimeout(1200);
    > 106 |   await expect(main(page)).toHaveAttribute('data-time',paused!);
          |                            ^
      107 |   await changeNumber(page,'Requested accelerators','1280');await expect(main(page)).toHaveAttribute('data-time','0');
      108 |   await expect(page.getByRole('button',{name:'Start',exact:true})).toBeVisible();
      109 |   await expect(page.locator('.twin-notice')).toContainText('reinitialized');
        at <verified-checkout>/tests/browser/twin.spec.ts:106:28

    attachment #1: screenshot (image/png) ──────────────────────────────────────────────────────────
    test-results/twin-clock-pause-and-speed-3e04f-sets-and-validated-controls-firefox/test-failed-1.png
    ────────────────────────────────────────────────────────────────────────────────────────────────

    Error Context: test-results/twin-clock-pause-and-speed-3e04f-sets-and-validated-controls-firefox/error-context.md

    attachment #3: trace (application/zip) ─────────────────────────────────────────────────────────
    test-results/twin-clock-pause-and-speed-3e04f-sets-and-validated-controls-firefox/trace.zip
    Usage:

        npx playwright show-trace test-results/twin-clock-pause-and-speed-3e04f-sets-and-validated-controls-firefox/trace.zip

    ────────────────────────────────────────────────────────────────────────────────────────────────

  6) [firefox] › tests/browser/twin.spec.ts:176:3 › reduced-motion touch acceptance › touch waypoints and keyboard exit preserve exact selected asset and physical state 

    Error: expect(received).not.toEqual(expected) // deep equality

    Expected: not [-4.799506529926643, 5.775775333456814, -6]


    Call Log:
    - Timeout 12000ms exceeded while waiting on the predicate

      191 |     const canvas=page.locator('canvas');await canvas.focus();const target=(await diagnostics(page))?.target;
      192 |     await page.keyboard.down('ArrowRight');await page.waitForTimeout(300);await page.keyboard.up('ArrowRight');
    > 193 |     await expect.poll(async()=>(await diagnostics(page))?.target).not.toEqual(target);
          |                                                                       ^
      194 |     await page.keyboard.press('Escape');await expect.poll(async()=>(await diagnostics(page))?.inside).toBe(false);
      195 |     await page.getByRole('button',{name:'Explode',exact:true}).tap();await expect.poll(async()=>(await diagnostics(page))?.exploded).toBe(true);
      196 |     await page.getByRole('button',{name:'Explode',exact:true}).tap();await expect.poll(async()=>(await diagnostics(page))?.exploded).toBe(false);
        at <verified-checkout>/tests/browser/twin.spec.ts:193:71

    attachment #1: screenshot (image/png) ──────────────────────────────────────────────────────────
    test-results/twin-reduced-motion-touch--0a9b1-ed-asset-and-physical-state-firefox/test-failed-1.png
    ────────────────────────────────────────────────────────────────────────────────────────────────

    Error Context: test-results/twin-reduced-motion-touch--0a9b1-ed-asset-and-physical-state-firefox/error-context.md

    attachment #3: trace (application/zip) ─────────────────────────────────────────────────────────
    test-results/twin-reduced-motion-touch--0a9b1-ed-asset-and-physical-state-firefox/trace.zip
    Usage:

        npx playwright show-trace test-results/twin-reduced-motion-touch--0a9b1-ed-asset-and-physical-state-firefox/trace.zip

    ────────────────────────────────────────────────────────────────────────────────────────────────

  7) [firefox] › tests/browser/twin.spec.ts:248:1 › context cameras, keyboard interior, distinct families and bounded large-scene diagnostics 

    Test timeout of 60000ms exceeded.

    Error: locator.click: Test timeout of 60000ms exceeded.
    Call log:
      - waiting for getByRole('button', { name: 'Inside module', exact: true })
        - locator resolved to <button>Inside module</button>
      - attempting click action
        - waiting for element to be visible, enabled and stable


      256 |   await expect.poll(async()=>(await diagnostics(page))?.focus).toBe('cooling');
      257 |   await screenshot(page,info,'cooling-close-up');
    > 258 |   await page.getByRole('button',{name:'Inside module',exact:true}).click();await expect.poll(async()=>(await diagnostics(page))?.inside).toBe(true);
          |                                                                    ^
      259 |   const inside=(await diagnostics(page))?.camera;await canvas.focus();await page.keyboard.down('w');await page.waitForTimeout(300);await page.keyboard.up('w');
      260 |   await expect.poll(async()=>(await diagnostics(page))?.camera).not.toEqual(inside);
      261 |   await page.keyboard.press('Escape');await expect.poll(async()=>(await diagnostics(page))?.inside).toBe(false);
        at <verified-checkout>/tests/browser/twin.spec.ts:258:68

    attachment #1: cooling-close-up (image/png) ────────────────────────────────────────────────────
    test-results/twin-context-cameras-keybo-728ab-ded-large-scene-diagnostics-firefox/attachments/cooling-close-up-96b0685c2bfc529dc46bbb614868bf9b550e5bcb.png
    ────────────────────────────────────────────────────────────────────────────────────────────────

    Error Context: test-results/twin-context-cameras-keybo-728ab-ded-large-scene-diagnostics-firefox/error-context.md

    attachment #3: trace (application/zip) ─────────────────────────────────────────────────────────
    test-results/twin-context-cameras-keybo-728ab-ded-large-scene-diagnostics-firefox/trace.zip
    Usage:

        npx playwright show-trace test-results/twin-context-cameras-keybo-728ab-ded-large-scene-diagnostics-firefox/trace.zip

    ────────────────────────────────────────────────────────────────────────────────────────────────

  8) [firefox] › tests/browser/visual.spec.ts:3:1 › capture the first coherent 3D slice ────────────

    Test timeout of 60000ms exceeded.

    Error: page.evaluate: Test timeout of 60000ms exceeded.

      19 |     fullPage: true,
      20 |   });
    > 21 |   const timing = await page.evaluate(async () => {
         |                             ^
      22 |     const intervals: number[] = [];
      23 |     let last = window.performance.now();
      24 |     await new Promise<void>((resolve) => {
        at <verified-checkout>/tests/browser/visual.spec.ts:21:29

    attachment #1: screenshot (image/png) ──────────────────────────────────────────────────────────
    test-results/visual-capture-the-first-coherent-3D-slice-firefox/test-failed-1.png
    ────────────────────────────────────────────────────────────────────────────────────────────────

    Error Context: test-results/visual-capture-the-first-coherent-3D-slice-firefox/error-context.md

    attachment #3: trace (application/zip) ─────────────────────────────────────────────────────────
    test-results/visual-capture-the-first-coherent-3D-slice-firefox/trace.zip
    Usage:

        npx playwright show-trace test-results/visual-capture-the-first-coherent-3D-slice-firefox/trace.zip

    ────────────────────────────────────────────────────────────────────────────────────────────────

  8 failed
    [firefox] › tests/browser/acceptance.spec.ts:28:1 › rendered modes, connected exploded paths, interior and bounded resources 
    [firefox] › tests/browser/acceptance.spec.ts:137:1 › presets, engineering controls, validation and fresh-context sharing 
    [firefox] › tests/browser/acceptance.spec.ts:279:1 › demo runs through real state, cancels, restores and restarts; keyboard dialog access 
    [firefox] › tests/browser/twin.spec.ts:50:1 › specific pump failure propagates to flow, clock, thermal state, restoration and numerical replay 
    [firefox] › tests/browser/twin.spec.ts:99:1 › clock pause and speed are independent of design resets and validated controls 
    [firefox] › tests/browser/twin.spec.ts:176:3 › reduced-motion touch acceptance › touch waypoints and keyboard exit preserve exact selected asset and physical state 
    [firefox] › tests/browser/twin.spec.ts:248:1 › context cameras, keyboard interior, distinct families and bounded large-scene diagnostics 
    [firefox] › tests/browser/visual.spec.ts:3:1 › capture the first coherent 3D slice ─────────────
  67 passed (22.4m)
