
> neptune@2.0.0-rc.1 test:browser
> playwright test


Running 81 tests using 1 worker

  ✘   1 [chromium] › tests/browser/acceptance.spec.ts:28:1 › rendered modes, connected exploded paths, interior and bounded resources (1.1m)
  ✘   2 [chromium] › tests/browser/acceptance.spec.ts:137:1 › presets, engineering controls, validation and fresh-context sharing (1.1m)
  ✓   3 [chromium] › tests/browser/acceptance.spec.ts:215:1 › mobile controls, contextual inspection and explicit WebGL fallback (54.0s)
  ✘   4 [chromium] › tests/browser/acceptance.spec.ts:279:1 › demo runs through real state, cancels, restores and restarts; keyboard dialog access (1.1m)
  ✓   5 [chromium] › tests/browser/phase1.spec.ts:107:1 › PH1-REP-02 Pause remains available during an advance and delayed real worker replies cannot move its checkpoint (6.7s)
  ✓   6 [chromium] › tests/browser/phase1.spec.ts:190:1 › PH1-REP-02 Cancel freezes the committed checkpoint before a delayed acknowledgement and the next manual step (3.3s)
  ✓   7 [chromium] › tests/browser/phase1.spec.ts:251:1 › PH1-UI-01 saves complete checkpoints, recovers on refresh, and rejects malformed import transactionally (5.5s)
  ✓   8 [chromium] › tests/browser/phase1.spec.ts:293:1 › PH1-UI-01 quota failure preserves last durable checkpoint and allows current manual export (3.0s)
  ✓   9 [chromium] › tests/browser/phase1.spec.ts:327:1 › PH1-COMP-01 legacy inspection and explicit recalculation preserve the original identity (4.1s)
  ✓  10 [chromium] › tests/browser/phase1.spec.ts:395:1 › PH1-REP-02 replay cancellation retains a committed checkpoint and resume reaches the same target (8.1s)
  ✓  11 [chromium] › tests/browser/phase1.spec.ts:432:1 › PH1-REP-02 an actual worker error event keeps validated state and a new worker can continue (3.1s)
  ✓  12 [chromium] › tests/browser/phase1.spec.ts:472:1 › PH1-REP-02 import supersedes replay and a delivered stale worker response cannot overwrite it (3.7s)
  ✓  13 [chromium] › tests/browser/phase1.spec.ts:525:1 › PH1-UI-01 unreadable recovery is retained until an explicit clear and manual export remains available (3.0s)
  ✓  14 [chromium] › tests/browser/phase1.spec.ts:556:1 › PH1-REP-01 exact restoration and UI replay preserve a fractional integration grid (3.3s)
  ✓  15 [chromium] › tests/browser/phase1.spec.ts:584:1 › PH1-NUM-03 a stored scenario numeric overflow is rejected before JSON rewriting can turn it into null (4.4s)
  ✓  16 [chromium] › tests/browser/twin.spec.ts:50:1 › specific pump failure propagates to flow, clock, thermal state, restoration and numerical replay (50.4s)
  ✓  17 [chromium] › tests/browser/twin.spec.ts:86:1 › standby transfer is an actual selected-component state transition (22.0s)
  ✓  18 [chromium] › tests/browser/twin.spec.ts:99:1 › clock pause and speed are independent of design resets and validated controls (12.4s)
  ✓  19 [chromium] › tests/browser/twin.spec.ts:115:1 › seek backward and forward restores exact event-boundary numerical results (30.7s)
  ✓  20 [chromium] › tests/browser/twin.spec.ts:146:1 › cancel run retains completed state and superseding work rejects stale updates (21.5s)
  ✓  21 [chromium] › tests/browser/twin.spec.ts:176:3 › reduced-motion touch acceptance › touch waypoints and keyboard exit preserve exact selected asset and physical state (17.3s)
  ✓  22 [chromium] › tests/browser/twin.spec.ts:203:1 › comparison renders two computed 240-second runs and exports identical disturbance histories (19.1s)
  ✓  23 [chromium] › tests/browser/twin.spec.ts:220:1 › project exports and imports replay numerical state, with invalid mappings rejected visibly (14.9s)
  ✓  24 [chromium] › tests/browser/twin.spec.ts:235:1 › mobile keyboard and explicit fallback retain asset inspection, operation and exports (3.6s)
  ✘  25 [chromium] › tests/browser/twin.spec.ts:248:1 › context cameras, keyboard interior, distinct families and bounded large-scene diagnostics (1.1m)
  ✓  26 [chromium] › tests/browser/twin.spec.ts:290:1 › legacy saved scenario links retain the explicit aggregate model (15.8s)
  ✓  27 [chromium] › tests/browser/visual.spec.ts:3:1 › capture the first coherent 3D slice (53.8s)
  ✓  28 [firefox] › tests/browser/acceptance.spec.ts:28:1 › rendered modes, connected exploded paths, interior and bounded resources (22.9s)
  ✓  29 [firefox] › tests/browser/acceptance.spec.ts:137:1 › presets, engineering controls, validation and fresh-context sharing (18.4s)
  ✓  30 [firefox] › tests/browser/acceptance.spec.ts:215:1 › mobile controls, contextual inspection and explicit WebGL fallback (13.0s)
  ✓  31 [firefox] › tests/browser/acceptance.spec.ts:279:1 › demo runs through real state, cancels, restores and restarts; keyboard dialog access (42.6s)
  ✓  32 [firefox] › tests/browser/phase1.spec.ts:107:1 › PH1-REP-02 Pause remains available during an advance and delayed real worker replies cannot move its checkpoint (6.0s)
  ✓  33 [firefox] › tests/browser/phase1.spec.ts:190:1 › PH1-REP-02 Cancel freezes the committed checkpoint before a delayed acknowledgement and the next manual step (2.9s)
  ✓  34 [firefox] › tests/browser/phase1.spec.ts:251:1 › PH1-UI-01 saves complete checkpoints, recovers on refresh, and rejects malformed import transactionally (4.1s)
  ✓  35 [firefox] › tests/browser/phase1.spec.ts:293:1 › PH1-UI-01 quota failure preserves last durable checkpoint and allows current manual export (2.3s)
  ✓  36 [firefox] › tests/browser/phase1.spec.ts:327:1 › PH1-COMP-01 legacy inspection and explicit recalculation preserve the original identity (4.2s)
  ✓  37 [firefox] › tests/browser/phase1.spec.ts:395:1 › PH1-REP-02 replay cancellation retains a committed checkpoint and resume reaches the same target (8.2s)
  ✓  38 [firefox] › tests/browser/phase1.spec.ts:432:1 › PH1-REP-02 an actual worker error event keeps validated state and a new worker can continue (2.5s)
  ✓  39 [firefox] › tests/browser/phase1.spec.ts:472:1 › PH1-REP-02 import supersedes replay and a delivered stale worker response cannot overwrite it (3.1s)
  ✓  40 [firefox] › tests/browser/phase1.spec.ts:525:1 › PH1-UI-01 unreadable recovery is retained until an explicit clear and manual export remains available (2.3s)
  ✓  41 [firefox] › tests/browser/phase1.spec.ts:556:1 › PH1-REP-01 exact restoration and UI replay preserve a fractional integration grid (2.7s)
  ✓  42 [firefox] › tests/browser/phase1.spec.ts:584:1 › PH1-NUM-03 a stored scenario numeric overflow is rejected before JSON rewriting can turn it into null (3.0s)
  ✓  43 [firefox] › tests/browser/twin.spec.ts:50:1 › specific pump failure propagates to flow, clock, thermal state, restoration and numerical replay (9.0s)
  ✓  44 [firefox] › tests/browser/twin.spec.ts:86:1 › standby transfer is an actual selected-component state transition (5.4s)
  ✓  45 [firefox] › tests/browser/twin.spec.ts:99:1 › clock pause and speed are independent of design resets and validated controls (7.0s)
  ✓  46 [firefox] › tests/browser/twin.spec.ts:115:1 › seek backward and forward restores exact event-boundary numerical results (9.5s)
  ✓  47 [firefox] › tests/browser/twin.spec.ts:146:1 › cancel run retains completed state and superseding work rejects stale updates (8.5s)
  ✓  48 [firefox] › tests/browser/twin.spec.ts:176:3 › reduced-motion touch acceptance › touch waypoints and keyboard exit preserve exact selected asset and physical state (5.9s)
  ✓  49 [firefox] › tests/browser/twin.spec.ts:203:1 › comparison renders two computed 240-second runs and exports identical disturbance histories (6.5s)
  ✓  50 [firefox] › tests/browser/twin.spec.ts:220:1 › project exports and imports replay numerical state, with invalid mappings rejected visibly (4.9s)
  ✓  51 [firefox] › tests/browser/twin.spec.ts:235:1 › mobile keyboard and explicit fallback retain asset inspection, operation and exports (3.1s)
  ✓  52 [firefox] › tests/browser/twin.spec.ts:248:1 › context cameras, keyboard interior, distinct families and bounded large-scene diagnostics (43.7s)
  ✓  53 [firefox] › tests/browser/twin.spec.ts:290:1 › legacy saved scenario links retain the explicit aggregate model (4.7s)
  ✓  54 [firefox] › tests/browser/visual.spec.ts:3:1 › capture the first coherent 3D slice (17.4s)
  ✓  55 [webkit] › tests/browser/acceptance.spec.ts:28:1 › rendered modes, connected exploded paths, interior and bounded resources (41.9s)
  ✓  56 [webkit] › tests/browser/acceptance.spec.ts:137:1 › presets, engineering controls, validation and fresh-context sharing (20.8s)
  ✓  57 [webkit] › tests/browser/acceptance.spec.ts:215:1 › mobile controls, contextual inspection and explicit WebGL fallback (17.0s)
  ✓  58 [webkit] › tests/browser/acceptance.spec.ts:279:1 › demo runs through real state, cancels, restores and restarts; keyboard dialog access (48.5s)
  ✓  59 [webkit] › tests/browser/phase1.spec.ts:107:1 › PH1-REP-02 Pause remains available during an advance and delayed real worker replies cannot move its checkpoint (6.1s)
  ✓  60 [webkit] › tests/browser/phase1.spec.ts:190:1 › PH1-REP-02 Cancel freezes the committed checkpoint before a delayed acknowledgement and the next manual step (3.0s)
  ✓  61 [webkit] › tests/browser/phase1.spec.ts:251:1 › PH1-UI-01 saves complete checkpoints, recovers on refresh, and rejects malformed import transactionally (5.1s)
  ✓  62 [webkit] › tests/browser/phase1.spec.ts:293:1 › PH1-UI-01 quota failure preserves last durable checkpoint and allows current manual export (2.7s)
  ✓  63 [webkit] › tests/browser/phase1.spec.ts:327:1 › PH1-COMP-01 legacy inspection and explicit recalculation preserve the original identity (3.8s)
  ✓  64 [webkit] › tests/browser/phase1.spec.ts:395:1 › PH1-REP-02 replay cancellation retains a committed checkpoint and resume reaches the same target (8.7s)
  ✓  65 [webkit] › tests/browser/phase1.spec.ts:432:1 › PH1-REP-02 an actual worker error event keeps validated state and a new worker can continue (2.7s)
  ✓  66 [webkit] › tests/browser/phase1.spec.ts:472:1 › PH1-REP-02 import supersedes replay and a delivered stale worker response cannot overwrite it (3.3s)
  ✓  67 [webkit] › tests/browser/phase1.spec.ts:525:1 › PH1-UI-01 unreadable recovery is retained until an explicit clear and manual export remains available (2.5s)
  ✓  68 [webkit] › tests/browser/phase1.spec.ts:556:1 › PH1-REP-01 exact restoration and UI replay preserve a fractional integration grid (2.9s)
  ✓  69 [webkit] › tests/browser/phase1.spec.ts:584:1 › PH1-NUM-03 a stored scenario numeric overflow is rejected before JSON rewriting can turn it into null (3.3s)
  ✓  70 [webkit] › tests/browser/twin.spec.ts:50:1 › specific pump failure propagates to flow, clock, thermal state, restoration and numerical replay (14.7s)
  ✓  71 [webkit] › tests/browser/twin.spec.ts:86:1 › standby transfer is an actual selected-component state transition (8.2s)
  ✓  72 [webkit] › tests/browser/twin.spec.ts:99:1 › clock pause and speed are independent of design resets and validated controls (8.0s)
  ✓  73 [webkit] › tests/browser/twin.spec.ts:115:1 › seek backward and forward restores exact event-boundary numerical results (11.7s)
  ✓  74 [webkit] › tests/browser/twin.spec.ts:146:1 › cancel run retains completed state and superseding work rejects stale updates (9.5s)
  ✓  75 [webkit] › tests/browser/twin.spec.ts:176:3 › reduced-motion touch acceptance › touch waypoints and keyboard exit preserve exact selected asset and physical state (6.4s)
  ✓  76 [webkit] › tests/browser/twin.spec.ts:203:1 › comparison renders two computed 240-second runs and exports identical disturbance histories (8.4s)
  ✓  77 [webkit] › tests/browser/twin.spec.ts:220:1 › project exports and imports replay numerical state, with invalid mappings rejected visibly (6.5s)
  ✓  78 [webkit] › tests/browser/twin.spec.ts:235:1 › mobile keyboard and explicit fallback retain asset inspection, operation and exports (2.9s)
  ✓  79 [webkit] › tests/browser/twin.spec.ts:248:1 › context cameras, keyboard interior, distinct families and bounded large-scene diagnostics (47.3s)
  ✓  80 [webkit] › tests/browser/twin.spec.ts:290:1 › legacy saved scenario links retain the explicit aggregate model (6.2s)
  ✓  81 [webkit] › tests/browser/visual.spec.ts:3:1 › capture the first coherent 3D slice (19.9s)


  1) [chromium] › tests/browser/acceptance.spec.ts:28:1 › rendered modes, connected exploded paths, interior and bounded resources 

    Test timeout of 60000ms exceeded.

    Error: locator.click: Test timeout of 60000ms exceeded.
    Call log:
      - waiting for getByRole('button', { name: 'Cooling', exact: true })
        - locator resolved to <button class="" aria-pressed="false">…</button>
      - attempting click action
        - waiting for element to be visible, enabled and stable
        - element is visible, enabled and stable
        - scrolling into view if needed
        - done scrolling
        - performing click action


      75 |   const cutaway = await canvas.screenshot();
      76 |   expect(await imageDifference(hero, cutaway)).toBeGreaterThan(0.01);
    > 77 |   await page.getByRole('button', { name: 'Cooling', exact: true }).click();
         |                                                                    ^
      78 |   await expect(
      79 |     page.getByText('Move heat. Keep circuits separate.'),
      80 |   ).toBeVisible();
        at <verified-checkout>/tests/browser/acceptance.spec.ts:77:68

    attachment #1: screenshot (image/png) ──────────────────────────────────────────────────────────
    test-results/acceptance-rendered-modes--2ead5-erior-and-bounded-resources-chromium/test-failed-1.png
    ────────────────────────────────────────────────────────────────────────────────────────────────

    Error Context: test-results/acceptance-rendered-modes--2ead5-erior-and-bounded-resources-chromium/error-context.md

    attachment #3: trace (application/zip) ─────────────────────────────────────────────────────────
    test-results/acceptance-rendered-modes--2ead5-erior-and-bounded-resources-chromium/trace.zip
    Usage:

        npx playwright show-trace test-results/acceptance-rendered-modes--2ead5-erior-and-bounded-resources-chromium/trace.zip

    ────────────────────────────────────────────────────────────────────────────────────────────────

  2) [chromium] › tests/browser/acceptance.spec.ts:137:1 › presets, engineering controls, validation and fresh-context sharing 

    Test timeout of 60000ms exceeded.

    Error: expect(locator).toHaveText(expected) failed

    Locator:  getByTestId('module-total')
    Expected: "04"
    Received: ""


      150 |   ).toBeGreaterThan(0.025);
      151 |   await page.getByRole('button', { name: 'NEPTUNE I 2026' }).click();
    > 152 |   await expect(page.getByTestId('module-total')).toHaveText('04');
          |                                                  ^
      153 |   const input = page.getByRole('spinbutton', {
      154 |     name: 'Accelerators',
      155 |     exact: true,
        at <verified-checkout>/tests/browser/acceptance.spec.ts:152:50

    attachment #1: screenshot (image/png) ──────────────────────────────────────────────────────────
    test-results/acceptance-presets-enginee-76e84-n-and-fresh-context-sharing-chromium/test-failed-1.png
    ────────────────────────────────────────────────────────────────────────────────────────────────

    Error Context: test-results/acceptance-presets-enginee-76e84-n-and-fresh-context-sharing-chromium/error-context.md

    attachment #3: trace (application/zip) ─────────────────────────────────────────────────────────
    test-results/acceptance-presets-enginee-76e84-n-and-fresh-context-sharing-chromium/trace.zip
    Usage:

        npx playwright show-trace test-results/acceptance-presets-enginee-76e84-n-and-fresh-context-sharing-chromium/trace.zip

    ────────────────────────────────────────────────────────────────────────────────────────────────

  3) [chromium] › tests/browser/acceptance.spec.ts:279:1 › demo runs through real state, cancels, restores and restarts; keyboard dialog access 

    Test timeout of 60000ms exceeded.

    Error: expect(locator).toHaveAttribute(expected) failed

    Locator:  locator('main')
    Expected: "false"
    Received: "true"

    Call log:
      - Expect "toHaveAttribute" locator('main') with timeout 12000ms
      - waiting for locator('main')
        6 × locator resolved to <main class="app  " data-demo="true" data-xray="false" data-ready="true" data-modules="196" data-generation="3" data-inside="false" data-exploded="false">…</main>
          - unexpected value "true"
      - Test timeout of 60000ms exceeded.


      305 |     timeout: 8000,
      306 |   });
    > 307 |   await expect(root(page)).toHaveAttribute('data-demo', 'false', {
          |                            ^
      308 |     timeout: 12000,
      309 |   });
      310 |   await expect(root(page)).toHaveAttribute('data-generation', '2');
        at <verified-checkout>/tests/browser/acceptance.spec.ts:307:28

    Error Context: test-results/acceptance-demo-runs-throu-0fa6d-arts-keyboard-dialog-access-chromium/error-context.md

    attachment #2: trace (application/zip) ─────────────────────────────────────────────────────────
    test-results/acceptance-demo-runs-throu-0fa6d-arts-keyboard-dialog-access-chromium/trace.zip
    Usage:

        npx playwright show-trace test-results/acceptance-demo-runs-throu-0fa6d-arts-keyboard-dialog-access-chromium/trace.zip

    ────────────────────────────────────────────────────────────────────────────────────────────────

  4) [chromium] › tests/browser/twin.spec.ts:248:1 › context cameras, keyboard interior, distinct families and bounded large-scene diagnostics 

    Test timeout of 60000ms exceeded.

    Error: locator.click: Test timeout of 60000ms exceeded.
    Call log:
      - waiting for getByRole('button', { name: 'Design family II', exact: true })


      269 |   const after=await diagnostics(page);expect(after!.geometries).toBeLessThanOrEqual(warmed!.geometries+5);expect(after!.textures).toBeLessThanOrEqual(warmed!.textures+2);
      270 |   await expect(page.getByTestId('selected-flow')).toHaveText(beforeFlow);await expect(main(page)).toHaveAttribute('data-time','0');
    > 271 |   await page.getByRole('button',{name:'Design family II',exact:true}).click();await expect(page.getByRole('heading',{name:'NEPTUNE II',exact:true})).toBeVisible();
          |                                                                       ^
      272 |   await expect(page.locator('.twin-inspector')).toContainText('platform-001/switchboard');
      273 |   await page.getByRole('button',{name:'Design family III',exact:true}).click();await expect(page.locator('.twin-inspector')).toContainText('platform-001/segment-feeder');
      274 |   await changeNumber(page,'Requested accelerators','1280');await expect.poll(async()=>(await diagnostics(page))?.totalModules).toBe(1);const small=await diagnostics(page),smallCadence=await frameCadence(page);
        at <verified-checkout>/tests/browser/twin.spec.ts:271:71

    attachment #1: cooling-close-up (image/png) ────────────────────────────────────────────────────
    test-results/twin-context-cameras-keybo-728ab-ded-large-scene-diagnostics-chromium/attachments/cooling-close-up-f50b85abe9029734665cc60ba9572eca99544050.png
    ────────────────────────────────────────────────────────────────────────────────────────────────

    attachment #2: screenshot (image/png) ──────────────────────────────────────────────────────────
    test-results/twin-context-cameras-keybo-728ab-ded-large-scene-diagnostics-chromium/test-failed-1.png
    ────────────────────────────────────────────────────────────────────────────────────────────────

    Error Context: test-results/twin-context-cameras-keybo-728ab-ded-large-scene-diagnostics-chromium/error-context.md

    attachment #4: trace (application/zip) ─────────────────────────────────────────────────────────
    test-results/twin-context-cameras-keybo-728ab-ded-large-scene-diagnostics-chromium/trace.zip
    Usage:

        npx playwright show-trace test-results/twin-context-cameras-keybo-728ab-ded-large-scene-diagnostics-chromium/trace.zip

    ────────────────────────────────────────────────────────────────────────────────────────────────

  4 failed
    [chromium] › tests/browser/acceptance.spec.ts:28:1 › rendered modes, connected exploded paths, interior and bounded resources 
    [chromium] › tests/browser/acceptance.spec.ts:137:1 › presets, engineering controls, validation and fresh-context sharing 
    [chromium] › tests/browser/acceptance.spec.ts:279:1 › demo runs through real state, cancels, restores and restarts; keyboard dialog access 
    [chromium] › tests/browser/twin.spec.ts:248:1 › context cameras, keyboard interior, distinct families and bounded large-scene diagnostics 
  77 passed (20.3m)
