
> neptune@2.0.0-rc.1 dev
> vite --host 127.0.0.1 --strictPort


  VITE v8.2.2  ready in 95 ms

  ➜  Local:   http://127.0.0.1:5173/
2:14:55 PM [vite] (client) [console.warn] THREE.Clock: This module has been deprecated. Please use THREE.Timer instead.
2:15:12 PM [vite] (client) [console.warn] THREE.Clock: This module has been deprecated. Please use THREE.Timer instead.
2:15:12 PM [vite] (client) [console.warn] THREE.WebGLShadowMap: PCFSoftShadowMap has been removed. Using PCFShadowMap instead.
2:15:12 PM [vite] (client) [console.warn] THREE.WebGLShadowMap: PCFSoftShadowMap has been removed. Using PCFShadowMap instead.
2:15:14 PM [vite] (client) [console.warn] THREE.WebGLShadowMap: PCFSoftShadowMap has been removed. Using PCFShadowMap instead.
2:15:15 PM [vite] (client) [console.warn] THREE.WebGLShadowMap: PCFSoftShadowMap has been removed. Using PCFShadowMap instead.
2:15:15 PM [vite] (client) [console.warn] THREE.WebGLShadowMap: PCFSoftShadowMap has been removed. Using PCFShadowMap instead.
2:15:15 PM [vite] (client) [console.warn] THREE.WebGLShadowMap: PCFSoftShadowMap has been removed. Using PCFShadowMap instead.
2:15:16 PM [vite] (client) [console.warn] THREE.WebGLShadowMap: PCFSoftShadowMap has been removed. Using PCFShadowMap instead.
2:15:16 PM [vite] (client) [console.warn] THREE.WebGLShadowMap: PCFSoftShadowMap has been removed. Using PCFShadowMap instead.
2:15:16 PM [vite] (client) [console.warn] THREE.WebGLShadowMap: PCFSoftShadowMap has been removed. Using PCFShadowMap instead.
2:15:16 PM [vite] (client) [console.warn] THREE.WebGLShadowMap: PCFSoftShadowMap has been removed. Using PCFShadowMap instead.
2:15:16 PM [vite] (client) [console.warn] THREE.WebGLShadowMap: PCFSoftShadowMap has been removed. Using PCFShadowMap instead.
2:15:17 PM [vite] (client) [console.warn] THREE.WebGLShadowMap: PCFSoftShadowMap has been removed. Using PCFShadowMap instead.
2:15:17 PM [vite] (client) [console.warn] THREE.WebGLShadowMap: PCFSoftShadowMap has been removed. Using PCFShadowMap instead.
2:15:17 PM [vite] (client) [console.warn] THREE.WebGLShadowMap: PCFSoftShadowMap has been removed. Using PCFShadowMap instead.
2:15:17 PM [vite] (client) [console.warn] THREE.WebGLShadowMap: PCFSoftShadowMap has been removed. Using PCFShadowMap instead.
2:15:17 PM [vite] (client) [console.warn] THREE.WebGLShadowMap: PCFSoftShadowMap has been removed. Using PCFShadowMap instead.
2:15:17 PM [vite] (client) [console.warn] THREE.WebGLShadowMap: PCFSoftShadowMap has been removed. Using PCFShadowMap instead.
2:15:18 PM [vite] (client) [console.warn] THREE.WebGLShadowMap: PCFSoftShadowMap has been removed. Using PCFShadowMap instead.
2:15:18 PM [vite] (client) [console.warn] THREE.WebGLShadowMap: PCFSoftShadowMap has been removed. Using PCFShadowMap instead.
2:15:18 PM [vite] (client) [console.warn] THREE.WebGLShadowMap: PCFSoftShadowMap has been removed. Using PCFShadowMap instead.
2:15:18 PM [vite] (client) [console.warn] THREE.WebGLShadowMap: PCFSoftShadowMap has been removed. Using PCFShadowMap instead.
2:15:19 PM [vite] (client) [console.warn] THREE.Clock: This module has been deprecated. Please use THREE.Timer instead.
2:15:19 PM [vite] (client) [console.warn] THREE.WebGLShadowMap: PCFSoftShadowMap has been removed. Using PCFShadowMap instead.
2:15:19 PM [vite] (client) [console.warn] THREE.WebGLShadowMap: PCFSoftShadowMap has been removed. Using PCFShadowMap instead.
2:15:21 PM [vite] (client) [console.warn] THREE.WebGLShadowMap: PCFSoftShadowMap has been removed. Using PCFShadowMap instead.
2:15:23 PM [vite] (client) [console.warn] THREE.WebGLShadowMap: PCFSoftShadowMap has been removed. Using PCFShadowMap instead.
2:15:23 PM [vite] (client) [console.warn] THREE.WebGLShadowMap: PCFSoftShadowMap has been removed. Using PCFShadowMap instead.
2:15:23 PM [vite] (client) [console.warn] THREE.WebGLShadowMap: PCFSoftShadowMap has been removed. Using PCFShadowMap instead.
2:15:23 PM [vite] (client) [console.warn] THREE.WebGLShadowMap: PCFSoftShadowMap has been removed. Using PCFShadowMap instead.
2:15:23 PM [vite] (client) [console.warn] THREE.WebGLShadowMap: PCFSoftShadowMap has been removed. Using PCFShadowMap instead.
2:15:24 PM [vite] (client) [console.warn] THREE.Clock: This module has been deprecated. Please use THREE.Timer instead.
2:15:24 PM [vite] (client) [console.warn] THREE.WebGLShadowMap: PCFSoftShadowMap has been removed. Using PCFShadowMap instead.
2:15:24 PM [vite] (client) [console.warn] THREE.WebGLShadowMap: PCFSoftShadowMap has been removed. Using PCFShadowMap instead.
2:15:25 PM [vite] (client) [console.warn] THREE.Clock: This module has been deprecated. Please use THREE.Timer instead.
2:15:25 PM [vite] (client) [console.warn] THREE.WebGLShadowMap: PCFSoftShadowMap has been removed. Using PCFShadowMap instead.
2:15:25 PM [vite] (client) [console.warn] THREE.WebGLShadowMap: PCFSoftShadowMap has been removed. Using PCFShadowMap instead.
2:15:26 PM [vite] (client) [console.warn] THREE.Clock: This module has been deprecated. Please use THREE.Timer instead.
2:15:26 PM [vite] (client) [console.warn] THREE.WebGLShadowMap: PCFSoftShadowMap has been removed. Using PCFShadowMap instead.
2:15:26 PM [vite] (client) [console.warn] THREE.WebGLShadowMap: PCFSoftShadowMap has been removed. Using PCFShadowMap instead.
2:15:28 PM [vite] (client) [console.warn] THREE.WebGLShadowMap: PCFSoftShadowMap has been removed. Using PCFShadowMap instead.
2:15:28 PM [vite] (client) [console.warn] THREE.WebGLShadowMap: PCFSoftShadowMap has been removed. Using PCFShadowMap instead.
2:15:28 PM [vite] (client) [console.warn] THREE.WebGLShadowMap: PCFSoftShadowMap has been removed. Using PCFShadowMap instead.
2:15:28 PM [vite] (client) [console.warn] THREE.WebGLShadowMap: PCFSoftShadowMap has been removed. Using PCFShadowMap instead.
2:15:28 PM [vite] (client) [console.warn] THREE.WebGLShadowMap: PCFSoftShadowMap has been removed. Using PCFShadowMap instead.
2:15:28 PM [vite] (client) [console.warn] THREE.WebGLShadowMap: PCFSoftShadowMap has been removed. Using PCFShadowMap instead.
2:15:30 PM [vite] (client) [console.warn] THREE.Clock: This module has been deprecated. Please use THREE.Timer instead.
2:15:30 PM [vite] (client) [console.warn] THREE.WebGLShadowMap: PCFSoftShadowMap has been removed. Using PCFShadowMap instead.
2:15:30 PM [vite] (client) [console.warn] THREE.WebGLShadowMap: PCFSoftShadowMap has been removed. Using PCFShadowMap instead.
2:15:31 PM [vite] (client) [console.warn] THREE.WebGLShadowMap: PCFSoftShadowMap has been removed. Using PCFShadowMap instead.
2:15:31 PM [vite] (client) [console.warn] THREE.WebGLShadowMap: PCFSoftShadowMap has been removed. Using PCFShadowMap instead.
2:15:34 PM [vite] (client) [console.warn] THREE.Clock: This module has been deprecated. Please use THREE.Timer instead.
2:15:34 PM [vite] (client) [console.warn] THREE.WebGLShadowMap: PCFSoftShadowMap has been removed. Using PCFShadowMap instead.
2:15:34 PM [vite] (client) [console.warn] THREE.WebGLShadowMap: PCFSoftShadowMap has been removed. Using PCFShadowMap instead.
2:15:36 PM [vite] (client) [console.warn] THREE.WebGLShadowMap: PCFSoftShadowMap has been removed. Using PCFShadowMap instead.
2:15:41 PM [vite] (client) [console.warn] THREE.WebGLShadowMap: PCFSoftShadowMap has been removed. Using PCFShadowMap instead.
2:15:41 PM [vite] (client) [console.warn] THREE.WebGLShadowMap: PCFSoftShadowMap has been removed. Using PCFShadowMap instead.
2:15:41 PM [vite] (client) [console.warn] THREE.WebGLShadowMap: PCFSoftShadowMap has been removed. Using PCFShadowMap instead.
2:15:41 PM [vite] (client) [console.warn] THREE.WebGLShadowMap: PCFSoftShadowMap has been removed. Using PCFShadowMap instead.
2:15:41 PM [vite] (client) [console.warn] THREE.WebGLShadowMap: PCFSoftShadowMap has been removed. Using PCFShadowMap instead.
2:15:46 PM [vite] (client) [console.warn] THREE.WebGLShadowMap: PCFSoftShadowMap has been removed. Using PCFShadowMap instead.
2:15:51 PM [vite] (client) [console.warn] THREE.WebGLShadowMap: PCFSoftShadowMap has been removed. Using PCFShadowMap instead.
2:15:56 PM [vite] (client) [console.warn] THREE.WebGLShadowMap: PCFSoftShadowMap has been removed. Using PCFShadowMap instead.
2:16:01 PM [vite] (client) [console.warn] THREE.WebGLShadowMap: PCFSoftShadowMap has been removed. Using PCFShadowMap instead.
2:16:07 PM [vite] (client) [console.warn] THREE.WebGLShadowMap: PCFSoftShadowMap has been removed. Using PCFShadowMap instead.
2:16:11 PM [vite] (client) [console.warn] THREE.WebGLShadowMap: PCFSoftShadowMap has been removed. Using PCFShadowMap instead.
2:16:12 PM [vite] (client) [console.warn] THREE.WebGLShadowMap: PCFSoftShadowMap has been removed. Using PCFShadowMap instead.
2:16:12 PM [vite] (client) [console.warn] THREE.WebGLShadowMap: PCFSoftShadowMap has been removed. Using PCFShadowMap instead.
2:16:36 PM [vite] (client) [console.warn] THREE.Clock: This module has been deprecated. Please use THREE.Timer instead.
2:16:38 PM [vite] (client) [console.warn] THREE.Clock: This module has been deprecated. Please use THREE.Timer instead.
2:16:40 PM [vite] (client) [console.warn] THREE.Clock: This module has been deprecated. Please use THREE.Timer instead.
2:16:44 PM [vite] (client) [console.warn] THREE.Clock: This module has been deprecated. Please use THREE.Timer instead.
2:16:44 PM [vite] (client) [console.warn] THREE.Clock: This module has been deprecated. Please use THREE.Timer instead.
2:16:47 PM [vite] (client) [console.warn] THREE.Clock: This module has been deprecated. Please use THREE.Timer instead.
2:16:50 PM [vite] (client) [console.warn] THREE.Clock: This module has been deprecated. Please use THREE.Timer instead.
2:16:54 PM [vite] (client) [console.warn] THREE.Clock: This module has been deprecated. Please use THREE.Timer instead.
2:16:55 PM [vite] (client) [console.warn] THREE.Clock: This module has been deprecated. Please use THREE.Timer instead.
2:16:55 PM [vite] (client) [console.warn] THREE.Clock: This module has been deprecated. Please use THREE.Timer instead.
2:16:56 PM [vite] (client) [console.warn] THREE.Clock: This module has been deprecated. Please use THREE.Timer instead.
2:17:00 PM [vite] (client) [console.warn] THREE.Clock: This module has been deprecated. Please use THREE.Timer instead.
2:17:03 PM [vite] (client) [console.warn] THREE.Clock: This module has been deprecated. Please use THREE.Timer instead.
2:17:08 PM [vite] (client) [console.warn] THREE.Clock: This module has been deprecated. Please use THREE.Timer instead.
2:17:14 PM [vite] (client) [console.warn] THREE.Clock: This module has been deprecated. Please use THREE.Timer instead.
2:17:14 PM [vite] (client) [console.warn] THREE.WebGLShadowMap: PCFSoftShadowMap has been removed. Using PCFShadowMap instead.
2:17:14 PM [vite] (client) [console.warn] THREE.WebGLShadowMap: PCFSoftShadowMap has been removed. Using PCFShadowMap instead.
2:17:14 PM [vite] (client) [console.warn] THREE.WebGLShadowMap: PCFSoftShadowMap has been removed. Using PCFShadowMap instead.
2:17:14 PM [vite] (client) [console.warn] THREE.Clock: This module has been deprecated. Please use THREE.Timer instead.
2:17:14 PM [vite] (client) [console.warn] THREE.WebGLShadowMap: PCFSoftShadowMap has been removed. Using PCFShadowMap instead.
2:17:15 PM [vite] (client) [console.warn] THREE.WebGLShadowMap: PCFSoftShadowMap has been removed. Using PCFShadowMap instead.
2:17:15 PM [vite] (client) [console.warn] THREE.Clock: This module has been deprecated. Please use THREE.Timer instead.
2:17:15 PM [vite] (client) [console.warn] THREE.WebGLShadowMap: PCFSoftShadowMap has been removed. Using PCFShadowMap instead.
2:17:15 PM [vite] (client) [console.warn] THREE.WebGLShadowMap: PCFSoftShadowMap has been removed. Using PCFShadowMap instead.
2:17:18 PM [vite] (client) [console.warn] THREE.WebGLShadowMap: PCFSoftShadowMap has been removed. Using PCFShadowMap instead.
2:17:22 PM [vite] (client) [console.warn] THREE.Clock: This module has been deprecated. Please use THREE.Timer instead.
2:17:23 PM [vite] (client) [console.warn] THREE.WebGLShadowMap: PCFSoftShadowMap has been removed. Using PCFShadowMap instead.
2:17:23 PM [vite] (client) [console.warn] THREE.WebGLShadowMap: PCFSoftShadowMap has been removed. Using PCFShadowMap instead.
2:17:24 PM [vite] (client) [console.warn] THREE.WebGLShadowMap: PCFSoftShadowMap has been removed. Using PCFShadowMap instead.
2:17:25 PM [vite] (client) [console.warn] THREE.WebGLShadowMap: PCFSoftShadowMap has been removed. Using PCFShadowMap instead.
2:17:25 PM [vite] (client) [console.warn] THREE.WebGLShadowMap: PCFSoftShadowMap has been removed. Using PCFShadowMap instead.
2:17:26 PM [vite] (client) [console.warn] THREE.WebGLShadowMap: PCFSoftShadowMap has been removed. Using PCFShadowMap instead.
2:17:26 PM [vite] (client) [console.warn] THREE.WebGLShadowMap: PCFSoftShadowMap has been removed. Using PCFShadowMap instead.
2:17:26 PM [vite] (client) [console.warn] THREE.WebGLShadowMap: PCFSoftShadowMap has been removed. Using PCFShadowMap instead.
2:17:26 PM [vite] (client) [console.warn] THREE.WebGLShadowMap: PCFSoftShadowMap has been removed. Using PCFShadowMap instead.
2:17:26 PM [vite] (client) [console.warn] THREE.WebGLShadowMap: PCFSoftShadowMap has been removed. Using PCFShadowMap instead.
2:17:26 PM [vite] (client) [console.warn] THREE.WebGLShadowMap: PCFSoftShadowMap has been removed. Using PCFShadowMap instead.
2:17:27 PM [vite] (client) [console.warn] THREE.WebGLShadowMap: PCFSoftShadowMap has been removed. Using PCFShadowMap instead.
2:17:27 PM [vite] (client) [console.warn] THREE.WebGLShadowMap: PCFSoftShadowMap has been removed. Using PCFShadowMap instead.
2:17:27 PM [vite] (client) [console.warn] THREE.WebGLShadowMap: PCFSoftShadowMap has been removed. Using PCFShadowMap instead.
2:17:27 PM [vite] (client) [console.warn] THREE.WebGLShadowMap: PCFSoftShadowMap has been removed. Using PCFShadowMap instead.
2:17:27 PM [vite] (client) [console.warn] THREE.WebGLShadowMap: PCFSoftShadowMap has been removed. Using PCFShadowMap instead.
2:17:27 PM [vite] (client) [console.warn] THREE.WebGLShadowMap: PCFSoftShadowMap has been removed. Using PCFShadowMap instead.
2:17:28 PM [vite] (client) [console.warn] THREE.WebGLShadowMap: PCFSoftShadowMap has been removed. Using PCFShadowMap instead.
2:17:28 PM [vite] (client) [console.warn] THREE.WebGLShadowMap: PCFSoftShadowMap has been removed. Using PCFShadowMap instead.
2:17:28 PM [vite] (client) [console.warn] THREE.WebGLShadowMap: PCFSoftShadowMap has been removed. Using PCFShadowMap instead.
2:17:28 PM [vite] (client) [console.warn] THREE.WebGLShadowMap: PCFSoftShadowMap has been removed. Using PCFShadowMap instead.
2:17:29 PM [vite] (client) [console.warn] THREE.Clock: This module has been deprecated. Please use THREE.Timer instead.
2:17:29 PM [vite] (client) [console.warn] THREE.WebGLShadowMap: PCFSoftShadowMap has been removed. Using PCFShadowMap instead.
2:17:29 PM [vite] (client) [console.warn] THREE.WebGLShadowMap: PCFSoftShadowMap has been removed. Using PCFShadowMap instead.
2:17:31 PM [vite] (client) [console.warn] THREE.WebGLShadowMap: PCFSoftShadowMap has been removed. Using PCFShadowMap instead.
2:17:33 PM [vite] (client) [console.warn] THREE.WebGLShadowMap: PCFSoftShadowMap has been removed. Using PCFShadowMap instead.
2:17:33 PM [vite] (client) [console.warn] THREE.WebGLShadowMap: PCFSoftShadowMap has been removed. Using PCFShadowMap instead.
2:17:33 PM [vite] (client) [console.warn] THREE.WebGLShadowMap: PCFSoftShadowMap has been removed. Using PCFShadowMap instead.
2:17:33 PM [vite] (client) [console.warn] THREE.WebGLShadowMap: PCFSoftShadowMap has been removed. Using PCFShadowMap instead.
2:17:33 PM [vite] (client) [console.warn] THREE.WebGLShadowMap: PCFSoftShadowMap has been removed. Using PCFShadowMap instead.
2:17:33 PM [vite] (client) [console.warn] THREE.WebGLShadowMap: PCFSoftShadowMap has been removed. Using PCFShadowMap instead.
2:17:35 PM [vite] (client) [console.warn] THREE.Clock: This module has been deprecated. Please use THREE.Timer instead.
2:17:35 PM [vite] (client) [console.warn] THREE.WebGLShadowMap: PCFSoftShadowMap has been removed. Using PCFShadowMap instead.
2:17:35 PM [vite] (client) [console.warn] THREE.WebGLShadowMap: PCFSoftShadowMap has been removed. Using PCFShadowMap instead.
2:17:36 PM [vite] (client) [console.warn] THREE.WebGLShadowMap: PCFSoftShadowMap has been removed. Using PCFShadowMap instead.
2:17:36 PM [vite] (client) [console.warn] THREE.WebGLShadowMap: PCFSoftShadowMap has been removed. Using PCFShadowMap instead.
2:17:37 PM [vite] (client) [console.warn] THREE.WebGLShadowMap: PCFSoftShadowMap has been removed. Using PCFShadowMap instead.
2:17:37 PM [vite] (client) [console.warn] THREE.WebGLShadowMap: PCFSoftShadowMap has been removed. Using PCFShadowMap instead.
2:17:37 PM [vite] (client) [console.warn] THREE.WebGLShadowMap: PCFSoftShadowMap has been removed. Using PCFShadowMap instead.
2:17:37 PM [vite] (client) [console.warn] THREE.WebGLShadowMap: PCFSoftShadowMap has been removed. Using PCFShadowMap instead.
2:17:38 PM [vite] (client) [console.warn] THREE.Clock: This module has been deprecated. Please use THREE.Timer instead.
2:17:38 PM [vite] (client) [console.warn] THREE.WebGLShadowMap: PCFSoftShadowMap has been removed. Using PCFShadowMap instead.
2:17:38 PM [vite] (client) [console.warn] THREE.WebGLShadowMap: PCFSoftShadowMap has been removed. Using PCFShadowMap instead.
2:17:40 PM [vite] (client) [console.warn] THREE.WebGLShadowMap: PCFSoftShadowMap has been removed. Using PCFShadowMap instead.
2:17:40 PM [vite] (client) [console.warn] THREE.WebGLShadowMap: PCFSoftShadowMap has been removed. Using PCFShadowMap instead.
2:17:42 PM [vite] (client) [console.warn] THREE.Clock: This module has been deprecated. Please use THREE.Timer instead.
2:17:42 PM [vite] (client) [console.warn] THREE.WebGLShadowMap: PCFSoftShadowMap has been removed. Using PCFShadowMap instead.
2:17:42 PM [vite] (client) [console.warn] THREE.WebGLShadowMap: PCFSoftShadowMap has been removed. Using PCFShadowMap instead.
2:17:44 PM [vite] (client) [console.warn] THREE.WebGLShadowMap: PCFSoftShadowMap has been removed. Using PCFShadowMap instead.
2:17:49 PM [vite] (client) [console.warn] THREE.WebGLShadowMap: PCFSoftShadowMap has been removed. Using PCFShadowMap instead.
2:17:49 PM [vite] (client) [console.warn] THREE.WebGLShadowMap: PCFSoftShadowMap has been removed. Using PCFShadowMap instead.
2:17:49 PM [vite] (client) [console.warn] THREE.WebGLShadowMap: PCFSoftShadowMap has been removed. Using PCFShadowMap instead.
2:17:49 PM [vite] (client) [console.warn] THREE.WebGLShadowMap: PCFSoftShadowMap has been removed. Using PCFShadowMap instead.
2:17:49 PM [vite] (client) [console.warn] THREE.WebGLShadowMap: PCFSoftShadowMap has been removed. Using PCFShadowMap instead.
2:17:54 PM [vite] (client) [console.warn] THREE.WebGLShadowMap: PCFSoftShadowMap has been removed. Using PCFShadowMap instead.
2:18:00 PM [vite] (client) [console.warn] THREE.WebGLShadowMap: PCFSoftShadowMap has been removed. Using PCFShadowMap instead.
2:18:04 PM [vite] (client) [console.warn] THREE.WebGLShadowMap: PCFSoftShadowMap has been removed. Using PCFShadowMap instead.
2:18:09 PM [vite] (client) [console.warn] THREE.WebGLShadowMap: PCFSoftShadowMap has been removed. Using PCFShadowMap instead.
2:18:15 PM [vite] (client) [console.warn] THREE.WebGLShadowMap: PCFSoftShadowMap has been removed. Using PCFShadowMap instead.
2:18:19 PM [vite] (client) [console.warn] THREE.WebGLShadowMap: PCFSoftShadowMap has been removed. Using PCFShadowMap instead.
2:18:19 PM [vite] (client) [console.warn] THREE.WebGLShadowMap: PCFSoftShadowMap has been removed. Using PCFShadowMap instead.
2:18:19 PM [vite] (client) [console.warn] THREE.WebGLShadowMap: PCFSoftShadowMap has been removed. Using PCFShadowMap instead.
2:18:38 PM [vite] (client) [console.warn] THREE.Clock: This module has been deprecated. Please use THREE.Timer instead.
2:18:40 PM [vite] (client) [console.warn] THREE.Clock: This module has been deprecated. Please use THREE.Timer instead.
2:18:41 PM [vite] (client) [console.warn] THREE.Clock: This module has been deprecated. Please use THREE.Timer instead.
2:18:45 PM [vite] (client) [console.warn] THREE.Clock: This module has been deprecated. Please use THREE.Timer instead.
2:18:45 PM [vite] (client) [console.warn] THREE.Clock: This module has been deprecated. Please use THREE.Timer instead.
2:18:47 PM [vite] (client) [console.warn] THREE.Clock: This module has been deprecated. Please use THREE.Timer instead.
2:18:50 PM [vite] (client) [console.warn] THREE.Clock: This module has been deprecated. Please use THREE.Timer instead.
2:18:54 PM [vite] (client) [console.warn] THREE.Clock: This module has been deprecated. Please use THREE.Timer instead.
2:18:55 PM [vite] (client) [console.warn] THREE.Clock: This module has been deprecated. Please use THREE.Timer instead.
2:18:55 PM [vite] (client) [console.warn] THREE.Clock: This module has been deprecated. Please use THREE.Timer instead.
2:18:56 PM [vite] (client) [console.warn] THREE.Clock: This module has been deprecated. Please use THREE.Timer instead.
2:18:58 PM [vite] (client) [console.warn] THREE.Clock: This module has been deprecated. Please use THREE.Timer instead.
2:19:02 PM [vite] (client) [console.warn] THREE.Clock: This module has been deprecated. Please use THREE.Timer instead.
2:19:07 PM [vite] (client) [console.warn] THREE.Clock: This module has been deprecated. Please use THREE.Timer instead.
2:19:14 PM [vite] (client) [console.warn] THREE.Clock: This module has been deprecated. Please use THREE.Timer instead.
2:19:14 PM [vite] (client) [console.warn] THREE.WebGLShadowMap: PCFSoftShadowMap has been removed. Using PCFShadowMap instead.
2:19:14 PM [vite] (client) [console.warn] THREE.WebGLShadowMap: PCFSoftShadowMap has been removed. Using PCFShadowMap instead.
2:19:14 PM [vite] (client) [console.warn] THREE.WebGLShadowMap: PCFSoftShadowMap has been removed. Using PCFShadowMap instead.
2:19:14 PM [vite] (client) [console.warn] THREE.WebGLShadowMap: PCFSoftShadowMap has been removed. Using PCFShadowMap instead.
2:19:15 PM [vite] (client) [console.warn] THREE.Clock: This module has been deprecated. Please use THREE.Timer instead.
2:19:15 PM [vite] (client) [console.warn] THREE.WebGLShadowMap: PCFSoftShadowMap has been removed. Using PCFShadowMap instead.
2:19:15 PM [vite] (client) [console.warn] THREE.WebGLShadowMap: PCFSoftShadowMap has been removed. Using PCFShadowMap instead.
2:19:17 PM [vite] (client) [console.warn] THREE.WebGLShadowMap: PCFSoftShadowMap has been removed. Using PCFShadowMap instead.
2:19:21 PM [vite] (client) [console.warn] THREE.Clock: This module has been deprecated. Please use THREE.Timer instead.
2:19:21 PM [vite] (client) [console.warn] THREE.WebGLShadowMap: PCFSoftShadowMap has been removed. Using PCFShadowMap instead.
2:19:21 PM [vite] (client) [console.warn] THREE.WebGLShadowMap: PCFSoftShadowMap has been removed. Using PCFShadowMap instead.
2:19:23 PM [vite] (client) [console.warn] THREE.WebGLShadowMap: PCFSoftShadowMap has been removed. Using PCFShadowMap instead.
2:19:24 PM [vite] (client) [console.warn] THREE.WebGLShadowMap: PCFSoftShadowMap has been removed. Using PCFShadowMap instead.
2:19:24 PM [vite] (client) [console.warn] THREE.WebGLShadowMap: PCFSoftShadowMap has been removed. Using PCFShadowMap instead.
2:19:24 PM [vite] (client) [console.warn] THREE.WebGLShadowMap: PCFSoftShadowMap has been removed. Using PCFShadowMap instead.
2:19:24 PM [vite] (client) [console.warn] THREE.WebGLShadowMap: PCFSoftShadowMap has been removed. Using PCFShadowMap instead.
2:19:25 PM [vite] (client) [console.warn] THREE.WebGLShadowMap: PCFSoftShadowMap has been removed. Using PCFShadowMap instead.
2:19:25 PM [vite] (client) [console.warn] THREE.WebGLShadowMap: PCFSoftShadowMap has been removed. Using PCFShadowMap instead.
2:19:25 PM [vite] (client) [console.warn] THREE.WebGLShadowMap: PCFSoftShadowMap has been removed. Using PCFShadowMap instead.
2:19:25 PM [vite] (client) [console.warn] THREE.WebGLShadowMap: PCFSoftShadowMap has been removed. Using PCFShadowMap instead.
2:19:25 PM [vite] (client) [console.warn] THREE.WebGLShadowMap: PCFSoftShadowMap has been removed. Using PCFShadowMap instead.
2:19:25 PM [vite] (client) [console.warn] THREE.WebGLShadowMap: PCFSoftShadowMap has been removed. Using PCFShadowMap instead.
2:19:25 PM [vite] (client) [console.warn] THREE.WebGLShadowMap: PCFSoftShadowMap has been removed. Using PCFShadowMap instead.
2:19:25 PM [vite] (client) [console.warn] THREE.WebGLShadowMap: PCFSoftShadowMap has been removed. Using PCFShadowMap instead.
2:19:25 PM [vite] (client) [console.warn] THREE.WebGLShadowMap: PCFSoftShadowMap has been removed. Using PCFShadowMap instead.
2:19:26 PM [vite] (client) [console.warn] THREE.WebGLShadowMap: PCFSoftShadowMap has been removed. Using PCFShadowMap instead.
2:19:26 PM [vite] (client) [console.warn] THREE.WebGLShadowMap: PCFSoftShadowMap has been removed. Using PCFShadowMap instead.
2:19:26 PM [vite] (client) [console.warn] THREE.WebGLShadowMap: PCFSoftShadowMap has been removed. Using PCFShadowMap instead.
2:19:26 PM [vite] (client) [console.warn] THREE.WebGLShadowMap: PCFSoftShadowMap has been removed. Using PCFShadowMap instead.
2:19:26 PM [vite] (client) [console.warn] THREE.WebGLShadowMap: PCFSoftShadowMap has been removed. Using PCFShadowMap instead.
2:19:27 PM [vite] (client) [console.warn] THREE.Clock: This module has been deprecated. Please use THREE.Timer instead.
2:19:27 PM [vite] (client) [console.warn] THREE.WebGLShadowMap: PCFSoftShadowMap has been removed. Using PCFShadowMap instead.
2:19:27 PM [vite] (client) [console.warn] THREE.WebGLShadowMap: PCFSoftShadowMap has been removed. Using PCFShadowMap instead.
2:19:29 PM [vite] (client) [console.warn] THREE.WebGLShadowMap: PCFSoftShadowMap has been removed. Using PCFShadowMap instead.
2:19:31 PM [vite] (client) [console.warn] THREE.WebGLShadowMap: PCFSoftShadowMap has been removed. Using PCFShadowMap instead.
2:19:31 PM [vite] (client) [console.warn] THREE.WebGLShadowMap: PCFSoftShadowMap has been removed. Using PCFShadowMap instead.
2:19:31 PM [vite] (client) [console.warn] THREE.WebGLShadowMap: PCFSoftShadowMap has been removed. Using PCFShadowMap instead.
2:19:31 PM [vite] (client) [console.warn] THREE.WebGLShadowMap: PCFSoftShadowMap has been removed. Using PCFShadowMap instead.
2:19:31 PM [vite] (client) [console.warn] THREE.WebGLShadowMap: PCFSoftShadowMap has been removed. Using PCFShadowMap instead.
2:19:32 PM [vite] (client) [console.warn] THREE.Clock: This module has been deprecated. Please use THREE.Timer instead.
2:19:33 PM [vite] (client) [console.warn] THREE.Clock: This module has been deprecated. Please use THREE.Timer instead.
2:19:33 PM [vite] (client) [console.warn] THREE.WebGLShadowMap: PCFSoftShadowMap has been removed. Using PCFShadowMap instead.
2:19:33 PM [vite] (client) [console.warn] THREE.WebGLShadowMap: PCFSoftShadowMap has been removed. Using PCFShadowMap instead.
2:19:35 PM [vite] (client) [console.warn] THREE.WebGLShadowMap: PCFSoftShadowMap has been removed. Using PCFShadowMap instead.
2:19:35 PM [vite] (client) [console.warn] THREE.WebGLShadowMap: PCFSoftShadowMap has been removed. Using PCFShadowMap instead.
2:19:35 PM [vite] (client) [console.warn] THREE.WebGLShadowMap: PCFSoftShadowMap has been removed. Using PCFShadowMap instead.
2:19:35 PM [vite] (client) [console.warn] THREE.WebGLShadowMap: PCFSoftShadowMap has been removed. Using PCFShadowMap instead.
2:19:35 PM [vite] (client) [console.warn] THREE.WebGLShadowMap: PCFSoftShadowMap has been removed. Using PCFShadowMap instead.
2:19:35 PM [vite] (client) [console.warn] THREE.WebGLShadowMap: PCFSoftShadowMap has been removed. Using PCFShadowMap instead.
2:19:36 PM [vite] (client) [console.warn] THREE.Clock: This module has been deprecated. Please use THREE.Timer instead.
2:19:36 PM [vite] (client) [console.warn] THREE.WebGLShadowMap: PCFSoftShadowMap has been removed. Using PCFShadowMap instead.
2:19:36 PM [vite] (client) [console.warn] THREE.WebGLShadowMap: PCFSoftShadowMap has been removed. Using PCFShadowMap instead.
2:19:38 PM [vite] (client) [console.warn] THREE.WebGLShadowMap: PCFSoftShadowMap has been removed. Using PCFShadowMap instead.
2:19:38 PM [vite] (client) [console.warn] THREE.WebGLShadowMap: PCFSoftShadowMap has been removed. Using PCFShadowMap instead.
2:19:40 PM [vite] (client) [console.warn] THREE.Clock: This module has been deprecated. Please use THREE.Timer instead.
2:19:40 PM [vite] (client) [console.warn] THREE.WebGLShadowMap: PCFSoftShadowMap has been removed. Using PCFShadowMap instead.
2:19:41 PM [vite] (client) [console.warn] THREE.WebGLShadowMap: PCFSoftShadowMap has been removed. Using PCFShadowMap instead.
2:19:42 PM [vite] (client) [console.warn] THREE.WebGLShadowMap: PCFSoftShadowMap has been removed. Using PCFShadowMap instead.
2:19:47 PM [vite] (client) [console.warn] THREE.WebGLShadowMap: PCFSoftShadowMap has been removed. Using PCFShadowMap instead.
2:19:48 PM [vite] (client) [console.warn] THREE.WebGLShadowMap: PCFSoftShadowMap has been removed. Using PCFShadowMap instead.
2:19:48 PM [vite] (client) [console.warn] THREE.WebGLShadowMap: PCFSoftShadowMap has been removed. Using PCFShadowMap instead.
2:19:48 PM [vite] (client) [console.warn] THREE.WebGLShadowMap: PCFSoftShadowMap has been removed. Using PCFShadowMap instead.
2:19:48 PM [vite] (client) [console.warn] THREE.WebGLShadowMap: PCFSoftShadowMap has been removed. Using PCFShadowMap instead.
2:19:53 PM [vite] (client) [console.warn] THREE.WebGLShadowMap: PCFSoftShadowMap has been removed. Using PCFShadowMap instead.
2:19:58 PM [vite] (client) [console.warn] THREE.WebGLShadowMap: PCFSoftShadowMap has been removed. Using PCFShadowMap instead.
2:20:03 PM [vite] (client) [console.warn] THREE.WebGLShadowMap: PCFSoftShadowMap has been removed. Using PCFShadowMap instead.
2:20:08 PM [vite] (client) [console.warn] THREE.WebGLShadowMap: PCFSoftShadowMap has been removed. Using PCFShadowMap instead.
2:20:14 PM [vite] (client) [console.warn] THREE.WebGLShadowMap: PCFSoftShadowMap has been removed. Using PCFShadowMap instead.
2:20:18 PM [vite] (client) [console.warn] THREE.WebGLShadowMap: PCFSoftShadowMap has been removed. Using PCFShadowMap instead.
2:20:18 PM [vite] (client) [console.warn] THREE.WebGLShadowMap: PCFSoftShadowMap has been removed. Using PCFShadowMap instead.
2:20:18 PM [vite] (client) [console.warn] THREE.WebGLShadowMap: PCFSoftShadowMap has been removed. Using PCFShadowMap instead.
2:20:38 PM [vite] (client) [console.warn] THREE.Clock: This module has been deprecated. Please use THREE.Timer instead.
2:20:40 PM [vite] (client) [console.warn] THREE.Clock: This module has been deprecated. Please use THREE.Timer instead.
2:20:42 PM [vite] (client) [console.warn] THREE.Clock: This module has been deprecated. Please use THREE.Timer instead.
2:20:45 PM [vite] (client) [console.warn] THREE.Clock: This module has been deprecated. Please use THREE.Timer instead.
2:20:46 PM [vite] (client) [console.warn] THREE.Clock: This module has been deprecated. Please use THREE.Timer instead.
2:20:48 PM [vite] (client) [console.warn] THREE.Clock: This module has been deprecated. Please use THREE.Timer instead.
2:20:51 PM [vite] (client) [console.warn] THREE.Clock: This module has been deprecated. Please use THREE.Timer instead.
2:20:54 PM [vite] (client) [console.warn] THREE.Clock: This module has been deprecated. Please use THREE.Timer instead.
2:20:55 PM [vite] (client) [console.warn] THREE.Clock: This module has been deprecated. Please use THREE.Timer instead.
2:20:55 PM [vite] (client) [console.warn] THREE.Clock: This module has been deprecated. Please use THREE.Timer instead.
2:20:56 PM [vite] (client) [console.warn] THREE.Clock: This module has been deprecated. Please use THREE.Timer instead.
2:20:59 PM [vite] (client) [console.warn] THREE.Clock: This module has been deprecated. Please use THREE.Timer instead.
2:21:03 PM [vite] (client) [console.warn] THREE.Clock: This module has been deprecated. Please use THREE.Timer instead.
2:21:08 PM [vite] (client) [console.warn] THREE.Clock: This module has been deprecated. Please use THREE.Timer instead.
2:21:13 PM [vite] (client) [console.warn] THREE.Clock: This module has been deprecated. Please use THREE.Timer instead.
2:21:13 PM [vite] (client) [console.warn] THREE.WebGLShadowMap: PCFSoftShadowMap has been removed. Using PCFShadowMap instead.
2:21:13 PM [vite] (client) [console.warn] THREE.WebGLShadowMap: PCFSoftShadowMap has been removed. Using PCFShadowMap instead.
2:21:13 PM [vite] (client) [console.warn] THREE.WebGLShadowMap: PCFSoftShadowMap has been removed. Using PCFShadowMap instead.
2:21:14 PM [vite] (client) [console.warn] THREE.Clock: This module has been deprecated. Please use THREE.Timer instead.
2:21:15 PM [vite] (client) [console.warn] THREE.Clock: This module has been deprecated. Please use THREE.Timer instead.
2:21:15 PM [vite] (client) [console.warn] THREE.WebGLShadowMap: PCFSoftShadowMap has been removed. Using PCFShadowMap instead.
2:21:15 PM [vite] (client) [console.warn] THREE.WebGLShadowMap: PCFSoftShadowMap has been removed. Using PCFShadowMap instead.
2:21:17 PM [vite] (client) [console.warn] THREE.WebGLShadowMap: PCFSoftShadowMap has been removed. Using PCFShadowMap instead.
