
> neptune@2.0.0-rc.1 test
> vitest run --reporter=default --reporter=json --outputFile=artifacts/phase1-unit.json


 RUN  v5.0.0 <verified-checkout>

 ✓ tests/twin-telemetry.test.ts (47 tests) 4236ms
   ✓ actual localhost SSE transport (2)
     ✓ uses the production adapter with native browser reconnect/Last-Event-ID and source validation 774ms
   ✓ running DataPanel acceptance (1)
     ✓ operates mapping, raw inspection, simulated dropout, calibration, and actual streaming in the app 3355ms
 ✓ tests/twin-physics.test.ts (28 tests) 498ms
 ✓ tests/phase1-persistence.test.ts (16 tests) 5980ms
   ✓ PH1-PER-01 real historical thresholds (2)
     ✓ round-trips real engine-generated 999, 1000, 1001-event applied histories and continues 642ms
     ✓ advances a real one-node run through 86399, 86400 and 86401 seconds, preserving continuation 1428ms
   ✓ PH1-PER-02 declared boundaries (6)
     ✓ admits 9999/10000 future events through engine/export/import, rejects 10001 atomically 1240ms
     ✓ checks actual UTF-8 bytes below/at/above 64 MiB including multibyte input 999ms
     ✓ bounds nesting before parse and exact value/key item allocation 1257ms
 ✓ tests/phase1-numerical.test.ts (22 tests) 36ms
 ✓ tests/phase1-worker.test.ts (49 tests) 842ms
 ✓ tests/twin-integration.test.ts (19 tests) 2013ms
   ✓ canonical graph, geometry and operating-state integration (10)
     ✓ bounds the million-accelerator inventory and 10 GW supply ceiling without inventing consumption 1526ms
 ✓ tests/twin-network.test.ts (8 tests) 900ms
   ✓ declared network offered-demand and whole-job admission (7)
     ✓ detects a shared-core port bottleneck even when every individual platform link fits 533ms
 ✓ tests/model.test.ts (38 tests) 17ms
 ✓ tests/phase1-deferred.test.ts (4 tests) 634ms
 ✓ tests/twin-geometry.test.ts (7 tests) 312ms
 ✓ tests/scenario.test.ts (15 tests) 3ms
 ✓ tests/phase1-work-budget.test.ts (3 tests) 96ms

 Test Files  12 passed (12)
      Tests  256 passed (256)
   Start at  14:14:53
   Duration  16.64s (tests 97%, import 2%, transform 1%)

JSON report written to <verified-checkout>/artifacts/phase1-unit.json
