
> neptune@2.0.0-rc.1 test:browser
> playwright test


Running 75 tests using 1 worker

  ✓   1 [chromium] › tests/browser/acceptance.spec.ts:28:1 › rendered modes, connected exploded paths, interior and bounded resources (15.5s)
  ✓   2 [chromium] › tests/browser/acceptance.spec.ts:137:1 › presets, engineering controls, validation and fresh-context sharing (15.3s)
  ✓   3 [chromium] › tests/browser/acceptance.spec.ts:215:1 › mobile controls, contextual inspection and explicit WebGL fallback (11.4s)
  ✓   4 [chromium] › tests/browser/acceptance.spec.ts:279:1 › demo runs through real state, cancels, restores and restarts; keyboard dialog access (42.2s)
  ✓   5 [chromium] › tests/browser/phase1.spec.ts:51:1 › PH1-UI-01 saves complete checkpoints, recovers on refresh, and rejects malformed import transactionally (7.0s)
  ✓   6 [chromium] › tests/browser/phase1.spec.ts:93:1 › PH1-UI-01 quota failure preserves last durable checkpoint and allows current manual export (3.8s)
  ✓   7 [chromium] › tests/browser/phase1.spec.ts:127:1 › PH1-COMP-01 legacy inspection and explicit recalculation preserve the original identity (5.6s)
  ✓   8 [chromium] › tests/browser/phase1.spec.ts:195:1 › PH1-REP-02 replay cancellation retains a committed checkpoint and resume reaches the same target (22.3s)
  ✓   9 [chromium] › tests/browser/phase1.spec.ts:232:1 › PH1-REP-02 an actual worker error event keeps validated state and a new worker can continue (3.4s)
  ✓  10 [chromium] › tests/browser/phase1.spec.ts:272:1 › PH1-REP-02 import supersedes replay and a delivered stale worker response cannot overwrite it (3.5s)
  ✓  11 [chromium] › tests/browser/phase1.spec.ts:325:1 › PH1-UI-01 unreadable recovery is retained until an explicit clear and manual export remains available (3.1s)
  ✓  12 [chromium] › tests/browser/phase1.spec.ts:356:1 › PH1-REP-01 exact restoration and UI replay preserve a fractional integration grid (4.0s)
  ✓  13 [chromium] › tests/browser/phase1.spec.ts:384:1 › PH1-NUM-03 a stored scenario numeric overflow is rejected before JSON rewriting can turn it into null (4.6s)
  ✓  14 [chromium] › tests/browser/twin.spec.ts:50:1 › specific pump failure propagates to flow, clock, thermal state, restoration and numerical replay (10.0s)
  ✓  15 [chromium] › tests/browser/twin.spec.ts:86:1 › standby transfer is an actual selected-component state transition (5.7s)
  ✓  16 [chromium] › tests/browser/twin.spec.ts:99:1 › clock pause and speed are independent of design resets and validated controls (5.3s)
  ✓  17 [chromium] › tests/browser/twin.spec.ts:115:1 › seek backward and forward restores exact event-boundary numerical results (7.1s)
  ✓  18 [chromium] › tests/browser/twin.spec.ts:146:1 › cancel run retains completed state and superseding work rejects stale updates (6.7s)
  ✓  19 [chromium] › tests/browser/twin.spec.ts:176:3 › reduced-motion touch acceptance › touch waypoints and keyboard exit preserve exact selected asset and physical state (6.4s)
  ✓  20 [chromium] › tests/browser/twin.spec.ts:203:1 › comparison renders two computed 240-second runs and exports identical disturbance histories (6.9s)
  ✓  21 [chromium] › tests/browser/twin.spec.ts:220:1 › project exports and imports replay numerical state, with invalid mappings rejected visibly (5.5s)
  ✓  22 [chromium] › tests/browser/twin.spec.ts:235:1 › mobile keyboard and explicit fallback retain asset inspection, operation and exports (5.3s)
  ✓  23 [chromium] › tests/browser/twin.spec.ts:248:1 › context cameras, keyboard interior, distinct families and bounded large-scene diagnostics (34.7s)
  ✓  24 [chromium] › tests/browser/twin.spec.ts:290:1 › legacy saved scenario links retain the explicit aggregate model (6.4s)
  ✓  25 [chromium] › tests/browser/visual.spec.ts:3:1 › capture the first coherent 3D slice (10.5s)
  ✘  26 [firefox] › tests/browser/acceptance.spec.ts:28:1 › rendered modes, connected exploded paths, interior and bounded resources (25.5s)
  ✘  27 [firefox] › tests/browser/acceptance.spec.ts:137:1 › presets, engineering controls, validation and fresh-context sharing (1.3m)
  ✘  28 [firefox] › tests/browser/acceptance.spec.ts:215:1 › mobile controls, contextual inspection and explicit WebGL fallback (1.1m)
  ✘  29 [firefox] › tests/browser/acceptance.spec.ts:279:1 › demo runs through real state, cancels, restores and restarts; keyboard dialog access (42.4s)
  ✓  30 [firefox] › tests/browser/phase1.spec.ts:51:1 › PH1-UI-01 saves complete checkpoints, recovers on refresh, and rejects malformed import transactionally (8.2s)
  ✓  31 [firefox] › tests/browser/phase1.spec.ts:93:1 › PH1-UI-01 quota failure preserves last durable checkpoint and allows current manual export (3.1s)
  ✓  32 [firefox] › tests/browser/phase1.spec.ts:127:1 › PH1-COMP-01 legacy inspection and explicit recalculation preserve the original identity (4.5s)
  ✓  33 [firefox] › tests/browser/phase1.spec.ts:195:1 › PH1-REP-02 replay cancellation retains a committed checkpoint and resume reaches the same target (23.8s)
  ✓  34 [firefox] › tests/browser/phase1.spec.ts:232:1 › PH1-REP-02 an actual worker error event keeps validated state and a new worker can continue (2.5s)
  ✓  35 [firefox] › tests/browser/phase1.spec.ts:272:1 › PH1-REP-02 import supersedes replay and a delivered stale worker response cannot overwrite it (2.9s)
  ✓  36 [firefox] › tests/browser/phase1.spec.ts:325:1 › PH1-UI-01 unreadable recovery is retained until an explicit clear and manual export remains available (3.0s)
  ✓  37 [firefox] › tests/browser/phase1.spec.ts:356:1 › PH1-REP-01 exact restoration and UI replay preserve a fractional integration grid (2.6s)
  ✓  38 [firefox] › tests/browser/phase1.spec.ts:384:1 › PH1-NUM-03 a stored scenario numeric overflow is rejected before JSON rewriting can turn it into null (2.6s)
  ✘  39 [firefox] › tests/browser/twin.spec.ts:50:1 › specific pump failure propagates to flow, clock, thermal state, restoration and numerical replay (1.2m)
  ✓  40 [firefox] › tests/browser/twin.spec.ts:86:1 › standby transfer is an actual selected-component state transition (46.1s)
  ✘  41 [firefox] › tests/browser/twin.spec.ts:99:1 › clock pause and speed are independent of design resets and validated controls (36.3s)
  ✓  42 [firefox] › tests/browser/twin.spec.ts:115:1 › seek backward and forward restores exact event-boundary numerical results (37.9s)
  ✓  43 [firefox] › tests/browser/twin.spec.ts:146:1 › cancel run retains completed state and superseding work rejects stale updates (28.3s)
  ✘  44 [firefox] › tests/browser/twin.spec.ts:176:3 › reduced-motion touch acceptance › touch waypoints and keyboard exit preserve exact selected asset and physical state (22.5s)
  ✘  45 [firefox] › tests/browser/twin.spec.ts:203:1 › comparison renders two computed 240-second runs and exports identical disturbance histories (1.1m)
  ✓  46 [firefox] › tests/browser/twin.spec.ts:220:1 › project exports and imports replay numerical state, with invalid mappings rejected visibly (23.7s)
  ✓  47 [firefox] › tests/browser/twin.spec.ts:235:1 › mobile keyboard and explicit fallback retain asset inspection, operation and exports (3.6s)
  ✘  48 [firefox] › tests/browser/twin.spec.ts:248:1 › context cameras, keyboard interior, distinct families and bounded large-scene diagnostics (1.2m)
  ✓  49 [firefox] › tests/browser/twin.spec.ts:290:1 › legacy saved scenario links retain the explicit aggregate model (33.0s)
  ✘  50 [firefox] › tests/browser/visual.spec.ts:3:1 › capture the first coherent 3D slice (1.1m)
  ✓  51 [webkit] › tests/browser/acceptance.spec.ts:28:1 › rendered modes, connected exploded paths, interior and bounded resources (22.6s)
  ✓  52 [webkit] › tests/browser/acceptance.spec.ts:137:1 › presets, engineering controls, validation and fresh-context sharing (18.1s)
  ✓  53 [webkit] › tests/browser/acceptance.spec.ts:215:1 › mobile controls, contextual inspection and explicit WebGL fallback (11.5s)
  ✓  54 [webkit] › tests/browser/acceptance.spec.ts:279:1 › demo runs through real state, cancels, restores and restarts; keyboard dialog access (42.1s)
  ✓  55 [webkit] › tests/browser/phase1.spec.ts:51:1 › PH1-UI-01 saves complete checkpoints, recovers on refresh, and rejects malformed import transactionally (7.4s)
  ✓  56 [webkit] › tests/browser/phase1.spec.ts:93:1 › PH1-UI-01 quota failure preserves last durable checkpoint and allows current manual export (3.7s)
  ✓  57 [webkit] › tests/browser/phase1.spec.ts:127:1 › PH1-COMP-01 legacy inspection and explicit recalculation preserve the original identity (4.0s)
  ✓  58 [webkit] › tests/browser/phase1.spec.ts:195:1 › PH1-REP-02 replay cancellation retains a committed checkpoint and resume reaches the same target (12.1s)
  ✓  59 [webkit] › tests/browser/phase1.spec.ts:232:1 › PH1-REP-02 an actual worker error event keeps validated state and a new worker can continue (4.8s)
  ✓  60 [webkit] › tests/browser/phase1.spec.ts:272:1 › PH1-REP-02 import supersedes replay and a delivered stale worker response cannot overwrite it (5.7s)
  ✓  61 [webkit] › tests/browser/phase1.spec.ts:325:1 › PH1-UI-01 unreadable recovery is retained until an explicit clear and manual export remains available (5.0s)
  ✓  62 [webkit] › tests/browser/phase1.spec.ts:356:1 › PH1-REP-01 exact restoration and UI replay preserve a fractional integration grid (4.3s)
  ✓  63 [webkit] › tests/browser/phase1.spec.ts:384:1 › PH1-NUM-03 a stored scenario numeric overflow is rejected before JSON rewriting can turn it into null (6.0s)
  ✓  64 [webkit] › tests/browser/twin.spec.ts:50:1 › specific pump failure propagates to flow, clock, thermal state, restoration and numerical replay (8.1s)
  ✓  65 [webkit] › tests/browser/twin.spec.ts:86:1 › standby transfer is an actual selected-component state transition (5.6s)
  ✓  66 [webkit] › tests/browser/twin.spec.ts:99:1 › clock pause and speed are independent of design resets and validated controls (9.2s)
  ✓  67 [webkit] › tests/browser/twin.spec.ts:115:1 › seek backward and forward restores exact event-boundary numerical results (9.3s)
  ✘  68 [webkit] › tests/browser/twin.spec.ts:146:1 › cancel run retains completed state and superseding work rejects stale updates (14.3s)
  ✓  69 [webkit] › tests/browser/twin.spec.ts:176:3 › reduced-motion touch acceptance › touch waypoints and keyboard exit preserve exact selected asset and physical state (11.4s)
  ✓  70 [webkit] › tests/browser/twin.spec.ts:203:1 › comparison renders two computed 240-second runs and exports identical disturbance histories (8.4s)
  ✓  71 [webkit] › tests/browser/twin.spec.ts:220:1 › project exports and imports replay numerical state, with invalid mappings rejected visibly (6.3s)
  ✓  72 [webkit] › tests/browser/twin.spec.ts:235:1 › mobile keyboard and explicit fallback retain asset inspection, operation and exports (4.5s)
  ✓  73 [webkit] › tests/browser/twin.spec.ts:248:1 › context cameras, keyboard interior, distinct families and bounded large-scene diagnostics (29.6s)
  ✓  74 [webkit] › tests/browser/twin.spec.ts:290:1 › legacy saved scenario links retain the explicit aggregate model (5.9s)
  ✓  75 [webkit] › tests/browser/visual.spec.ts:3:1 › capture the first coherent 3D slice (9.1s)


  1) [firefox] › tests/browser/acceptance.spec.ts:28:1 › rendered modes, connected exploded paths, interior and bounded resources 

    Error: expect(locator).toHaveAttribute(expected) failed

    Locator:  locator('main')
    Expected: "true"
    Received: "false"
    Timeout:  12000ms

    Call log:
      - Expect "toHaveAttribute" locator('main') with timeout 12000ms
      - waiting for locator('main')
        2 × locator resolved to <main class="app  " data-modules="40" data-xray="false" data-demo="false" data-ready="false" data-generation="2" data-inside="false" data-exploded="false">…</main>
          - unexpected value "false"


       5 | async function load(page: Page) {
       6 |   await page.goto('./?legacy=1');
    >  7 |   await expect(root(page)).toHaveAttribute('data-ready', 'true');
         |                            ^
       8 |   await expect(page.locator('canvas')).toBeVisible();
       9 |   await page.waitForTimeout(1600);
      10 | }
        at load (<verified-checkout>/tests/browser/acceptance.spec.ts:7:28)
        at <verified-checkout>/tests/browser/acceptance.spec.ts:37:3

    Error Context: test-results/acceptance-rendered-modes--2ead5-erior-and-bounded-resources-firefox/error-context.md

    attachment #2: trace (application/zip) ─────────────────────────────────────────────────────────
    test-results/acceptance-rendered-modes--2ead5-erior-and-bounded-resources-firefox/trace.zip
    Usage:

        npx playwright show-trace test-results/acceptance-rendered-modes--2ead5-erior-and-bounded-resources-firefox/trace.zip

    ────────────────────────────────────────────────────────────────────────────────────────────────

  2) [firefox] › tests/browser/acceptance.spec.ts:137:1 › presets, engineering controls, validation and fresh-context sharing 

    Test timeout of 60000ms exceeded.

    Error: locator.click: Test timeout of 60000ms exceeded.
    Call log:
      - waiting for getByRole('button', { name: 'NEPTUNE I 2026' })
        - locator resolved to <button aria-pressed="false">…</button>
      - attempting click action
        - waiting for element to be visible, enabled and stable


      149 |     await imageDifference(initial, await page.locator('canvas').screenshot()),
      150 |   ).toBeGreaterThan(0.025);
    > 151 |   await page.getByRole('button', { name: 'NEPTUNE I 2026' }).click();
          |                                                              ^
      152 |   await expect(page.getByTestId('module-total')).toHaveText('04');
      153 |   const input = page.getByRole('spinbutton', {
      154 |     name: 'Accelerators',
        at <verified-checkout>/tests/browser/acceptance.spec.ts:151:62

    Error Context: test-results/acceptance-presets-enginee-76e84-n-and-fresh-context-sharing-firefox/error-context.md

    attachment #2: trace (application/zip) ─────────────────────────────────────────────────────────
    test-results/acceptance-presets-enginee-76e84-n-and-fresh-context-sharing-firefox/trace.zip
    Usage:

        npx playwright show-trace test-results/acceptance-presets-enginee-76e84-n-and-fresh-context-sharing-firefox/trace.zip

    ────────────────────────────────────────────────────────────────────────────────────────────────

  3) [firefox] › tests/browser/acceptance.spec.ts:215:1 › mobile controls, contextual inspection and explicit WebGL fallback 

    Error: expect(received).toBeGreaterThan(expected)

    Expected: > 900
    Received:   570

    Call Log:
    - Test timeout of 60000ms exceeded

      272 |   await expect
      273 |     .poll(async () => (await page.locator('canvas').boundingBox())!.height)
    > 274 |     .toBeGreaterThan(900);
          |      ^
      275 |   await page.waitForTimeout(1500);
      276 |   await capture(page, `${info.project.name}-portrait`);
      277 | });
        at <verified-checkout>/tests/browser/acceptance.spec.ts:274:6

    Error Context: test-results/acceptance-mobile-controls-e31fc-and-explicit-WebGL-fallback-firefox/error-context.md

    attachment #2: trace (application/zip) ─────────────────────────────────────────────────────────
    test-results/acceptance-mobile-controls-e31fc-and-explicit-WebGL-fallback-firefox/trace.zip
    Usage:

        npx playwright show-trace test-results/acceptance-mobile-controls-e31fc-and-explicit-WebGL-fallback-firefox/trace.zip

    ────────────────────────────────────────────────────────────────────────────────────────────────

  4) [firefox] › tests/browser/acceptance.spec.ts:279:1 › demo runs through real state, cancels, restores and restarts; keyboard dialog access 

    Error: expect(locator).toBeVisible() failed

    Locator: getByText('Look beneath the surface.')
    Expected: visible
    Timeout: 8000ms
    Error: element(s) not found

    Call log:
      - Expect "toBeVisible" getByText('Look beneath the surface.') with timeout 8000ms
      - waiting for getByText('Look beneath the surface.')


      284 |   await expect(root(page)).toHaveAttribute('data-demo', 'true');
      285 |   await expect(page.getByText('Start with the ocean.')).toBeVisible();
    > 286 |   await expect(page.getByText('Look beneath the surface.')).toBeVisible({
          |                                                             ^
      287 |     timeout: 8000,
      288 |   });
      289 |   await expect(root(page)).toHaveAttribute('data-xray', 'true');
        at <verified-checkout>/tests/browser/acceptance.spec.ts:286:61

    Error Context: test-results/acceptance-demo-runs-throu-0fa6d-arts-keyboard-dialog-access-firefox/error-context.md

    attachment #2: trace (application/zip) ─────────────────────────────────────────────────────────
    test-results/acceptance-demo-runs-throu-0fa6d-arts-keyboard-dialog-access-firefox/trace.zip
    Usage:

        npx playwright show-trace test-results/acceptance-demo-runs-throu-0fa6d-arts-keyboard-dialog-access-firefox/trace.zip

    ────────────────────────────────────────────────────────────────────────────────────────────────

  5) [firefox] › tests/browser/twin.spec.ts:50:1 › specific pump failure propagates to flow, clock, thermal state, restoration and numerical replay 

    Test timeout of 60000ms exceeded.

    Error: locator.click: Test timeout of 60000ms exceeded.
    Call log:
      - waiting for getByRole('button', { name: 'Step 10s', exact: true })
        - locator resolved to <button>Step 10s</button>
      - attempting click action
        - waiting for element to be visible, enabled and stable
        - element is visible, enabled and stable
        - scrolling into view if needed
        - done scrolling
        - performing click action


      15 |   const before=Number(await main(page).getAttribute('data-time'));
      16 |   for(let n=0;n<seconds/10;n++){
    > 17 |     await page.getByRole('button',{name:'Step 10s',exact:true}).click();
         |                                                                 ^
      18 |     await expect(main(page)).toHaveAttribute('data-time',String(before+(n+1)*10));
      19 |     await expect(page.getByRole('button',{name:'Step 10s',exact:true})).toBeEnabled();
      20 |   }
        at step (<verified-checkout>/tests/browser/twin.spec.ts:17:65)
        at <verified-checkout>/tests/browser/twin.spec.ts:66:71

    Error Context: test-results/twin-specific-pump-failure-a5e36-ration-and-numerical-replay-firefox/error-context.md

    attachment #2: trace (application/zip) ─────────────────────────────────────────────────────────
    test-results/twin-specific-pump-failure-a5e36-ration-and-numerical-replay-firefox/trace.zip
    Usage:

        npx playwright show-trace test-results/twin-specific-pump-failure-a5e36-ration-and-numerical-replay-firefox/trace.zip

    ────────────────────────────────────────────────────────────────────────────────────────────────

  6) [firefox] › tests/browser/twin.spec.ts:99:1 › clock pause and speed are independent of design resets and validated controls 

    Error: expect(locator).toHaveAttribute(expected) failed

    Locator:  locator('main.twin-app')
    Expected: "60"
    Received: "200"
    Timeout:  12000ms

    Call log:
      - Expect "toHaveAttribute" locator('main.twin-app') with timeout 12000ms
      - waiting for locator('main.twin-app')
        - locator resolved to <main data-time="80" class="twin-app" data-ready="true" data-scene-ready="true" data-workspace="Explore" data-selected="platform-001/module-01/pump-duty">…</main>
        - unexpected value "80"
        - locator resolved to <main data-time="90" class="twin-app" data-ready="true" data-scene-ready="true" data-workspace="Explore" data-selected="platform-001/module-01/pump-duty">…</main>
        - unexpected value "90"
        3 × locator resolved to <main data-time="100" class="twin-app" data-ready="true" data-scene-ready="true" data-workspace="Explore" data-selected="platform-001/module-01/pump-duty">…</main>
          - unexpected value "100"
        - locator resolved to <main data-time="120" class="twin-app" data-ready="true" data-scene-ready="true" data-workspace="Explore" data-selected="platform-001/module-01/pump-duty">…</main>
        - unexpected value "120"
        2 × locator resolved to <main data-time="140" class="twin-app" data-ready="true" data-scene-ready="true" data-workspace="Explore" data-selected="platform-001/module-01/pump-duty">…</main>
          - unexpected value "140"
        2 × locator resolved to <main data-time="180" class="twin-app" data-ready="true" data-scene-ready="true" data-workspace="Explore" data-selected="platform-001/module-01/pump-duty">…</main>
          - unexpected value "180"
        - locator resolved to <main data-time="200" class="twin-app" data-ready="true" data-scene-ready="true" data-workspace="Explore" data-selected="platform-001/module-01/pump-duty">…</main>
        - unexpected value "200"


      104 |   await page.getByRole('button',{name:'Pause',exact:true}).click();
      105 |   const paused=await main(page).getAttribute('data-time');await page.waitForTimeout(1200);
    > 106 |   await expect(main(page)).toHaveAttribute('data-time',paused!);
          |                            ^
      107 |   await changeNumber(page,'Requested accelerators','1280');await expect(main(page)).toHaveAttribute('data-time','0');
      108 |   await expect(page.getByRole('button',{name:'Start',exact:true})).toBeVisible();
      109 |   await expect(page.locator('.twin-notice')).toContainText('reinitialized');
        at <verified-checkout>/tests/browser/twin.spec.ts:106:28

    attachment #1: screenshot (image/png) ──────────────────────────────────────────────────────────
    test-results/twin-clock-pause-and-speed-3e04f-sets-and-validated-controls-firefox/test-failed-1.png
    ────────────────────────────────────────────────────────────────────────────────────────────────

    Error Context: test-results/twin-clock-pause-and-speed-3e04f-sets-and-validated-controls-firefox/error-context.md

    attachment #3: trace (application/zip) ─────────────────────────────────────────────────────────
    test-results/twin-clock-pause-and-speed-3e04f-sets-and-validated-controls-firefox/trace.zip
    Usage:

        npx playwright show-trace test-results/twin-clock-pause-and-speed-3e04f-sets-and-validated-controls-firefox/trace.zip

    ────────────────────────────────────────────────────────────────────────────────────────────────

  7) [firefox] › tests/browser/twin.spec.ts:176:3 › reduced-motion touch acceptance › touch waypoints and keyboard exit preserve exact selected asset and physical state 

    Error: expect(received).toBe(expected) // Object.is equality

    Expected: "cooling"
    Received: undefined

    Call Log:
    - Timeout 12000ms exceeded while waiting on the predicate

      179 |     const before=await exportArtifact(page,'results'),selected=await main(page).getAttribute('data-selected');
      180 |     await page.getByRole('button',{name:'Cooling close-up',exact:true}).tap();
    > 181 |     await expect.poll(async()=>(await diagnostics(page))?.focus).toBe('cooling');
          |                                                                  ^
      182 |     await page.getByRole('button',{name:'Inside module',exact:true}).tap();
      183 |     await expect.poll(async()=>(await diagnostics(page))?.inside).toBe(true);
      184 |     const entrance=(await diagnostics(page))?.camera;
        at <verified-checkout>/tests/browser/twin.spec.ts:181:66

    Error Context: test-results/twin-reduced-motion-touch--0a9b1-ed-asset-and-physical-state-firefox/error-context.md

    attachment #2: trace (application/zip) ─────────────────────────────────────────────────────────
    test-results/twin-reduced-motion-touch--0a9b1-ed-asset-and-physical-state-firefox/trace.zip
    Usage:

        npx playwright show-trace test-results/twin-reduced-motion-touch--0a9b1-ed-asset-and-physical-state-firefox/trace.zip

    ────────────────────────────────────────────────────────────────────────────────────────────────

  8) [firefox] › tests/browser/twin.spec.ts:203:1 › comparison renders two computed 240-second runs and exports identical disturbance histories 

    Test timeout of 60000ms exceeded.

    Error: page.waitForEvent: Test timeout of 60000ms exceeded.
    =========================== logs ===========================
    waiting for event "download"
    ============================================================

      26 | }
      27 | async function textDownload(page:Page,action:()=>Promise<unknown>){
    > 28 |   const pending=page.waitForEvent('download');await action();const download=await pending,path=await download.path();
         |                      ^
      29 |   expect(download.failure?await download.failure():null).toBeNull();
      30 |   if(!path)throw Error('Download did not materialize');return fs.readFile(path,'utf8');
      31 | }
        at textDownload (<verified-checkout>/tests/browser/twin.spec.ts:28:22)
        at <verified-checkout>/tests/browser/twin.spec.ts:213:28

    Error: locator.click: Test timeout of 60000ms exceeded.
    Call log:
      - waiting for locator('.twin-comparison-grid article').nth(1).getByRole('button', { name: 'Export reproducible run', exact: true })
        - locator resolved to <button>Export reproducible run</button>
      - attempting click action
        - waiting for element to be visible, enabled and stable
        - element is visible, enabled and stable
        - scrolling into view if needed
        - done scrolling
        - performing click action


      211 |   expect(await temperature(cards.nth(0))).toBeGreaterThan(await temperature(cards.nth(1))+0.5);
      212 |   const a=JSON.parse(await textDownload(page,()=>cards.nth(0).getByRole('button',{name:'Export reproducible run',exact:true}).click()));
    > 213 |   const b=JSON.parse(await textDownload(page,()=>cards.nth(1).getByRole('button',{name:'Export reproducible run',exact:true}).click()));
          |                                                                                                                               ^
      214 |   expect(a.timeS).toBe(240);expect(b.timeS).toBe(240);expect(a.events).toEqual(b.events);
      215 |   expect(a.design.standbyPumps).toBe(0);expect(b.design.standbyPumps).toBe(1);
      216 |   await expect(page.locator('.twin-delta')).toContainText('at 240s:');
        at action (<verified-checkout>/tests/browser/twin.spec.ts:213:127)
        at textDownload (<verified-checkout>/tests/browser/twin.spec.ts:28:53)
        at <verified-checkout>/tests/browser/twin.spec.ts:213:28

    attachment #1: screenshot (image/png) ──────────────────────────────────────────────────────────
    test-results/twin-comparison-renders-tw-d1ab3-tical-disturbance-histories-firefox/test-failed-1.png
    ────────────────────────────────────────────────────────────────────────────────────────────────

    Error Context: test-results/twin-comparison-renders-tw-d1ab3-tical-disturbance-histories-firefox/error-context.md

    attachment #3: trace (application/zip) ─────────────────────────────────────────────────────────
    test-results/twin-comparison-renders-tw-d1ab3-tical-disturbance-histories-firefox/trace.zip
    Usage:

        npx playwright show-trace test-results/twin-comparison-renders-tw-d1ab3-tical-disturbance-histories-firefox/trace.zip

    ────────────────────────────────────────────────────────────────────────────────────────────────

  9) [firefox] › tests/browser/twin.spec.ts:248:1 › context cameras, keyboard interior, distinct families and bounded large-scene diagnostics 

    Test timeout of 60000ms exceeded.

    Error: locator.click: Test timeout of 60000ms exceeded.
    Call log:
      - waiting for getByRole('button', { name: 'Inside module', exact: true })
        - locator resolved to <button>Inside module</button>
      - attempting click action
        - waiting for element to be visible, enabled and stable


      256 |   await expect.poll(async()=>(await diagnostics(page))?.focus).toBe('cooling');
      257 |   await screenshot(page,info,'cooling-close-up');
    > 258 |   await page.getByRole('button',{name:'Inside module',exact:true}).click();await expect.poll(async()=>(await diagnostics(page))?.inside).toBe(true);
          |                                                                    ^
      259 |   const inside=(await diagnostics(page))?.camera;await canvas.focus();await page.keyboard.down('w');await page.waitForTimeout(300);await page.keyboard.up('w');
      260 |   await expect.poll(async()=>(await diagnostics(page))?.camera).not.toEqual(inside);
      261 |   await page.keyboard.press('Escape');await expect.poll(async()=>(await diagnostics(page))?.inside).toBe(false);
        at <verified-checkout>/tests/browser/twin.spec.ts:258:68

    attachment #1: cooling-close-up (image/png) ────────────────────────────────────────────────────
    test-results/twin-context-cameras-keybo-728ab-ded-large-scene-diagnostics-firefox/attachments/cooling-close-up-96b0685c2bfc529dc46bbb614868bf9b550e5bcb.png
    ────────────────────────────────────────────────────────────────────────────────────────────────

    Error Context: test-results/twin-context-cameras-keybo-728ab-ded-large-scene-diagnostics-firefox/error-context.md

    attachment #3: trace (application/zip) ─────────────────────────────────────────────────────────
    test-results/twin-context-cameras-keybo-728ab-ded-large-scene-diagnostics-firefox/trace.zip
    Usage:

        npx playwright show-trace test-results/twin-context-cameras-keybo-728ab-ded-large-scene-diagnostics-firefox/trace.zip

    ────────────────────────────────────────────────────────────────────────────────────────────────

  10) [firefox] › tests/browser/visual.spec.ts:3:1 › capture the first coherent 3D slice ───────────

    Test timeout of 60000ms exceeded.

    Error: page.evaluate: Test timeout of 60000ms exceeded.

      19 |     fullPage: true,
      20 |   });
    > 21 |   const timing = await page.evaluate(async () => {
         |                             ^
      22 |     const intervals: number[] = [];
      23 |     let last = window.performance.now();
      24 |     await new Promise<void>((resolve) => {
        at <verified-checkout>/tests/browser/visual.spec.ts:21:29

    attachment #1: screenshot (image/png) ──────────────────────────────────────────────────────────
    test-results/visual-capture-the-first-coherent-3D-slice-firefox/test-failed-1.png
    ────────────────────────────────────────────────────────────────────────────────────────────────

    Error Context: test-results/visual-capture-the-first-coherent-3D-slice-firefox/error-context.md

    attachment #3: trace (application/zip) ─────────────────────────────────────────────────────────
    test-results/visual-capture-the-first-coherent-3D-slice-firefox/trace.zip
    Usage:

        npx playwright show-trace test-results/visual-capture-the-first-coherent-3D-slice-firefox/trace.zip

    ────────────────────────────────────────────────────────────────────────────────────────────────

  11) [webkit] › tests/browser/twin.spec.ts:146:1 › cancel run retains completed state and superseding work rejects stale updates 

    Error: expect(received).toEqual(expected) // deep equality

    - Expected  -  1
    + Received  + 87

    - Array []
    + Array [
    +   "WebGL: OUT_OF_MEMORY: Error: 0x00000505, in <home>/webkit/Source/ThirdParty/ANGLE/src/libANGLE/renderer/metal/ContextMtl.mm, checkCommandBufferError:2976. Failed to allocate host memory.",
    +   "WebGL: OUT_OF_MEMORY: Error: 0x00000505, in <home>/webkit/Source/ThirdParty/ANGLE/src/libANGLE/renderer/metal/ContextMtl.mm, checkCommandBufferError:2976. Failed to allocate host memory.",
    +   "WebGL: OUT_OF_MEMORY: Error: 0x00000505, in <home>/webkit/Source/ThirdParty/ANGLE/src/libANGLE/renderer/metal/ContextMtl.mm, checkCommandBufferError:2976. Failed to allocate host memory.",
    +   "WebGL: OUT_OF_MEMORY: Error: 0x00000505, in <home>/webkit/Source/ThirdParty/ANGLE/src/libANGLE/renderer/metal/ContextMtl.mm, checkCommandBufferError:2976. Failed to allocate host memory.",
    +   "WebGL: OUT_OF_MEMORY: Error: 0x00000505, in <home>/webkit/Source/ThirdParty/ANGLE/src/libANGLE/renderer/metal/ContextMtl.mm, checkCommandBufferError:2976. Failed to allocate host memory.",
    +   "WebGL: OUT_OF_MEMORY: Error: 0x00000505, in <home>/webkit/Source/ThirdParty/ANGLE/src/libANGLE/renderer/metal/ContextMtl.mm, checkCommandBufferError:2976. Failed to allocate host memory.",
    +   "WebGL: OUT_OF_MEMORY: Error: 0x00000505, in <home>/webkit/Source/ThirdParty/ANGLE/src/libANGLE/renderer/metal/ContextMtl.mm, checkCommandBufferError:2976. Failed to allocate host memory.",
    +   "WebGL: OUT_OF_MEMORY: Error: 0x00000505, in <home>/webkit/Source/ThirdParty/ANGLE/src/libANGLE/renderer/metal/ContextMtl.mm, checkCommandBufferError:2976. Failed to allocate host memory.",
    +   "WebGL: OUT_OF_MEMORY: Error: 0x00000505, in <home>/webkit/Source/ThirdParty/ANGLE/src/libANGLE/renderer/metal/ContextMtl.mm, checkCommandBufferError:2976. Failed to allocate host memory.",
    +   "WebGL: OUT_OF_MEMORY: Error: 0x00000505, in <home>/webkit/Source/ThirdParty/ANGLE/src/libANGLE/renderer/metal/ContextMtl.mm, checkCommandBufferError:2976. Failed to allocate host memory.",
    +   "WebGL: OUT_OF_MEMORY: Error: 0x00000505, in <home>/webkit/Source/ThirdParty/ANGLE/src/libANGLE/renderer/metal/ContextMtl.mm, checkCommandBufferError:2976. Failed to allocate host memory.",
    +   "WebGL: OUT_OF_MEMORY: Error: 0x00000505, in <home>/webkit/Source/ThirdParty/ANGLE/src/libANGLE/renderer/metal/ContextMtl.mm, checkCommandBufferError:2976. Failed to allocate host memory.",
    +   "WebGL: OUT_OF_MEMORY: Error: 0x00000505, in <home>/webkit/Source/ThirdParty/ANGLE/src/libANGLE/renderer/metal/ContextMtl.mm, checkCommandBufferError:2976. Failed to allocate host memory.",
    +   "WebGL: OUT_OF_MEMORY: Error: 0x00000505, in <home>/webkit/Source/ThirdParty/ANGLE/src/libANGLE/renderer/metal/ContextMtl.mm, checkCommandBufferError:2976. Failed to allocate host memory.",
    +   "WebGL: OUT_OF_MEMORY: Error: 0x00000505, in <home>/webkit/Source/ThirdParty/ANGLE/src/libANGLE/renderer/metal/ContextMtl.mm, checkCommandBufferError:2976. Failed to allocate host memory.",
    +   "WebGL: OUT_OF_MEMORY: Error: 0x00000505, in <home>/webkit/Source/ThirdParty/ANGLE/src/libANGLE/renderer/metal/ContextMtl.mm, checkCommandBufferError:2976. Failed to allocate host memory.",
    +   "WebGL: OUT_OF_MEMORY: Error: 0x00000505, in <home>/webkit/Source/ThirdParty/ANGLE/src/libANGLE/renderer/metal/ContextMtl.mm, checkCommandBufferError:2976. Failed to allocate host memory.",
    +   "WebGL: OUT_OF_MEMORY: Error: 0x00000505, in <home>/webkit/Source/ThirdParty/ANGLE/src/libANGLE/renderer/metal/ContextMtl.mm, checkCommandBufferError:2976. Failed to allocate host memory.",
    +   "WebGL: OUT_OF_MEMORY: Error: 0x00000505, in <home>/webkit/Source/ThirdParty/ANGLE/src/libANGLE/renderer/metal/ContextMtl.mm, checkCommandBufferError:2976. Failed to allocate host memory.",
    +   "WebGL: OUT_OF_MEMORY: Error: 0x00000505, in <home>/webkit/Source/ThirdParty/ANGLE/src/libANGLE/renderer/metal/ContextMtl.mm, checkCommandBufferError:2976. Failed to allocate host memory.",
    +   "WebGL: OUT_OF_MEMORY: Error: 0x00000505, in <home>/webkit/Source/ThirdParty/ANGLE/src/libANGLE/renderer/metal/ContextMtl.mm, checkCommandBufferError:2976. Failed to allocate host memory.",
    +   "WebGL: OUT_OF_MEMORY: Error: 0x00000505, in <home>/webkit/Source/ThirdParty/ANGLE/src/libANGLE/renderer/metal/ContextMtl.mm, checkCommandBufferError:2976. Failed to allocate host memory.",
    +   "WebGL: OUT_OF_MEMORY: Error: 0x00000505, in <home>/webkit/Source/ThirdParty/ANGLE/src/libANGLE/renderer/metal/ContextMtl.mm, checkCommandBufferError:2976. Failed to allocate host memory.",
    +   "WebGL: OUT_OF_MEMORY: Error: 0x00000505, in <home>/webkit/Source/ThirdParty/ANGLE/src/libANGLE/renderer/metal/ContextMtl.mm, checkCommandBufferError:2976. Failed to allocate host memory.",
    +   "WebGL: OUT_OF_MEMORY: Error: 0x00000505, in <home>/webkit/Source/ThirdParty/ANGLE/src/libANGLE/renderer/metal/ContextMtl.mm, checkCommandBufferError:2976. Failed to allocate host memory.",
    +   "WebGL: OUT_OF_MEMORY: Error: 0x00000505, in <home>/webkit/Source/ThirdParty/ANGLE/src/libANGLE/renderer/metal/ContextMtl.mm, checkCommandBufferError:2976. Failed to allocate host memory.",
    +   "WebGL: OUT_OF_MEMORY: Error: 0x00000505, in <home>/webkit/Source/ThirdParty/ANGLE/src/libANGLE/renderer/metal/ContextMtl.mm, checkCommandBufferError:2976. Failed to allocate host memory.",
    +   "WebGL: OUT_OF_MEMORY: Error: 0x00000505, in <home>/webkit/Source/ThirdParty/ANGLE/src/libANGLE/renderer/metal/ContextMtl.mm, checkCommandBufferError:2976. Failed to allocate host memory.",
    +   "WebGL: OUT_OF_MEMORY: Error: 0x00000505, in <home>/webkit/Source/ThirdParty/ANGLE/src/libANGLE/renderer/metal/ContextMtl.mm, checkCommandBufferError:2976. Failed to allocate host memory.",
    +   "WebGL: OUT_OF_MEMORY: Error: 0x00000505, in <home>/webkit/Source/ThirdParty/ANGLE/src/libANGLE/renderer/metal/ContextMtl.mm, checkCommandBufferError:2976. Failed to allocate host memory.",
    +   "WebGL: OUT_OF_MEMORY: Error: 0x00000505, in <home>/webkit/Source/ThirdParty/ANGLE/src/libANGLE/renderer/metal/ContextMtl.mm, checkCommandBufferError:2976. Failed to allocate host memory.",
    +   "WebGL: OUT_OF_MEMORY: Error: 0x00000505, in <home>/webkit/Source/ThirdParty/ANGLE/src/libANGLE/renderer/metal/ContextMtl.mm, checkCommandBufferError:2976. Failed to allocate host memory.",
    +   "WebGL: OUT_OF_MEMORY: Error: 0x00000505, in <home>/webkit/Source/ThirdParty/ANGLE/src/libANGLE/renderer/metal/ContextMtl.mm, checkCommandBufferError:2976. Failed to allocate host memory.",
    +   "WebGL: OUT_OF_MEMORY: Error: 0x00000505, in <home>/webkit/Source/ThirdParty/ANGLE/src/libANGLE/renderer/metal/ContextMtl.mm, checkCommandBufferError:2976. Failed to allocate host memory.",
    +   "WebGL: OUT_OF_MEMORY: Error: 0x00000505, in <home>/webkit/Source/ThirdParty/ANGLE/src/libANGLE/renderer/metal/ContextMtl.mm, checkCommandBufferError:2976. Failed to allocate host memory.",
    +   "WebGL: OUT_OF_MEMORY: Error: 0x00000505, in <home>/webkit/Source/ThirdParty/ANGLE/src/libANGLE/renderer/metal/ContextMtl.mm, checkCommandBufferError:2976. Failed to allocate host memory.",
    +   "WebGL: OUT_OF_MEMORY: Error: 0x00000505, in <home>/webkit/Source/ThirdParty/ANGLE/src/libANGLE/renderer/metal/ContextMtl.mm, checkCommandBufferError:2976. Failed to allocate host memory.",
    +   "WebGL: OUT_OF_MEMORY: Error: 0x00000505, in <home>/webkit/Source/ThirdParty/ANGLE/src/libANGLE/renderer/metal/ContextMtl.mm, checkCommandBufferError:2976. Failed to allocate host memory.",
    +   "WebGL: OUT_OF_MEMORY: Error: 0x00000505, in <home>/webkit/Source/ThirdParty/ANGLE/src/libANGLE/renderer/metal/ContextMtl.mm, checkCommandBufferError:2976. Failed to allocate host memory.",
    +   "WebGL: OUT_OF_MEMORY: Error: 0x00000505, in <home>/webkit/Source/ThirdParty/ANGLE/src/libANGLE/renderer/metal/ContextMtl.mm, checkCommandBufferError:2976. Failed to allocate host memory.",
    +   "WebGL: OUT_OF_MEMORY: Error: 0x00000505, in <home>/webkit/Source/ThirdParty/ANGLE/src/libANGLE/renderer/metal/ContextMtl.mm, checkCommandBufferError:2976. Failed to allocate host memory.",
    +   "WebGL: OUT_OF_MEMORY: Error: 0x00000505, in <home>/webkit/Source/ThirdParty/ANGLE/src/libANGLE/renderer/metal/ContextMtl.mm, checkCommandBufferError:2976. Failed to allocate host memory.",
    +   "WebGL: OUT_OF_MEMORY: Error: 0x00000505, in <home>/webkit/Source/ThirdParty/ANGLE/src/libANGLE/renderer/metal/ContextMtl.mm, checkCommandBufferError:2976. Failed to allocate host memory.",
    +   "WebGL: OUT_OF_MEMORY: Error: 0x00000505, in <home>/webkit/Source/ThirdParty/ANGLE/src/libANGLE/renderer/metal/ContextMtl.mm, checkCommandBufferError:2976. Failed to allocate host memory.",
    +   "WebGL: OUT_OF_MEMORY: Error: 0x00000505, in <home>/webkit/Source/ThirdParty/ANGLE/src/libANGLE/renderer/metal/ContextMtl.mm, checkCommandBufferError:2976. Failed to allocate host memory.",
    +   "WebGL: OUT_OF_MEMORY: Error: 0x00000505, in <home>/webkit/Source/ThirdParty/ANGLE/src/libANGLE/renderer/metal/ContextMtl.mm, checkCommandBufferError:2976. Failed to allocate host memory.",
    +   "WebGL: OUT_OF_MEMORY: Error: 0x00000505, in <home>/webkit/Source/ThirdParty/ANGLE/src/libANGLE/renderer/metal/ContextMtl.mm, checkCommandBufferError:2976. Failed to allocate host memory.",
    +   "WebGL: OUT_OF_MEMORY: Error: 0x00000505, in <home>/webkit/Source/ThirdParty/ANGLE/src/libANGLE/renderer/metal/ContextMtl.mm, checkCommandBufferError:2976. Failed to allocate host memory.",
    +   "WebGL: OUT_OF_MEMORY: Error: 0x00000505, in <home>/webkit/Source/ThirdParty/ANGLE/src/libANGLE/renderer/metal/ContextMtl.mm, checkCommandBufferError:2976. Failed to allocate host memory.",
    +   "WebGL: OUT_OF_MEMORY: Error: 0x00000505, in <home>/webkit/Source/ThirdParty/ANGLE/src/libANGLE/renderer/metal/ContextMtl.mm, checkCommandBufferError:2976. Failed to allocate host memory.",
    +   "WebGL: OUT_OF_MEMORY: Error: 0x00000505, in <home>/webkit/Source/ThirdParty/ANGLE/src/libANGLE/renderer/metal/ContextMtl.mm, checkCommandBufferError:2976. Failed to allocate host memory.",
    +   "WebGL: OUT_OF_MEMORY: Error: 0x00000505, in <home>/webkit/Source/ThirdParty/ANGLE/src/libANGLE/renderer/metal/ContextMtl.mm, checkCommandBufferError:2976. Failed to allocate host memory.",
    +   "WebGL: OUT_OF_MEMORY: Error: 0x00000505, in <home>/webkit/Source/ThirdParty/ANGLE/src/libANGLE/renderer/metal/ContextMtl.mm, checkCommandBufferError:2976. Failed to allocate host memory.",
    +   "WebGL: OUT_OF_MEMORY: Error: 0x00000505, in <home>/webkit/Source/ThirdParty/ANGLE/src/libANGLE/renderer/metal/ContextMtl.mm, checkCommandBufferError:2976. Failed to allocate host memory.",
    +   "WebGL: OUT_OF_MEMORY: Error: 0x00000505, in <home>/webkit/Source/ThirdParty/ANGLE/src/libANGLE/renderer/metal/ContextMtl.mm, checkCommandBufferError:2976. Failed to allocate host memory.",
    +   "WebGL: OUT_OF_MEMORY: Error: 0x00000505, in <home>/webkit/Source/ThirdParty/ANGLE/src/libANGLE/renderer/metal/ContextMtl.mm, checkCommandBufferError:2976. Failed to allocate host memory.",
    +   "WebGL: OUT_OF_MEMORY: Error: 0x00000505, in <home>/webkit/Source/ThirdParty/ANGLE/src/libANGLE/renderer/metal/ContextMtl.mm, checkCommandBufferError:2976. Failed to allocate host memory.",
    +   "WebGL: OUT_OF_MEMORY: Error: 0x00000505, in <home>/webkit/Source/ThirdParty/ANGLE/src/libANGLE/renderer/metal/ContextMtl.mm, checkCommandBufferError:2976. Failed to allocate host memory.",
    +   "WebGL: OUT_OF_MEMORY: Error: 0x00000505, in <home>/webkit/Source/ThirdParty/ANGLE/src/libANGLE/renderer/metal/ContextMtl.mm, checkCommandBufferError:2976. Failed to allocate host memory.",
    +   "WebGL: OUT_OF_MEMORY: Error: 0x00000505, in <home>/webkit/Source/ThirdParty/ANGLE/src/libANGLE/renderer/metal/ContextMtl.mm, checkCommandBufferError:2976. Failed to allocate host memory.",
    +   "WebGL: OUT_OF_MEMORY: Error: 0x00000505, in <home>/webkit/Source/ThirdParty/ANGLE/src/libANGLE/renderer/metal/ContextMtl.mm, checkCommandBufferError:2976. Failed to allocate host memory.",
    +   "WebGL: OUT_OF_MEMORY: Error: 0x00000505, in <home>/webkit/Source/ThirdParty/ANGLE/src/libANGLE/renderer/metal/ContextMtl.mm, checkCommandBufferError:2976. Failed to allocate host memory.",
    +   "WebGL: OUT_OF_MEMORY: Error: 0x00000505, in <home>/webkit/Source/ThirdParty/ANGLE/src/libANGLE/renderer/metal/ContextMtl.mm, checkCommandBufferError:2976. Failed to allocate host memory.",
    +   "WebGL: OUT_OF_MEMORY: Error: 0x00000505, in <home>/webkit/Source/ThirdParty/ANGLE/src/libANGLE/renderer/metal/ContextMtl.mm, checkCommandBufferError:2976. Failed to allocate host memory.",
    +   "WebGL: OUT_OF_MEMORY: Error: 0x00000505, in <home>/webkit/Source/ThirdParty/ANGLE/src/libANGLE/renderer/metal/ContextMtl.mm, checkCommandBufferError:2976. Failed to allocate host memory.",
    +   "WebGL: OUT_OF_MEMORY: Error: 0x00000505, in <home>/webkit/Source/ThirdParty/ANGLE/src/libANGLE/renderer/metal/ContextMtl.mm, checkCommandBufferError:2976. Failed to allocate host memory.",
    +   "WebGL: OUT_OF_MEMORY: Error: 0x00000505, in <home>/webkit/Source/ThirdParty/ANGLE/src/libANGLE/renderer/metal/ContextMtl.mm, checkCommandBufferError:2976. Failed to allocate host memory.",
    +   "WebGL: OUT_OF_MEMORY: Error: 0x00000505, in <home>/webkit/Source/ThirdParty/ANGLE/src/libANGLE/renderer/metal/ContextMtl.mm, checkCommandBufferError:2976. Failed to allocate host memory.",
    +   "WebGL: OUT_OF_MEMORY: Error: 0x00000505, in <home>/webkit/Source/ThirdParty/ANGLE/src/libANGLE/renderer/metal/ContextMtl.mm, checkCommandBufferError:2976. Failed to allocate host memory.",
    +   "WebGL: OUT_OF_MEMORY: Error: 0x00000505, in <home>/webkit/Source/ThirdParty/ANGLE/src/libANGLE/renderer/metal/ContextMtl.mm, checkCommandBufferError:2976. Failed to allocate host memory.",
    +   "WebGL: OUT_OF_MEMORY: Error: 0x00000505, in <home>/webkit/Source/ThirdParty/ANGLE/src/libANGLE/renderer/metal/ContextMtl.mm, checkCommandBufferError:2976. Failed to allocate host memory.",
    +   "WebGL: OUT_OF_MEMORY: Error: 0x00000505, in <home>/webkit/Source/ThirdParty/ANGLE/src/libANGLE/renderer/metal/ContextMtl.mm, checkCommandBufferError:2976. Failed to allocate host memory.",
    +   "WebGL: OUT_OF_MEMORY: Error: 0x00000505, in <home>/webkit/Source/ThirdParty/ANGLE/src/libANGLE/renderer/metal/ContextMtl.mm, checkCommandBufferError:2976. Failed to allocate host memory.",
    +   "WebGL: OUT_OF_MEMORY: Error: 0x00000505, in <home>/webkit/Source/ThirdParty/ANGLE/src/libANGLE/renderer/metal/ContextMtl.mm, checkCommandBufferError:2976. Failed to allocate host memory.",
    +   "WebGL: OUT_OF_MEMORY: Error: 0x00000505, in <home>/webkit/Source/ThirdParty/ANGLE/src/libANGLE/renderer/metal/ContextMtl.mm, checkCommandBufferError:2976. Failed to allocate host memory.",
    +   "WebGL: OUT_OF_MEMORY: Error: 0x00000505, in <home>/webkit/Source/ThirdParty/ANGLE/src/libANGLE/renderer/metal/ContextMtl.mm, checkCommandBufferError:2976. Failed to allocate host memory.",
    +   "WebGL: OUT_OF_MEMORY: Error: 0x00000505, in <home>/webkit/Source/ThirdParty/ANGLE/src/libANGLE/renderer/metal/ContextMtl.mm, checkCommandBufferError:2976. Failed to allocate host memory.",
    +   "WebGL: OUT_OF_MEMORY: Error: 0x00000505, in <home>/webkit/Source/ThirdParty/ANGLE/src/libANGLE/renderer/metal/ContextMtl.mm, checkCommandBufferError:2976. Failed to allocate host memory.",
    +   "WebGL: OUT_OF_MEMORY: Error: 0x00000505, in <home>/webkit/Source/ThirdParty/ANGLE/src/libANGLE/renderer/metal/ContextMtl.mm, checkCommandBufferError:2976. Failed to allocate host memory.",
    +   "WebGL: OUT_OF_MEMORY: Error: 0x00000505, in <home>/webkit/Source/ThirdParty/ANGLE/src/libANGLE/renderer/metal/ContextMtl.mm, checkCommandBufferError:2976. Failed to allocate host memory.",
    +   "WebGL: OUT_OF_MEMORY: Error: 0x00000505, in <home>/webkit/Source/ThirdParty/ANGLE/src/libANGLE/renderer/metal/ContextMtl.mm, checkCommandBufferError:2976. Failed to allocate host memory.",
    +   "WebGL: OUT_OF_MEMORY: Error: 0x00000505, in <home>/webkit/Source/ThirdParty/ANGLE/src/libANGLE/renderer/metal/ContextMtl.mm, checkCommandBufferError:2976. Failed to allocate host memory.",
    +   "WebGL: OUT_OF_MEMORY: Error: 0x00000505, in <home>/webkit/Source/ThirdParty/ANGLE/src/libANGLE/renderer/metal/ContextMtl.mm, checkCommandBufferError:2976. Failed to allocate host memory.",
    +   "WebGL: OUT_OF_MEMORY: Error: 0x00000505, in <home>/webkit/Source/ThirdParty/ANGLE/src/libANGLE/renderer/metal/ContextMtl.mm, checkCommandBufferError:2976. Failed to allocate host memory.",
    +   "WebGL: context lost.",
    + ]

      169 |   await expect(main(page)).toHaveAttribute('data-time','20');await expect(page.getByRole('button',{name:'Step 10s',exact:true})).toBeEnabled();
      170 |   expect(await exportArtifact(page,'results')).toBe(completed);
    > 171 |   await screenshot(page,info,'cancel-stale-worker');expect(errors).toEqual([]);
          |                                                                    ^
      172 | });
      173 |
      174 | test.describe('reduced-motion touch acceptance',()=>{
        at <verified-checkout>/tests/browser/twin.spec.ts:171:68

    attachment #1: cancel-stale-worker (image/png) ─────────────────────────────────────────────────
    test-results/twin-cancel-run-retains-co-7b95d--work-rejects-stale-updates-webkit/attachments/cancel-stale-worker-e6b6509fdee5b322bd25b979e5c9d7edfb11b4b6.png
    ────────────────────────────────────────────────────────────────────────────────────────────────

    attachment #2: screenshot (image/png) ──────────────────────────────────────────────────────────
    test-results/twin-cancel-run-retains-co-7b95d--work-rejects-stale-updates-webkit/test-failed-1.png
    ────────────────────────────────────────────────────────────────────────────────────────────────

    Error Context: test-results/twin-cancel-run-retains-co-7b95d--work-rejects-stale-updates-webkit/error-context.md

    attachment #4: trace (application/zip) ─────────────────────────────────────────────────────────
    test-results/twin-cancel-run-retains-co-7b95d--work-rejects-stale-updates-webkit/trace.zip
    Usage:

        npx playwright show-trace test-results/twin-cancel-run-retains-co-7b95d--work-rejects-stale-updates-webkit/trace.zip

    ────────────────────────────────────────────────────────────────────────────────────────────────

  11 failed
    [firefox] › tests/browser/acceptance.spec.ts:28:1 › rendered modes, connected exploded paths, interior and bounded resources 
    [firefox] › tests/browser/acceptance.spec.ts:137:1 › presets, engineering controls, validation and fresh-context sharing 
    [firefox] › tests/browser/acceptance.spec.ts:215:1 › mobile controls, contextual inspection and explicit WebGL fallback 
    [firefox] › tests/browser/acceptance.spec.ts:279:1 › demo runs through real state, cancels, restores and restarts; keyboard dialog access 
    [firefox] › tests/browser/twin.spec.ts:50:1 › specific pump failure propagates to flow, clock, thermal state, restoration and numerical replay 
    [firefox] › tests/browser/twin.spec.ts:99:1 › clock pause and speed are independent of design resets and validated controls 
    [firefox] › tests/browser/twin.spec.ts:176:3 › reduced-motion touch acceptance › touch waypoints and keyboard exit preserve exact selected asset and physical state 
    [firefox] › tests/browser/twin.spec.ts:203:1 › comparison renders two computed 240-second runs and exports identical disturbance histories 
    [firefox] › tests/browser/twin.spec.ts:248:1 › context cameras, keyboard interior, distinct families and bounded large-scene diagnostics 
    [firefox] › tests/browser/visual.spec.ts:3:1 › capture the first coherent 3D slice ─────────────
    [webkit] › tests/browser/twin.spec.ts:146:1 › cancel run retains completed state and superseding work rejects stale updates 
  64 passed (22.7m)
