
> neptune@2.0.0-rc.1 test:browser
> playwright test


Running 75 tests using 1 worker

(node:27771) Warning: The 'NO_COLOR' env is ignored due to the 'FORCE_COLOR' env being set.
(Use `node --trace-warnings ...` to show where the warning was created)
  ✓   1 [chromium] › tests/browser/acceptance.spec.ts:28:1 › rendered modes, connected exploded paths, interior and bounded resources (7.2s)
  ✓   2 [chromium] › tests/browser/acceptance.spec.ts:137:1 › presets, engineering controls, validation and fresh-context sharing (6.9s)
  ✓   3 [chromium] › tests/browser/acceptance.spec.ts:215:1 › mobile controls, contextual inspection and explicit WebGL fallback (7.9s)
  ✓   4 [chromium] › tests/browser/acceptance.spec.ts:279:1 › demo runs through real state, cancels, restores and restarts; keyboard dialog access (39.0s)
  ✓   5 [chromium] › tests/browser/phase1.spec.ts:51:1 › PH1-UI-01 saves complete checkpoints, recovers on refresh, and rejects malformed import transactionally (2.3s)
  ✓   6 [chromium] › tests/browser/phase1.spec.ts:93:1 › PH1-UI-01 quota failure preserves last durable checkpoint and allows current manual export (1.2s)
  ✓   7 [chromium] › tests/browser/phase1.spec.ts:127:1 › PH1-COMP-01 legacy inspection and explicit recalculation preserve the original identity (1.8s)
  ✓   8 [chromium] › tests/browser/phase1.spec.ts:195:1 › PH1-REP-02 replay cancellation retains a committed checkpoint and resume reaches the same target (6.1s)
  ✓   9 [chromium] › tests/browser/phase1.spec.ts:232:1 › PH1-REP-02 an actual worker error event keeps validated state and a new worker can continue (1.3s)
  ✓  10 [chromium] › tests/browser/phase1.spec.ts:272:1 › PH1-REP-02 import supersedes replay and a delivered stale worker response cannot overwrite it (1.7s)
  ✓  11 [chromium] › tests/browser/phase1.spec.ts:325:1 › PH1-UI-01 unreadable recovery is retained until an explicit clear and manual export remains available (1.2s)
  ✓  12 [chromium] › tests/browser/phase1.spec.ts:356:1 › PH1-REP-01 exact restoration and UI replay preserve a fractional integration grid (1.4s)
  ✓  13 [chromium] › tests/browser/phase1.spec.ts:384:1 › PH1-NUM-03 a stored scenario numeric overflow is rejected before JSON rewriting can turn it into null (1.8s)
  ✓  14 [chromium] › tests/browser/twin.spec.ts:49:1 › specific pump failure propagates to flow, clock, thermal state, restoration and numerical replay (2.1s)
  ✓  15 [chromium] › tests/browser/twin.spec.ts:85:1 › standby transfer is an actual selected-component state transition (1.8s)
  ✓  16 [chromium] › tests/browser/twin.spec.ts:98:1 › clock pause and speed are independent of design resets and validated controls (4.4s)
  ✘  17 [chromium] › tests/browser/twin.spec.ts:114:1 › seek backward and forward restores exact event-boundary numerical results (14.5s)
(node:28153) Warning: The 'NO_COLOR' env is ignored due to the 'FORCE_COLOR' env being set.
(Use `node --trace-warnings ...` to show where the warning was created)
  ✓  18 [chromium] › tests/browser/twin.spec.ts:144:1 › cancel run retains completed state and superseding work rejects stale updates (3.4s)
  ✓  19 [chromium] › tests/browser/twin.spec.ts:174:3 › reduced-motion touch acceptance › touch waypoints and keyboard exit preserve exact selected asset and physical state (3.8s)
  ✓  20 [chromium] › tests/browser/twin.spec.ts:201:1 › comparison renders two computed 240-second runs and exports identical disturbance histories (2.4s)
  ✓  21 [chromium] › tests/browser/twin.spec.ts:218:1 › project exports and imports replay numerical state, with invalid mappings rejected visibly (1.9s)
  ✓  22 [chromium] › tests/browser/twin.spec.ts:233:1 › mobile keyboard and explicit fallback retain asset inspection, operation and exports (1.6s)
  ✓  23 [chromium] › tests/browser/twin.spec.ts:246:1 › context cameras, keyboard interior, distinct families and bounded large-scene diagnostics (18.4s)
  ✓  24 [chromium] › tests/browser/twin.spec.ts:288:1 › legacy saved scenario links retain the explicit aggregate model (1.8s)
  ✓  25 [chromium] › tests/browser/visual.spec.ts:3:1 › capture the first coherent 3D slice (6.1s)
(node:28200) Warning: The 'NO_COLOR' env is ignored due to the 'FORCE_COLOR' env being set.
(Use `node --trace-warnings ...` to show where the warning was created)
  ✓  26 [firefox] › tests/browser/acceptance.spec.ts:28:1 › rendered modes, connected exploded paths, interior and bounded resources (6.2s)
  ✓  27 [firefox] › tests/browser/acceptance.spec.ts:137:1 › presets, engineering controls, validation and fresh-context sharing (5.5s)
  ✓  28 [firefox] › tests/browser/acceptance.spec.ts:215:1 › mobile controls, contextual inspection and explicit WebGL fallback (7.3s)
  ✓  29 [firefox] › tests/browser/acceptance.spec.ts:279:1 › demo runs through real state, cancels, restores and restarts; keyboard dialog access (38.6s)
  ✓  30 [firefox] › tests/browser/phase1.spec.ts:51:1 › PH1-UI-01 saves complete checkpoints, recovers on refresh, and rejects malformed import transactionally (1.2s)
  ✓  31 [firefox] › tests/browser/phase1.spec.ts:93:1 › PH1-UI-01 quota failure preserves last durable checkpoint and allows current manual export (665ms)
  ✓  32 [firefox] › tests/browser/phase1.spec.ts:127:1 › PH1-COMP-01 legacy inspection and explicit recalculation preserve the original identity (1.1s)
  ✓  33 [firefox] › tests/browser/phase1.spec.ts:195:1 › PH1-REP-02 replay cancellation retains a committed checkpoint and resume reaches the same target (6.1s)
  ✓  34 [firefox] › tests/browser/phase1.spec.ts:232:1 › PH1-REP-02 an actual worker error event keeps validated state and a new worker can continue (841ms)
  ✓  35 [firefox] › tests/browser/phase1.spec.ts:272:1 › PH1-REP-02 import supersedes replay and a delivered stale worker response cannot overwrite it (1.1s)
  ✓  36 [firefox] › tests/browser/phase1.spec.ts:325:1 › PH1-UI-01 unreadable recovery is retained until an explicit clear and manual export remains available (633ms)
  ✓  37 [firefox] › tests/browser/phase1.spec.ts:356:1 › PH1-REP-01 exact restoration and UI replay preserve a fractional integration grid (763ms)
  ✓  38 [firefox] › tests/browser/phase1.spec.ts:384:1 › PH1-NUM-03 a stored scenario numeric overflow is rejected before JSON rewriting can turn it into null (754ms)
  ✓  39 [firefox] › tests/browser/twin.spec.ts:49:1 › specific pump failure propagates to flow, clock, thermal state, restoration and numerical replay (1.8s)
  ✓  40 [firefox] › tests/browser/twin.spec.ts:85:1 › standby transfer is an actual selected-component state transition (1.3s)
  ✓  41 [firefox] › tests/browser/twin.spec.ts:98:1 › clock pause and speed are independent of design resets and validated controls (3.9s)
  ✘  42 [firefox] › tests/browser/twin.spec.ts:114:1 › seek backward and forward restores exact event-boundary numerical results (14.0s)
(node:28543) Warning: The 'NO_COLOR' env is ignored due to the 'FORCE_COLOR' env being set.
(Use `node --trace-warnings ...` to show where the warning was created)
  ✓  43 [firefox] › tests/browser/twin.spec.ts:144:1 › cancel run retains completed state and superseding work rejects stale updates (3.1s)
  ✓  44 [firefox] › tests/browser/twin.spec.ts:174:3 › reduced-motion touch acceptance › touch waypoints and keyboard exit preserve exact selected asset and physical state (3.5s)
  ✓  45 [firefox] › tests/browser/twin.spec.ts:201:1 › comparison renders two computed 240-second runs and exports identical disturbance histories (1.9s)
  ✓  46 [firefox] › tests/browser/twin.spec.ts:218:1 › project exports and imports replay numerical state, with invalid mappings rejected visibly (1.2s)
  ✓  47 [firefox] › tests/browser/twin.spec.ts:233:1 › mobile keyboard and explicit fallback retain asset inspection, operation and exports (1.2s)
  ✓  48 [firefox] › tests/browser/twin.spec.ts:246:1 › context cameras, keyboard interior, distinct families and bounded large-scene diagnostics (24.3s)
  ✓  49 [firefox] › tests/browser/twin.spec.ts:288:1 › legacy saved scenario links retain the explicit aggregate model (1.1s)
  ✓  50 [firefox] › tests/browser/visual.spec.ts:3:1 › capture the first coherent 3D slice (4.5s)
(node:28560) Warning: The 'NO_COLOR' env is ignored due to the 'FORCE_COLOR' env being set.
(Use `node --trace-warnings ...` to show where the warning was created)
  ✓  51 [webkit] › tests/browser/acceptance.spec.ts:28:1 › rendered modes, connected exploded paths, interior and bounded resources (7.6s)
  ✓  52 [webkit] › tests/browser/acceptance.spec.ts:137:1 › presets, engineering controls, validation and fresh-context sharing (5.9s)
  ✓  53 [webkit] › tests/browser/acceptance.spec.ts:215:1 › mobile controls, contextual inspection and explicit WebGL fallback (7.4s)
  ✓  54 [webkit] › tests/browser/acceptance.spec.ts:279:1 › demo runs through real state, cancels, restores and restarts; keyboard dialog access (38.7s)
  ✓  55 [webkit] › tests/browser/phase1.spec.ts:51:1 › PH1-UI-01 saves complete checkpoints, recovers on refresh, and rejects malformed import transactionally (1.7s)
  ✓  56 [webkit] › tests/browser/phase1.spec.ts:93:1 › PH1-UI-01 quota failure preserves last durable checkpoint and allows current manual export (997ms)
  ✓  57 [webkit] › tests/browser/phase1.spec.ts:127:1 › PH1-COMP-01 legacy inspection and explicit recalculation preserve the original identity (1.6s)
  ✓  58 [webkit] › tests/browser/phase1.spec.ts:195:1 › PH1-REP-02 replay cancellation retains a committed checkpoint and resume reaches the same target (5.7s)
  ✓  59 [webkit] › tests/browser/phase1.spec.ts:232:1 › PH1-REP-02 an actual worker error event keeps validated state and a new worker can continue (1.1s)
  ✓  60 [webkit] › tests/browser/phase1.spec.ts:272:1 › PH1-REP-02 import supersedes replay and a delivered stale worker response cannot overwrite it (1.5s)
  ✓  61 [webkit] › tests/browser/phase1.spec.ts:325:1 › PH1-UI-01 unreadable recovery is retained until an explicit clear and manual export remains available (1.0s)
  ✓  62 [webkit] › tests/browser/phase1.spec.ts:356:1 › PH1-REP-01 exact restoration and UI replay preserve a fractional integration grid (1.1s)
  ✓  63 [webkit] › tests/browser/phase1.spec.ts:384:1 › PH1-NUM-03 a stored scenario numeric overflow is rejected before JSON rewriting can turn it into null (1.3s)
  ✓  64 [webkit] › tests/browser/twin.spec.ts:49:1 › specific pump failure propagates to flow, clock, thermal state, restoration and numerical replay (2.2s)
  ✓  65 [webkit] › tests/browser/twin.spec.ts:85:1 › standby transfer is an actual selected-component state transition (1.8s)
  ✓  66 [webkit] › tests/browser/twin.spec.ts:98:1 › clock pause and speed are independent of design resets and validated controls (4.2s)
  ✘  67 [webkit] › tests/browser/twin.spec.ts:114:1 › seek backward and forward restores exact event-boundary numerical results (14.2s)
(node:29025) Warning: The 'NO_COLOR' env is ignored due to the 'FORCE_COLOR' env being set.
(Use `node --trace-warnings ...` to show where the warning was created)
  ✓  68 [webkit] › tests/browser/twin.spec.ts:144:1 › cancel run retains completed state and superseding work rejects stale updates (3.2s)
  ✓  69 [webkit] › tests/browser/twin.spec.ts:174:3 › reduced-motion touch acceptance › touch waypoints and keyboard exit preserve exact selected asset and physical state (3.7s)
  ✓  70 [webkit] › tests/browser/twin.spec.ts:201:1 › comparison renders two computed 240-second runs and exports identical disturbance histories (2.3s)
  ✓  71 [webkit] › tests/browser/twin.spec.ts:218:1 › project exports and imports replay numerical state, with invalid mappings rejected visibly (1.7s)
  ✓  72 [webkit] › tests/browser/twin.spec.ts:233:1 › mobile keyboard and explicit fallback retain asset inspection, operation and exports (1.2s)
  ✓  73 [webkit] › tests/browser/twin.spec.ts:246:1 › context cameras, keyboard interior, distinct families and bounded large-scene diagnostics (18.8s)
  ✓  74 [webkit] › tests/browser/twin.spec.ts:288:1 › legacy saved scenario links retain the explicit aggregate model (1.3s)
  ✓  75 [webkit] › tests/browser/visual.spec.ts:3:1 › capture the first coherent 3D slice (6.4s)


  1) [chromium] › tests/browser/twin.spec.ts:114:1 › seek backward and forward restores exact event-boundary numerical results 

    Error: expect(locator).toBeDisabled() failed

    Locator:  getByRole('button', { name: 'Seek time', exact: true })
    Expected: disabled
    Received: enabled
    Timeout:  12000ms

    Call log:
      - Expect "toBeDisabled" getByRole('button', { name: 'Seek time', exact: true }) with timeout 12000ms
      - waiting for getByRole('button', { name: 'Seek time', exact: true })
        28 × locator resolved to <button>Seek time</button>
           - unexpected value "enabled"


      136 |   await seek(30,recovered);await expect.poll(()=>inspectorStatus(page)).toContain('running');
      137 |   for(const invalid of ['-1','0.5','86401']){
    > 138 |     await target.fill(invalid);await expect(page.getByRole('button',{name:'Seek time',exact:true})).toBeDisabled();
          |                                                                                                     ^
      139 |     await expect(main(page)).toHaveAttribute('data-time','30');
      140 |   }
      141 |   await target.fill('30');await screenshot(page,info,'seek-exact-replay');expect(errors).toEqual([]);
        at /private<verified-checkout>/tests/browser/twin.spec.ts:138:101

    attachment #1: screenshot (image/png) ──────────────────────────────────────────────────────────
    test-results/twin-seek-backward-and-for-313ff--boundary-numerical-results-chromium/test-failed-1.png
    ────────────────────────────────────────────────────────────────────────────────────────────────

    Error Context: test-results/twin-seek-backward-and-for-313ff--boundary-numerical-results-chromium/error-context.md

    attachment #3: trace (application/zip) ─────────────────────────────────────────────────────────
    test-results/twin-seek-backward-and-for-313ff--boundary-numerical-results-chromium/trace.zip
    Usage:

        npx playwright show-trace test-results/twin-seek-backward-and-for-313ff--boundary-numerical-results-chromium/trace.zip

    ────────────────────────────────────────────────────────────────────────────────────────────────

  2) [firefox] › tests/browser/twin.spec.ts:114:1 › seek backward and forward restores exact event-boundary numerical results 

    Error: expect(locator).toBeDisabled() failed

    Locator:  getByRole('button', { name: 'Seek time', exact: true })
    Expected: disabled
    Received: enabled
    Timeout:  12000ms

    Call log:
      - Expect "toBeDisabled" getByRole('button', { name: 'Seek time', exact: true }) with timeout 12000ms
      - waiting for getByRole('button', { name: 'Seek time', exact: true })
        27 × locator resolved to <button>Seek time</button>
           - unexpected value "enabled"


      136 |   await seek(30,recovered);await expect.poll(()=>inspectorStatus(page)).toContain('running');
      137 |   for(const invalid of ['-1','0.5','86401']){
    > 138 |     await target.fill(invalid);await expect(page.getByRole('button',{name:'Seek time',exact:true})).toBeDisabled();
          |                                                                                                     ^
      139 |     await expect(main(page)).toHaveAttribute('data-time','30');
      140 |   }
      141 |   await target.fill('30');await screenshot(page,info,'seek-exact-replay');expect(errors).toEqual([]);
        at /private<verified-checkout>/tests/browser/twin.spec.ts:138:101

    attachment #1: screenshot (image/png) ──────────────────────────────────────────────────────────
    test-results/twin-seek-backward-and-for-313ff--boundary-numerical-results-firefox/test-failed-1.png
    ────────────────────────────────────────────────────────────────────────────────────────────────

    Error Context: test-results/twin-seek-backward-and-for-313ff--boundary-numerical-results-firefox/error-context.md

    attachment #3: trace (application/zip) ─────────────────────────────────────────────────────────
    test-results/twin-seek-backward-and-for-313ff--boundary-numerical-results-firefox/trace.zip
    Usage:

        npx playwright show-trace test-results/twin-seek-backward-and-for-313ff--boundary-numerical-results-firefox/trace.zip

    ────────────────────────────────────────────────────────────────────────────────────────────────

  3) [webkit] › tests/browser/twin.spec.ts:114:1 › seek backward and forward restores exact event-boundary numerical results 

    Error: expect(locator).toBeDisabled() failed

    Locator:  getByRole('button', { name: 'Seek time', exact: true })
    Expected: disabled
    Received: enabled
    Timeout:  12000ms

    Call log:
      - Expect "toBeDisabled" getByRole('button', { name: 'Seek time', exact: true }) with timeout 12000ms
      - waiting for getByRole('button', { name: 'Seek time', exact: true })
        28 × locator resolved to <button>Seek time</button>
           - unexpected value "enabled"


      136 |   await seek(30,recovered);await expect.poll(()=>inspectorStatus(page)).toContain('running');
      137 |   for(const invalid of ['-1','0.5','86401']){
    > 138 |     await target.fill(invalid);await expect(page.getByRole('button',{name:'Seek time',exact:true})).toBeDisabled();
          |                                                                                                     ^
      139 |     await expect(main(page)).toHaveAttribute('data-time','30');
      140 |   }
      141 |   await target.fill('30');await screenshot(page,info,'seek-exact-replay');expect(errors).toEqual([]);
        at /private<verified-checkout>/tests/browser/twin.spec.ts:138:101

    attachment #1: screenshot (image/png) ──────────────────────────────────────────────────────────
    test-results/twin-seek-backward-and-for-313ff--boundary-numerical-results-webkit/test-failed-1.png
    ────────────────────────────────────────────────────────────────────────────────────────────────

    Error Context: test-results/twin-seek-backward-and-for-313ff--boundary-numerical-results-webkit/error-context.md

    attachment #3: trace (application/zip) ─────────────────────────────────────────────────────────
    test-results/twin-seek-backward-and-for-313ff--boundary-numerical-results-webkit/trace.zip
    Usage:

        npx playwright show-trace test-results/twin-seek-backward-and-for-313ff--boundary-numerical-results-webkit/trace.zip

    ────────────────────────────────────────────────────────────────────────────────────────────────

  3 failed
    [chromium] › tests/browser/twin.spec.ts:114:1 › seek backward and forward restores exact event-boundary numerical results 
    [firefox] › tests/browser/twin.spec.ts:114:1 › seek backward and forward restores exact event-boundary numerical results 
    [webkit] › tests/browser/twin.spec.ts:114:1 › seek backward and forward restores exact event-boundary numerical results 
  72 passed (6.9m)
