
> neptune@2.0.0-rc.1 dev
> vite --host 127.0.0.1 --strictPort


  VITE v8.2.2  ready in 95 ms

  ➜  Local:   http://127.0.0.1:5173/
11:17:32 AM [vite] (client) [console.warn] THREE.Clock: This module has been deprecated. Please use THREE.Timer instead.
11:17:39 AM [vite] (client) [console.warn] THREE.Clock: This module has been deprecated. Please use THREE.Timer instead.
11:17:39 AM [vite] (client) [console.warn] THREE.WebGLShadowMap: PCFSoftShadowMap has been removed. Using PCFShadowMap instead.
11:17:39 AM [vite] (client) [console.warn] THREE.WebGLShadowMap: PCFSoftShadowMap has been removed. Using PCFShadowMap instead.
11:17:41 AM [vite] (client) [console.warn] THREE.WebGLShadowMap: PCFSoftShadowMap has been removed. Using PCFShadowMap instead.
11:17:42 AM [vite] (client) [console.warn] THREE.WebGLShadowMap: PCFSoftShadowMap has been removed. Using PCFShadowMap instead.
11:17:42 AM [vite] (client) [console.warn] THREE.WebGLShadowMap: PCFSoftShadowMap has been removed. Using PCFShadowMap instead.
11:17:42 AM [vite] (client) [console.warn] THREE.WebGLShadowMap: PCFSoftShadowMap has been removed. Using PCFShadowMap instead.
11:17:43 AM [vite] (client) [console.warn] THREE.WebGLShadowMap: PCFSoftShadowMap has been removed. Using PCFShadowMap instead.
11:17:43 AM [vite] (client) [console.warn] THREE.WebGLShadowMap: PCFSoftShadowMap has been removed. Using PCFShadowMap instead.
11:17:43 AM [vite] (client) [console.warn] THREE.WebGLShadowMap: PCFSoftShadowMap has been removed. Using PCFShadowMap instead.
11:17:43 AM [vite] (client) [console.warn] THREE.WebGLShadowMap: PCFSoftShadowMap has been removed. Using PCFShadowMap instead.
11:17:43 AM [vite] (client) [console.warn] THREE.WebGLShadowMap: PCFSoftShadowMap has been removed. Using PCFShadowMap instead.
11:17:43 AM [vite] (client) [console.warn] THREE.WebGLShadowMap: PCFSoftShadowMap has been removed. Using PCFShadowMap instead.
11:17:43 AM [vite] (client) [console.warn] THREE.WebGLShadowMap: PCFSoftShadowMap has been removed. Using PCFShadowMap instead.
11:17:43 AM [vite] (client) [console.warn] THREE.WebGLShadowMap: PCFSoftShadowMap has been removed. Using PCFShadowMap instead.
11:17:44 AM [vite] (client) [console.warn] THREE.WebGLShadowMap: PCFSoftShadowMap has been removed. Using PCFShadowMap instead.
11:17:44 AM [vite] (client) [console.warn] THREE.WebGLShadowMap: PCFSoftShadowMap has been removed. Using PCFShadowMap instead.
11:17:44 AM [vite] (client) [console.warn] THREE.WebGLShadowMap: PCFSoftShadowMap has been removed. Using PCFShadowMap instead.
11:17:44 AM [vite] (client) [console.warn] THREE.WebGLShadowMap: PCFSoftShadowMap has been removed. Using PCFShadowMap instead.
11:17:44 AM [vite] (client) [console.warn] THREE.WebGLShadowMap: PCFSoftShadowMap has been removed. Using PCFShadowMap instead.
11:17:45 AM [vite] (client) [console.warn] THREE.WebGLShadowMap: PCFSoftShadowMap has been removed. Using PCFShadowMap instead.
11:17:45 AM [vite] (client) [console.warn] THREE.WebGLShadowMap: PCFSoftShadowMap has been removed. Using PCFShadowMap instead.
11:17:46 AM [vite] (client) [console.warn] THREE.Clock: This module has been deprecated. Please use THREE.Timer instead.
11:17:46 AM [vite] (client) [console.warn] THREE.WebGLShadowMap: PCFSoftShadowMap has been removed. Using PCFShadowMap instead.
11:17:46 AM [vite] (client) [console.warn] THREE.WebGLShadowMap: PCFSoftShadowMap has been removed. Using PCFShadowMap instead.
11:17:48 AM [vite] (client) [console.warn] THREE.WebGLShadowMap: PCFSoftShadowMap has been removed. Using PCFShadowMap instead.
11:17:50 AM [vite] (client) [console.warn] THREE.WebGLShadowMap: PCFSoftShadowMap has been removed. Using PCFShadowMap instead.
11:17:50 AM [vite] (client) [console.warn] THREE.WebGLShadowMap: PCFSoftShadowMap has been removed. Using PCFShadowMap instead.
11:17:50 AM [vite] (client) [console.warn] THREE.WebGLShadowMap: PCFSoftShadowMap has been removed. Using PCFShadowMap instead.
11:17:50 AM [vite] (client) [console.warn] THREE.WebGLShadowMap: PCFSoftShadowMap has been removed. Using PCFShadowMap instead.
11:17:50 AM [vite] (client) [console.warn] THREE.WebGLShadowMap: PCFSoftShadowMap has been removed. Using PCFShadowMap instead.
11:17:51 AM [vite] (client) [console.warn] THREE.Clock: This module has been deprecated. Please use THREE.Timer instead.
11:17:51 AM [vite] (client) [console.warn] THREE.WebGLShadowMap: PCFSoftShadowMap has been removed. Using PCFShadowMap instead.
11:17:51 AM [vite] (client) [console.warn] THREE.WebGLShadowMap: PCFSoftShadowMap has been removed. Using PCFShadowMap instead.
11:17:52 AM [vite] (client) [console.warn] THREE.Clock: This module has been deprecated. Please use THREE.Timer instead.
11:17:52 AM [vite] (client) [console.warn] THREE.WebGLShadowMap: PCFSoftShadowMap has been removed. Using PCFShadowMap instead.
11:17:52 AM [vite] (client) [console.warn] THREE.WebGLShadowMap: PCFSoftShadowMap has been removed. Using PCFShadowMap instead.
11:17:53 AM [vite] (client) [console.warn] THREE.Clock: This module has been deprecated. Please use THREE.Timer instead.
11:17:53 AM [vite] (client) [console.warn] THREE.WebGLShadowMap: PCFSoftShadowMap has been removed. Using PCFShadowMap instead.
11:17:53 AM [vite] (client) [console.warn] THREE.WebGLShadowMap: PCFSoftShadowMap has been removed. Using PCFShadowMap instead.
11:17:55 AM [vite] (client) [console.warn] THREE.WebGLShadowMap: PCFSoftShadowMap has been removed. Using PCFShadowMap instead.
11:17:55 AM [vite] (client) [console.warn] THREE.WebGLShadowMap: PCFSoftShadowMap has been removed. Using PCFShadowMap instead.
11:17:55 AM [vite] (client) [console.warn] THREE.WebGLShadowMap: PCFSoftShadowMap has been removed. Using PCFShadowMap instead.
11:17:55 AM [vite] (client) [console.warn] THREE.WebGLShadowMap: PCFSoftShadowMap has been removed. Using PCFShadowMap instead.
11:17:55 AM [vite] (client) [console.warn] THREE.WebGLShadowMap: PCFSoftShadowMap has been removed. Using PCFShadowMap instead.
11:17:55 AM [vite] (client) [console.warn] THREE.WebGLShadowMap: PCFSoftShadowMap has been removed. Using PCFShadowMap instead.
11:17:56 AM [vite] (client) [console.warn] THREE.Clock: This module has been deprecated. Please use THREE.Timer instead.
11:17:56 AM [vite] (client) [console.warn] THREE.WebGLShadowMap: PCFSoftShadowMap has been removed. Using PCFShadowMap instead.
11:17:57 AM [vite] (client) [console.warn] THREE.WebGLShadowMap: PCFSoftShadowMap has been removed. Using PCFShadowMap instead.
11:17:58 AM [vite] (client) [console.warn] THREE.WebGLShadowMap: PCFSoftShadowMap has been removed. Using PCFShadowMap instead.
11:17:58 AM [vite] (client) [console.warn] THREE.WebGLShadowMap: PCFSoftShadowMap has been removed. Using PCFShadowMap instead.
11:18:01 AM [vite] (client) [console.warn] THREE.Clock: This module has been deprecated. Please use THREE.Timer instead.
11:18:01 AM [vite] (client) [console.warn] THREE.WebGLShadowMap: PCFSoftShadowMap has been removed. Using PCFShadowMap instead.
11:18:01 AM [vite] (client) [console.warn] THREE.WebGLShadowMap: PCFSoftShadowMap has been removed. Using PCFShadowMap instead.
11:18:03 AM [vite] (client) [console.warn] THREE.WebGLShadowMap: PCFSoftShadowMap has been removed. Using PCFShadowMap instead.
11:18:08 AM [vite] (client) [console.warn] THREE.WebGLShadowMap: PCFSoftShadowMap has been removed. Using PCFShadowMap instead.
11:18:08 AM [vite] (client) [console.warn] THREE.WebGLShadowMap: PCFSoftShadowMap has been removed. Using PCFShadowMap instead.
11:18:08 AM [vite] (client) [console.warn] THREE.WebGLShadowMap: PCFSoftShadowMap has been removed. Using PCFShadowMap instead.
11:18:08 AM [vite] (client) [console.warn] THREE.WebGLShadowMap: PCFSoftShadowMap has been removed. Using PCFShadowMap instead.
11:18:08 AM [vite] (client) [console.warn] THREE.WebGLShadowMap: PCFSoftShadowMap has been removed. Using PCFShadowMap instead.
11:18:13 AM [vite] (client) [console.warn] THREE.WebGLShadowMap: PCFSoftShadowMap has been removed. Using PCFShadowMap instead.
11:18:18 AM [vite] (client) [console.warn] THREE.WebGLShadowMap: PCFSoftShadowMap has been removed. Using PCFShadowMap instead.
11:18:23 AM [vite] (client) [console.warn] THREE.WebGLShadowMap: PCFSoftShadowMap has been removed. Using PCFShadowMap instead.
11:18:28 AM [vite] (client) [console.warn] THREE.WebGLShadowMap: PCFSoftShadowMap has been removed. Using PCFShadowMap instead.
11:18:34 AM [vite] (client) [console.warn] THREE.WebGLShadowMap: PCFSoftShadowMap has been removed. Using PCFShadowMap instead.
11:18:38 AM [vite] (client) [console.warn] THREE.WebGLShadowMap: PCFSoftShadowMap has been removed. Using PCFShadowMap instead.
11:18:39 AM [vite] (client) [console.warn] THREE.WebGLShadowMap: PCFSoftShadowMap has been removed. Using PCFShadowMap instead.
11:18:39 AM [vite] (client) [console.warn] THREE.WebGLShadowMap: PCFSoftShadowMap has been removed. Using PCFShadowMap instead.
11:18:59 AM [vite] (client) [console.warn] THREE.Clock: This module has been deprecated. Please use THREE.Timer instead.
11:19:01 AM [vite] (client) [console.warn] THREE.Clock: This module has been deprecated. Please use THREE.Timer instead.
11:19:03 AM [vite] (client) [console.warn] THREE.Clock: This module has been deprecated. Please use THREE.Timer instead.
11:19:06 AM [vite] (client) [console.warn] THREE.Clock: This module has been deprecated. Please use THREE.Timer instead.
11:19:07 AM [vite] (client) [console.warn] THREE.Clock: This module has been deprecated. Please use THREE.Timer instead.
11:19:22 AM [vite] (client) [console.warn] THREE.Clock: This module has been deprecated. Please use THREE.Timer instead.
11:19:26 AM [vite] (client) [console.warn] THREE.Clock: This module has been deprecated. Please use THREE.Timer instead.
11:19:29 AM [vite] (client) [console.warn] THREE.Clock: This module has been deprecated. Please use THREE.Timer instead.
11:19:30 AM [vite] (client) [console.warn] THREE.Clock: This module has been deprecated. Please use THREE.Timer instead.
11:19:30 AM [vite] (client) [console.warn] THREE.Clock: This module has been deprecated. Please use THREE.Timer instead.
11:19:32 AM [vite] (client) [console.warn] THREE.Clock: This module has been deprecated. Please use THREE.Timer instead.
11:19:35 AM [vite] (client) [console.warn] THREE.Clock: This module has been deprecated. Please use THREE.Timer instead.
11:19:39 AM [vite] (client) [console.warn] THREE.Clock: This module has been deprecated. Please use THREE.Timer instead.
11:19:45 AM [vite] (client) [console.warn] THREE.Clock: This module has been deprecated. Please use THREE.Timer instead.
11:19:54 AM [vite] (client) [console.warn] THREE.Clock: This module has been deprecated. Please use THREE.Timer instead.
11:19:54 AM [vite] (client) [console.warn] THREE.WebGLShadowMap: PCFSoftShadowMap has been removed. Using PCFShadowMap instead.
11:19:54 AM [vite] (client) [console.warn] THREE.WebGLShadowMap: PCFSoftShadowMap has been removed. Using PCFShadowMap instead.
11:19:54 AM [vite] (client) [console.warn] THREE.WebGLShadowMap: PCFSoftShadowMap has been removed. Using PCFShadowMap instead.
11:19:54 AM [vite] (client) [console.warn] THREE.Clock: This module has been deprecated. Please use THREE.Timer instead.
11:19:54 AM [vite] (client) [console.warn] THREE.WebGLShadowMap: PCFSoftShadowMap has been removed. Using PCFShadowMap instead.
11:19:55 AM [vite] (client) [console.warn] THREE.Clock: This module has been deprecated. Please use THREE.Timer instead.
11:19:55 AM [vite] (client) [console.warn] THREE.WebGLShadowMap: PCFSoftShadowMap has been removed. Using PCFShadowMap instead.
11:19:55 AM [vite] (client) [console.warn] THREE.WebGLShadowMap: PCFSoftShadowMap has been removed. Using PCFShadowMap instead.
11:19:58 AM [vite] (client) [console.warn] THREE.WebGLShadowMap: PCFSoftShadowMap has been removed. Using PCFShadowMap instead.
11:20:02 AM [vite] (client) [console.warn] THREE.Clock: This module has been deprecated. Please use THREE.Timer instead.
11:20:02 AM [vite] (client) [console.warn] THREE.WebGLShadowMap: PCFSoftShadowMap has been removed. Using PCFShadowMap instead.
11:20:02 AM [vite] (client) [console.warn] THREE.WebGLShadowMap: PCFSoftShadowMap has been removed. Using PCFShadowMap instead.
11:20:04 AM [vite] (client) [console.warn] THREE.WebGLShadowMap: PCFSoftShadowMap has been removed. Using PCFShadowMap instead.
11:20:05 AM [vite] (client) [console.warn] THREE.WebGLShadowMap: PCFSoftShadowMap has been removed. Using PCFShadowMap instead.
11:20:05 AM [vite] (client) [console.warn] THREE.WebGLShadowMap: PCFSoftShadowMap has been removed. Using PCFShadowMap instead.
11:20:05 AM [vite] (client) [console.warn] THREE.WebGLShadowMap: PCFSoftShadowMap has been removed. Using PCFShadowMap instead.
11:20:05 AM [vite] (client) [console.warn] THREE.WebGLShadowMap: PCFSoftShadowMap has been removed. Using PCFShadowMap instead.
11:20:06 AM [vite] (client) [console.warn] THREE.WebGLShadowMap: PCFSoftShadowMap has been removed. Using PCFShadowMap instead.
11:20:06 AM [vite] (client) [console.warn] THREE.WebGLShadowMap: PCFSoftShadowMap has been removed. Using PCFShadowMap instead.
11:20:06 AM [vite] (client) [console.warn] THREE.WebGLShadowMap: PCFSoftShadowMap has been removed. Using PCFShadowMap instead.
11:20:06 AM [vite] (client) [console.warn] THREE.WebGLShadowMap: PCFSoftShadowMap has been removed. Using PCFShadowMap instead.
11:20:06 AM [vite] (client) [console.warn] THREE.WebGLShadowMap: PCFSoftShadowMap has been removed. Using PCFShadowMap instead.
11:20:06 AM [vite] (client) [console.warn] THREE.WebGLShadowMap: PCFSoftShadowMap has been removed. Using PCFShadowMap instead.
11:20:06 AM [vite] (client) [console.warn] THREE.WebGLShadowMap: PCFSoftShadowMap has been removed. Using PCFShadowMap instead.
11:20:06 AM [vite] (client) [console.warn] THREE.WebGLShadowMap: PCFSoftShadowMap has been removed. Using PCFShadowMap instead.
11:20:07 AM [vite] (client) [console.warn] THREE.WebGLShadowMap: PCFSoftShadowMap has been removed. Using PCFShadowMap instead.
11:20:07 AM [vite] (client) [console.warn] THREE.WebGLShadowMap: PCFSoftShadowMap has been removed. Using PCFShadowMap instead.
11:20:07 AM [vite] (client) [console.warn] THREE.WebGLShadowMap: PCFSoftShadowMap has been removed. Using PCFShadowMap instead.
11:20:07 AM [vite] (client) [console.warn] THREE.WebGLShadowMap: PCFSoftShadowMap has been removed. Using PCFShadowMap instead.
11:20:07 AM [vite] (client) [console.warn] THREE.WebGLShadowMap: PCFSoftShadowMap has been removed. Using PCFShadowMap instead.
11:20:07 AM [vite] (client) [console.warn] THREE.WebGLShadowMap: PCFSoftShadowMap has been removed. Using PCFShadowMap instead.
11:20:08 AM [vite] (client) [console.warn] THREE.Clock: This module has been deprecated. Please use THREE.Timer instead.
11:20:08 AM [vite] (client) [console.warn] THREE.WebGLShadowMap: PCFSoftShadowMap has been removed. Using PCFShadowMap instead.
11:20:08 AM [vite] (client) [console.warn] THREE.WebGLShadowMap: PCFSoftShadowMap has been removed. Using PCFShadowMap instead.
11:20:10 AM [vite] (client) [console.warn] THREE.WebGLShadowMap: PCFSoftShadowMap has been removed. Using PCFShadowMap instead.
11:20:12 AM [vite] (client) [console.warn] THREE.WebGLShadowMap: PCFSoftShadowMap has been removed. Using PCFShadowMap instead.
11:20:12 AM [vite] (client) [console.warn] THREE.WebGLShadowMap: PCFSoftShadowMap has been removed. Using PCFShadowMap instead.
11:20:12 AM [vite] (client) [console.warn] THREE.WebGLShadowMap: PCFSoftShadowMap has been removed. Using PCFShadowMap instead.
11:20:12 AM [vite] (client) [console.warn] THREE.WebGLShadowMap: PCFSoftShadowMap has been removed. Using PCFShadowMap instead.
11:20:12 AM [vite] (client) [console.warn] THREE.WebGLShadowMap: PCFSoftShadowMap has been removed. Using PCFShadowMap instead.
11:20:12 AM [vite] (client) [console.warn] THREE.WebGLShadowMap: PCFSoftShadowMap has been removed. Using PCFShadowMap instead.
11:20:14 AM [vite] (client) [console.warn] THREE.Clock: This module has been deprecated. Please use THREE.Timer instead.
11:20:14 AM [vite] (client) [console.warn] THREE.WebGLShadowMap: PCFSoftShadowMap has been removed. Using PCFShadowMap instead.
11:20:14 AM [vite] (client) [console.warn] THREE.WebGLShadowMap: PCFSoftShadowMap has been removed. Using PCFShadowMap instead.
11:20:16 AM [vite] (client) [console.warn] THREE.WebGLShadowMap: PCFSoftShadowMap has been removed. Using PCFShadowMap instead.
11:20:16 AM [vite] (client) [console.warn] THREE.WebGLShadowMap: PCFSoftShadowMap has been removed. Using PCFShadowMap instead.
11:20:16 AM [vite] (client) [console.warn] THREE.WebGLShadowMap: PCFSoftShadowMap has been removed. Using PCFShadowMap instead.
11:20:16 AM [vite] (client) [console.warn] THREE.WebGLShadowMap: PCFSoftShadowMap has been removed. Using PCFShadowMap instead.
11:20:16 AM [vite] (client) [console.warn] THREE.WebGLShadowMap: PCFSoftShadowMap has been removed. Using PCFShadowMap instead.
11:20:16 AM [vite] (client) [console.warn] THREE.WebGLShadowMap: PCFSoftShadowMap has been removed. Using PCFShadowMap instead.
11:20:17 AM [vite] (client) [console.warn] THREE.Clock: This module has been deprecated. Please use THREE.Timer instead.
11:20:17 AM [vite] (client) [console.warn] THREE.WebGLShadowMap: PCFSoftShadowMap has been removed. Using PCFShadowMap instead.
11:20:17 AM [vite] (client) [console.warn] THREE.WebGLShadowMap: PCFSoftShadowMap has been removed. Using PCFShadowMap instead.
11:20:19 AM [vite] (client) [console.warn] THREE.WebGLShadowMap: PCFSoftShadowMap has been removed. Using PCFShadowMap instead.
11:20:19 AM [vite] (client) [console.warn] THREE.WebGLShadowMap: PCFSoftShadowMap has been removed. Using PCFShadowMap instead.
11:20:21 AM [vite] (client) [console.warn] THREE.Clock: This module has been deprecated. Please use THREE.Timer instead.
11:20:21 AM [vite] (client) [console.warn] THREE.WebGLShadowMap: PCFSoftShadowMap has been removed. Using PCFShadowMap instead.
11:20:21 AM [vite] (client) [console.warn] THREE.WebGLShadowMap: PCFSoftShadowMap has been removed. Using PCFShadowMap instead.
11:20:23 AM [vite] (client) [console.warn] THREE.WebGLShadowMap: PCFSoftShadowMap has been removed. Using PCFShadowMap instead.
11:20:28 AM [vite] (client) [console.warn] THREE.WebGLShadowMap: PCFSoftShadowMap has been removed. Using PCFShadowMap instead.
11:20:29 AM [vite] (client) [console.warn] THREE.WebGLShadowMap: PCFSoftShadowMap has been removed. Using PCFShadowMap instead.
11:20:29 AM [vite] (client) [console.warn] THREE.WebGLShadowMap: PCFSoftShadowMap has been removed. Using PCFShadowMap instead.
11:20:29 AM [vite] (client) [console.warn] THREE.WebGLShadowMap: PCFSoftShadowMap has been removed. Using PCFShadowMap instead.
11:20:29 AM [vite] (client) [console.warn] THREE.WebGLShadowMap: PCFSoftShadowMap has been removed. Using PCFShadowMap instead.
11:20:34 AM [vite] (client) [console.warn] THREE.WebGLShadowMap: PCFSoftShadowMap has been removed. Using PCFShadowMap instead.
11:20:39 AM [vite] (client) [console.warn] THREE.WebGLShadowMap: PCFSoftShadowMap has been removed. Using PCFShadowMap instead.
11:20:44 AM [vite] (client) [console.warn] THREE.WebGLShadowMap: PCFSoftShadowMap has been removed. Using PCFShadowMap instead.
11:20:49 AM [vite] (client) [console.warn] THREE.WebGLShadowMap: PCFSoftShadowMap has been removed. Using PCFShadowMap instead.
11:20:55 AM [vite] (client) [console.warn] THREE.WebGLShadowMap: PCFSoftShadowMap has been removed. Using PCFShadowMap instead.
11:20:59 AM [vite] (client) [console.warn] THREE.WebGLShadowMap: PCFSoftShadowMap has been removed. Using PCFShadowMap instead.
11:20:59 AM [vite] (client) [console.warn] THREE.WebGLShadowMap: PCFSoftShadowMap has been removed. Using PCFShadowMap instead.
11:20:59 AM [vite] (client) [console.warn] THREE.WebGLShadowMap: PCFSoftShadowMap has been removed. Using PCFShadowMap instead.
11:21:13 AM [vite] (client) [console.warn] THREE.Clock: This module has been deprecated. Please use THREE.Timer instead.
11:21:15 AM [vite] (client) [console.warn] THREE.Clock: This module has been deprecated. Please use THREE.Timer instead.
11:21:16 AM [vite] (client) [console.warn] THREE.Clock: This module has been deprecated. Please use THREE.Timer instead.
11:21:19 AM [vite] (client) [console.warn] THREE.Clock: This module has been deprecated. Please use THREE.Timer instead.
11:21:20 AM [vite] (client) [console.warn] THREE.Clock: This module has been deprecated. Please use THREE.Timer instead.
11:21:35 AM [vite] (client) [console.warn] THREE.Clock: This module has been deprecated. Please use THREE.Timer instead.
11:21:38 AM [vite] (client) [console.warn] THREE.Clock: This module has been deprecated. Please use THREE.Timer instead.
11:21:42 AM [vite] (client) [console.warn] THREE.Clock: This module has been deprecated. Please use THREE.Timer instead.
11:21:42 AM [vite] (client) [console.warn] THREE.Clock: This module has been deprecated. Please use THREE.Timer instead.
11:21:42 AM [vite] (client) [console.warn] THREE.Clock: This module has been deprecated. Please use THREE.Timer instead.
11:21:43 AM [vite] (client) [console.warn] THREE.Clock: This module has been deprecated. Please use THREE.Timer instead.
11:21:46 AM [vite] (client) [console.warn] THREE.Clock: This module has been deprecated. Please use THREE.Timer instead.
11:21:49 AM [vite] (client) [console.warn] THREE.Clock: This module has been deprecated. Please use THREE.Timer instead.
11:21:58 AM [vite] (client) [console.warn] THREE.Clock: This module has been deprecated. Please use THREE.Timer instead.
11:22:10 AM [vite] (client) [console.warn] THREE.Clock: This module has been deprecated. Please use THREE.Timer instead.
11:22:10 AM [vite] (client) [console.warn] THREE.WebGLShadowMap: PCFSoftShadowMap has been removed. Using PCFShadowMap instead.
11:22:10 AM [vite] (client) [console.warn] THREE.WebGLShadowMap: PCFSoftShadowMap has been removed. Using PCFShadowMap instead.
11:22:10 AM [vite] (client) [console.warn] THREE.WebGLShadowMap: PCFSoftShadowMap has been removed. Using PCFShadowMap instead.
11:22:10 AM [vite] (client) [console.warn] THREE.WebGLShadowMap: PCFSoftShadowMap has been removed. Using PCFShadowMap instead.
11:22:11 AM [vite] (client) [console.warn] THREE.Clock: This module has been deprecated. Please use THREE.Timer instead.
11:22:11 AM [vite] (client) [console.warn] THREE.WebGLShadowMap: PCFSoftShadowMap has been removed. Using PCFShadowMap instead.
11:22:11 AM [vite] (client) [console.warn] THREE.WebGLShadowMap: PCFSoftShadowMap has been removed. Using PCFShadowMap instead.
11:22:13 AM [vite] (client) [console.warn] THREE.WebGLShadowMap: PCFSoftShadowMap has been removed. Using PCFShadowMap instead.
11:22:17 AM [vite] (client) [console.warn] THREE.Clock: This module has been deprecated. Please use THREE.Timer instead.
11:22:17 AM [vite] (client) [console.warn] THREE.WebGLShadowMap: PCFSoftShadowMap has been removed. Using PCFShadowMap instead.
11:22:17 AM [vite] (client) [console.warn] THREE.WebGLShadowMap: PCFSoftShadowMap has been removed. Using PCFShadowMap instead.
11:22:19 AM [vite] (client) [console.warn] THREE.WebGLShadowMap: PCFSoftShadowMap has been removed. Using PCFShadowMap instead.
11:22:19 AM [vite] (client) [console.warn] THREE.WebGLShadowMap: PCFSoftShadowMap has been removed. Using PCFShadowMap instead.
11:22:19 AM [vite] (client) [console.warn] THREE.WebGLShadowMap: PCFSoftShadowMap has been removed. Using PCFShadowMap instead.
11:22:20 AM [vite] (client) [console.warn] THREE.WebGLShadowMap: PCFSoftShadowMap has been removed. Using PCFShadowMap instead.
11:22:20 AM [vite] (client) [console.warn] THREE.WebGLShadowMap: PCFSoftShadowMap has been removed. Using PCFShadowMap instead.
11:22:21 AM [vite] (client) [console.warn] THREE.WebGLShadowMap: PCFSoftShadowMap has been removed. Using PCFShadowMap instead.
11:22:21 AM [vite] (client) [console.warn] THREE.WebGLShadowMap: PCFSoftShadowMap has been removed. Using PCFShadowMap instead.
11:22:21 AM [vite] (client) [console.warn] THREE.WebGLShadowMap: PCFSoftShadowMap has been removed. Using PCFShadowMap instead.
11:22:21 AM [vite] (client) [console.warn] THREE.WebGLShadowMap: PCFSoftShadowMap has been removed. Using PCFShadowMap instead.
11:22:21 AM [vite] (client) [console.warn] THREE.WebGLShadowMap: PCFSoftShadowMap has been removed. Using PCFShadowMap instead.
11:22:21 AM [vite] (client) [console.warn] THREE.WebGLShadowMap: PCFSoftShadowMap has been removed. Using PCFShadowMap instead.
11:22:21 AM [vite] (client) [console.warn] THREE.WebGLShadowMap: PCFSoftShadowMap has been removed. Using PCFShadowMap instead.
11:22:21 AM [vite] (client) [console.warn] THREE.WebGLShadowMap: PCFSoftShadowMap has been removed. Using PCFShadowMap instead.
11:22:21 AM [vite] (client) [console.warn] THREE.WebGLShadowMap: PCFSoftShadowMap has been removed. Using PCFShadowMap instead.
11:22:22 AM [vite] (client) [console.warn] THREE.WebGLShadowMap: PCFSoftShadowMap has been removed. Using PCFShadowMap instead.
11:22:22 AM [vite] (client) [console.warn] THREE.WebGLShadowMap: PCFSoftShadowMap has been removed. Using PCFShadowMap instead.
11:22:22 AM [vite] (client) [console.warn] THREE.WebGLShadowMap: PCFSoftShadowMap has been removed. Using PCFShadowMap instead.
11:22:22 AM [vite] (client) [console.warn] THREE.WebGLShadowMap: PCFSoftShadowMap has been removed. Using PCFShadowMap instead.
11:22:23 AM [vite] (client) [console.warn] THREE.WebGLShadowMap: PCFSoftShadowMap has been removed. Using PCFShadowMap instead.
11:22:24 AM [vite] (client) [console.warn] THREE.Clock: This module has been deprecated. Please use THREE.Timer instead.
11:22:24 AM [vite] (client) [console.warn] THREE.WebGLShadowMap: PCFSoftShadowMap has been removed. Using PCFShadowMap instead.
11:22:24 AM [vite] (client) [console.warn] THREE.WebGLShadowMap: PCFSoftShadowMap has been removed. Using PCFShadowMap instead.
11:22:26 AM [vite] (client) [console.warn] THREE.WebGLShadowMap: PCFSoftShadowMap has been removed. Using PCFShadowMap instead.
11:22:28 AM [vite] (client) [console.warn] THREE.WebGLShadowMap: PCFSoftShadowMap has been removed. Using PCFShadowMap instead.
11:22:28 AM [vite] (client) [console.warn] THREE.WebGLShadowMap: PCFSoftShadowMap has been removed. Using PCFShadowMap instead.
11:22:28 AM [vite] (client) [console.warn] THREE.WebGLShadowMap: PCFSoftShadowMap has been removed. Using PCFShadowMap instead.
11:22:28 AM [vite] (client) [console.warn] THREE.WebGLShadowMap: PCFSoftShadowMap has been removed. Using PCFShadowMap instead.
11:22:28 AM [vite] (client) [console.warn] THREE.WebGLShadowMap: PCFSoftShadowMap has been removed. Using PCFShadowMap instead.
11:22:30 AM [vite] (client) [console.warn] THREE.Clock: This module has been deprecated. Please use THREE.Timer instead.
11:22:30 AM [vite] (client) [console.warn] THREE.WebGLShadowMap: PCFSoftShadowMap has been removed. Using PCFShadowMap instead.
11:22:30 AM [vite] (client) [console.warn] THREE.WebGLShadowMap: PCFSoftShadowMap has been removed. Using PCFShadowMap instead.
11:22:32 AM [vite] (client) [console.warn] THREE.WebGLShadowMap: PCFSoftShadowMap has been removed. Using PCFShadowMap instead.
11:22:32 AM [vite] (client) [console.warn] THREE.WebGLShadowMap: PCFSoftShadowMap has been removed. Using PCFShadowMap instead.
11:22:32 AM [vite] (client) [console.warn] THREE.WebGLShadowMap: PCFSoftShadowMap has been removed. Using PCFShadowMap instead.
11:22:32 AM [vite] (client) [console.warn] THREE.WebGLShadowMap: PCFSoftShadowMap has been removed. Using PCFShadowMap instead.
11:22:32 AM [vite] (client) [console.warn] THREE.WebGLShadowMap: PCFSoftShadowMap has been removed. Using PCFShadowMap instead.
11:22:32 AM [vite] (client) [console.warn] THREE.WebGLShadowMap: PCFSoftShadowMap has been removed. Using PCFShadowMap instead.
11:22:33 AM [vite] (client) [console.warn] THREE.Clock: This module has been deprecated. Please use THREE.Timer instead.
11:22:33 AM [vite] (client) [console.warn] THREE.WebGLShadowMap: PCFSoftShadowMap has been removed. Using PCFShadowMap instead.
11:22:33 AM [vite] (client) [console.warn] THREE.WebGLShadowMap: PCFSoftShadowMap has been removed. Using PCFShadowMap instead.
11:22:35 AM [vite] (client) [console.warn] THREE.WebGLShadowMap: PCFSoftShadowMap has been removed. Using PCFShadowMap instead.
11:22:35 AM [vite] (client) [console.warn] THREE.WebGLShadowMap: PCFSoftShadowMap has been removed. Using PCFShadowMap instead.
11:22:37 AM [vite] (client) [console.warn] THREE.Clock: This module has been deprecated. Please use THREE.Timer instead.
11:22:37 AM [vite] (client) [console.warn] THREE.WebGLShadowMap: PCFSoftShadowMap has been removed. Using PCFShadowMap instead.
11:22:39 AM [vite] (client) [console.warn] THREE.WebGLShadowMap: PCFSoftShadowMap has been removed. Using PCFShadowMap instead.
11:22:44 AM [vite] (client) [console.warn] THREE.WebGLShadowMap: PCFSoftShadowMap has been removed. Using PCFShadowMap instead.
11:22:44 AM [vite] (client) [console.warn] THREE.WebGLShadowMap: PCFSoftShadowMap has been removed. Using PCFShadowMap instead.
11:22:44 AM [vite] (client) [console.warn] THREE.WebGLShadowMap: PCFSoftShadowMap has been removed. Using PCFShadowMap instead.
11:22:44 AM [vite] (client) [console.warn] THREE.WebGLShadowMap: PCFSoftShadowMap has been removed. Using PCFShadowMap instead.
11:22:45 AM [vite] (client) [console.warn] THREE.WebGLShadowMap: PCFSoftShadowMap has been removed. Using PCFShadowMap instead.
11:22:50 AM [vite] (client) [console.warn] THREE.WebGLShadowMap: PCFSoftShadowMap has been removed. Using PCFShadowMap instead.
11:22:55 AM [vite] (client) [console.warn] THREE.WebGLShadowMap: PCFSoftShadowMap has been removed. Using PCFShadowMap instead.
11:23:00 AM [vite] (client) [console.warn] THREE.WebGLShadowMap: PCFSoftShadowMap has been removed. Using PCFShadowMap instead.
11:23:05 AM [vite] (client) [console.warn] THREE.WebGLShadowMap: PCFSoftShadowMap has been removed. Using PCFShadowMap instead.
11:23:11 AM [vite] (client) [console.warn] THREE.WebGLShadowMap: PCFSoftShadowMap has been removed. Using PCFShadowMap instead.
11:23:15 AM [vite] (client) [console.warn] THREE.WebGLShadowMap: PCFSoftShadowMap has been removed. Using PCFShadowMap instead.
11:23:15 AM [vite] (client) [console.warn] THREE.WebGLShadowMap: PCFSoftShadowMap has been removed. Using PCFShadowMap instead.
11:23:15 AM [vite] (client) [console.warn] THREE.WebGLShadowMap: PCFSoftShadowMap has been removed. Using PCFShadowMap instead.
11:23:32 AM [vite] (client) [console.warn] THREE.Clock: This module has been deprecated. Please use THREE.Timer instead.
11:23:34 AM [vite] (client) [console.warn] THREE.Clock: This module has been deprecated. Please use THREE.Timer instead.
11:23:36 AM [vite] (client) [console.warn] THREE.Clock: This module has been deprecated. Please use THREE.Timer instead.
11:23:39 AM [vite] (client) [console.warn] THREE.Clock: This module has been deprecated. Please use THREE.Timer instead.
11:23:40 AM [vite] (client) [console.warn] THREE.Clock: This module has been deprecated. Please use THREE.Timer instead.
11:23:55 AM [vite] (client) [console.warn] THREE.Clock: This module has been deprecated. Please use THREE.Timer instead.
11:23:58 AM [vite] (client) [console.warn] THREE.Clock: This module has been deprecated. Please use THREE.Timer instead.
11:24:02 AM [vite] (client) [console.warn] THREE.Clock: This module has been deprecated. Please use THREE.Timer instead.
11:24:02 AM [vite] (client) [console.warn] THREE.Clock: This module has been deprecated. Please use THREE.Timer instead.
11:24:02 AM [vite] (client) [console.warn] THREE.Clock: This module has been deprecated. Please use THREE.Timer instead.
11:24:04 AM [vite] (client) [console.warn] THREE.Clock: This module has been deprecated. Please use THREE.Timer instead.
11:24:07 AM [vite] (client) [console.warn] THREE.Clock: This module has been deprecated. Please use THREE.Timer instead.
11:24:12 AM [vite] (client) [console.warn] THREE.Clock: This module has been deprecated. Please use THREE.Timer instead.
11:24:18 AM [vite] (client) [console.warn] THREE.Clock: This module has been deprecated. Please use THREE.Timer instead.
11:24:26 AM [vite] (client) [console.warn] THREE.Clock: This module has been deprecated. Please use THREE.Timer instead.
11:24:26 AM [vite] (client) [console.warn] THREE.WebGLShadowMap: PCFSoftShadowMap has been removed. Using PCFShadowMap instead.
11:24:26 AM [vite] (client) [console.warn] THREE.WebGLShadowMap: PCFSoftShadowMap has been removed. Using PCFShadowMap instead.
11:24:27 AM [vite] (client) [console.warn] THREE.Clock: This module has been deprecated. Please use THREE.Timer instead.
11:24:27 AM [vite] (client) [console.warn] THREE.WebGLShadowMap: PCFSoftShadowMap has been removed. Using PCFShadowMap instead.
11:24:27 AM [vite] (client) [console.warn] THREE.WebGLShadowMap: PCFSoftShadowMap has been removed. Using PCFShadowMap instead.
11:24:30 AM [vite] (client) [console.warn] THREE.WebGLShadowMap: PCFSoftShadowMap has been removed. Using PCFShadowMap instead.
