
> neptune@2.0.0-rc.1 test:browser
> playwright test


Running 81 tests using 1 worker

(node:78778) Warning: The 'NO_COLOR' env is ignored due to the 'FORCE_COLOR' env being set.
(Use `node --trace-warnings ...` to show where the warning was created)
  ✓   1 [chromium] › tests/browser/acceptance.spec.ts:28:1 › rendered modes, connected exploded paths, interior and bounded resources (7.3s)
  ✓   2 [chromium] › tests/browser/acceptance.spec.ts:137:1 › presets, engineering controls, validation and fresh-context sharing (7.0s)
  ✓   3 [chromium] › tests/browser/acceptance.spec.ts:215:1 › mobile controls, contextual inspection and explicit WebGL fallback (8.1s)
  ✓   4 [chromium] › tests/browser/acceptance.spec.ts:279:1 › demo runs through real state, cancels, restores and restarts; keyboard dialog access (39.0s)
  ✓   5 [chromium] › tests/browser/phase1.spec.ts:107:1 › PH1-REP-02 Pause remains available during an advance and delayed real worker replies cannot move its checkpoint (4.7s)
  ✓   6 [chromium] › tests/browser/phase1.spec.ts:190:1 › PH1-REP-02 Cancel freezes the committed checkpoint before a delayed acknowledgement and the next manual step (1.5s)
  ✓   7 [chromium] › tests/browser/phase1.spec.ts:251:1 › PH1-UI-01 saves complete checkpoints, recovers on refresh, and rejects malformed import transactionally (2.4s)
  ✓   8 [chromium] › tests/browser/phase1.spec.ts:293:1 › PH1-UI-01 quota failure preserves last durable checkpoint and allows current manual export (1.3s)
  ✓   9 [chromium] › tests/browser/phase1.spec.ts:327:1 › PH1-COMP-01 legacy inspection and explicit recalculation preserve the original identity (1.9s)
  ✓  10 [chromium] › tests/browser/phase1.spec.ts:395:1 › PH1-REP-02 replay cancellation retains a committed checkpoint and resume reaches the same target (6.2s)
  ✓  11 [chromium] › tests/browser/phase1.spec.ts:432:1 › PH1-REP-02 an actual worker error event keeps validated state and a new worker can continue (1.3s)
  ✓  12 [chromium] › tests/browser/phase1.spec.ts:472:1 › PH1-REP-02 import supersedes replay and a delivered stale worker response cannot overwrite it (1.9s)
  ✓  13 [chromium] › tests/browser/phase1.spec.ts:525:1 › PH1-UI-01 unreadable recovery is retained until an explicit clear and manual export remains available (1.3s)
  ✓  14 [chromium] › tests/browser/phase1.spec.ts:556:1 › PH1-REP-01 exact restoration and UI replay preserve a fractional integration grid (1.5s)
  ✓  15 [chromium] › tests/browser/phase1.spec.ts:584:1 › PH1-NUM-03 a stored scenario numeric overflow is rejected before JSON rewriting can turn it into null (1.9s)
  ✓  16 [chromium] › tests/browser/twin.spec.ts:50:1 › specific pump failure propagates to flow, clock, thermal state, restoration and numerical replay (2.3s)
  ✓  17 [chromium] › tests/browser/twin.spec.ts:86:1 › standby transfer is an actual selected-component state transition (1.9s)
  ✓  18 [chromium] › tests/browser/twin.spec.ts:99:1 › clock pause and speed are independent of design resets and validated controls (4.5s)
  ✓  19 [chromium] › tests/browser/twin.spec.ts:115:1 › seek backward and forward restores exact event-boundary numerical results (2.5s)
  ✓  20 [chromium] › tests/browser/twin.spec.ts:146:1 › cancel run retains completed state and superseding work rejects stale updates (3.3s)
  ✓  21 [chromium] › tests/browser/twin.spec.ts:176:3 › reduced-motion touch acceptance › touch waypoints and keyboard exit preserve exact selected asset and physical state (4.0s)
  ✓  22 [chromium] › tests/browser/twin.spec.ts:203:1 › comparison renders two computed 240-second runs and exports identical disturbance histories (2.4s)
  ✓  23 [chromium] › tests/browser/twin.spec.ts:220:1 › project exports and imports replay numerical state, with invalid mappings rejected visibly (1.9s)
  ✓  24 [chromium] › tests/browser/twin.spec.ts:235:1 › mobile keyboard and explicit fallback retain asset inspection, operation and exports (1.7s)
  ✓  25 [chromium] › tests/browser/twin.spec.ts:248:1 › context cameras, keyboard interior, distinct families and bounded large-scene diagnostics (15.5s)
  ✓  26 [chromium] › tests/browser/twin.spec.ts:290:1 › legacy saved scenario links retain the explicit aggregate model (2.0s)
  ✓  27 [chromium] › tests/browser/visual.spec.ts:3:1 › capture the first coherent 3D slice (6.2s)
(node:79842) Warning: The 'NO_COLOR' env is ignored due to the 'FORCE_COLOR' env being set.
(Use `node --trace-warnings ...` to show where the warning was created)
  ✓  28 [firefox] › tests/browser/acceptance.spec.ts:28:1 › rendered modes, connected exploded paths, interior and bounded resources (7.0s)
  ✓  29 [firefox] › tests/browser/acceptance.spec.ts:137:1 › presets, engineering controls, validation and fresh-context sharing (5.8s)
  ✓  30 [firefox] › tests/browser/acceptance.spec.ts:215:1 › mobile controls, contextual inspection and explicit WebGL fallback (7.5s)
  ✓  31 [firefox] › tests/browser/acceptance.spec.ts:279:1 › demo runs through real state, cancels, restores and restarts; keyboard dialog access (38.6s)
  ✓  32 [firefox] › tests/browser/phase1.spec.ts:107:1 › PH1-REP-02 Pause remains available during an advance and delayed real worker replies cannot move its checkpoint (4.1s)
  ✓  33 [firefox] › tests/browser/phase1.spec.ts:190:1 › PH1-REP-02 Cancel freezes the committed checkpoint before a delayed acknowledgement and the next manual step (1.0s)
  ✓  34 [firefox] › tests/browser/phase1.spec.ts:251:1 › PH1-UI-01 saves complete checkpoints, recovers on refresh, and rejects malformed import transactionally (1.4s)
  ✓  35 [firefox] › tests/browser/phase1.spec.ts:293:1 › PH1-UI-01 quota failure preserves last durable checkpoint and allows current manual export (739ms)
  ✓  36 [firefox] › tests/browser/phase1.spec.ts:327:1 › PH1-COMP-01 legacy inspection and explicit recalculation preserve the original identity (1.6s)
  ✓  37 [firefox] › tests/browser/phase1.spec.ts:395:1 › PH1-REP-02 replay cancellation retains a committed checkpoint and resume reaches the same target (6.7s)
  ✓  38 [firefox] › tests/browser/phase1.spec.ts:432:1 › PH1-REP-02 an actual worker error event keeps validated state and a new worker can continue (806ms)
  ✓  39 [firefox] › tests/browser/phase1.spec.ts:472:1 › PH1-REP-02 import supersedes replay and a delivered stale worker response cannot overwrite it (1.3s)
  ✓  40 [firefox] › tests/browser/phase1.spec.ts:525:1 › PH1-UI-01 unreadable recovery is retained until an explicit clear and manual export remains available (754ms)
  ✓  41 [firefox] › tests/browser/phase1.spec.ts:556:1 › PH1-REP-01 exact restoration and UI replay preserve a fractional integration grid (880ms)
  ✓  42 [firefox] › tests/browser/phase1.spec.ts:584:1 › PH1-NUM-03 a stored scenario numeric overflow is rejected before JSON rewriting can turn it into null (902ms)
  ✓  43 [firefox] › tests/browser/twin.spec.ts:50:1 › specific pump failure propagates to flow, clock, thermal state, restoration and numerical replay (2.0s)
  ✓  44 [firefox] › tests/browser/twin.spec.ts:86:1 › standby transfer is an actual selected-component state transition (1.5s)
  ✓  45 [firefox] › tests/browser/twin.spec.ts:99:1 › clock pause and speed are independent of design resets and validated controls (4.0s)
  ✓  46 [firefox] › tests/browser/twin.spec.ts:115:1 › seek backward and forward restores exact event-boundary numerical results (2.3s)
  ✓  47 [firefox] › tests/browser/twin.spec.ts:146:1 › cancel run retains completed state and superseding work rejects stale updates (2.9s)
  ✓  48 [firefox] › tests/browser/twin.spec.ts:176:3 › reduced-motion touch acceptance › touch waypoints and keyboard exit preserve exact selected asset and physical state (3.7s)
  ✓  49 [firefox] › tests/browser/twin.spec.ts:203:1 › comparison renders two computed 240-second runs and exports identical disturbance histories (2.0s)
  ✓  50 [firefox] › tests/browser/twin.spec.ts:220:1 › project exports and imports replay numerical state, with invalid mappings rejected visibly (1.3s)
  ✓  51 [firefox] › tests/browser/twin.spec.ts:235:1 › mobile keyboard and explicit fallback retain asset inspection, operation and exports (1.3s)
  ✓  52 [firefox] › tests/browser/twin.spec.ts:248:1 › context cameras, keyboard interior, distinct families and bounded large-scene diagnostics (16.4s)
  ✓  53 [firefox] › tests/browser/twin.spec.ts:290:1 › legacy saved scenario links retain the explicit aggregate model (1.3s)
  ✓  54 [firefox] › tests/browser/visual.spec.ts:3:1 › capture the first coherent 3D slice (5.5s)
(node:81080) Warning: The 'NO_COLOR' env is ignored due to the 'FORCE_COLOR' env being set.
(Use `node --trace-warnings ...` to show where the warning was created)
  ✓  55 [webkit] › tests/browser/acceptance.spec.ts:28:1 › rendered modes, connected exploded paths, interior and bounded resources (6.6s)
  ✓  56 [webkit] › tests/browser/acceptance.spec.ts:137:1 › presets, engineering controls, validation and fresh-context sharing (5.5s)
  ✓  57 [webkit] › tests/browser/acceptance.spec.ts:215:1 › mobile controls, contextual inspection and explicit WebGL fallback (7.3s)
  ✓  58 [webkit] › tests/browser/acceptance.spec.ts:279:1 › demo runs through real state, cancels, restores and restarts; keyboard dialog access (38.8s)
  ✓  59 [webkit] › tests/browser/phase1.spec.ts:107:1 › PH1-REP-02 Pause remains available during an advance and delayed real worker replies cannot move its checkpoint (4.3s)
  ✓  60 [webkit] › tests/browser/phase1.spec.ts:190:1 › PH1-REP-02 Cancel freezes the committed checkpoint before a delayed acknowledgement and the next manual step (1.1s)
  ✓  61 [webkit] › tests/browser/phase1.spec.ts:251:1 › PH1-UI-01 saves complete checkpoints, recovers on refresh, and rejects malformed import transactionally (1.6s)
  ✓  62 [webkit] › tests/browser/phase1.spec.ts:293:1 › PH1-UI-01 quota failure preserves last durable checkpoint and allows current manual export (953ms)
  ✓  63 [webkit] › tests/browser/phase1.spec.ts:327:1 › PH1-COMP-01 legacy inspection and explicit recalculation preserve the original identity (1.5s)
  ✓  64 [webkit] › tests/browser/phase1.spec.ts:395:1 › PH1-REP-02 replay cancellation retains a committed checkpoint and resume reaches the same target (5.8s)
  ✓  65 [webkit] › tests/browser/phase1.spec.ts:432:1 › PH1-REP-02 an actual worker error event keeps validated state and a new worker can continue (1.1s)
  ✓  66 [webkit] › tests/browser/phase1.spec.ts:472:1 › PH1-REP-02 import supersedes replay and a delivered stale worker response cannot overwrite it (1.5s)
  ✓  67 [webkit] › tests/browser/phase1.spec.ts:525:1 › PH1-UI-01 unreadable recovery is retained until an explicit clear and manual export remains available (915ms)
  ✓  68 [webkit] › tests/browser/phase1.spec.ts:556:1 › PH1-REP-01 exact restoration and UI replay preserve a fractional integration grid (1.0s)
  ✓  69 [webkit] › tests/browser/phase1.spec.ts:584:1 › PH1-NUM-03 a stored scenario numeric overflow is rejected before JSON rewriting can turn it into null (1.3s)
  ✓  70 [webkit] › tests/browser/twin.spec.ts:50:1 › specific pump failure propagates to flow, clock, thermal state, restoration and numerical replay (2.1s)
  ✓  71 [webkit] › tests/browser/twin.spec.ts:86:1 › standby transfer is an actual selected-component state transition (1.5s)
  ✓  72 [webkit] › tests/browser/twin.spec.ts:99:1 › clock pause and speed are independent of design resets and validated controls (4.2s)
  ✓  73 [webkit] › tests/browser/twin.spec.ts:115:1 › seek backward and forward restores exact event-boundary numerical results (2.2s)
  ✓  74 [webkit] › tests/browser/twin.spec.ts:146:1 › cancel run retains completed state and superseding work rejects stale updates (3.0s)
  ✓  75 [webkit] › tests/browser/twin.spec.ts:176:3 › reduced-motion touch acceptance › touch waypoints and keyboard exit preserve exact selected asset and physical state (3.4s)
  ✓  76 [webkit] › tests/browser/twin.spec.ts:203:1 › comparison renders two computed 240-second runs and exports identical disturbance histories (2.0s)
  ✓  77 [webkit] › tests/browser/twin.spec.ts:220:1 › project exports and imports replay numerical state, with invalid mappings rejected visibly (1.5s)
  ✓  78 [webkit] › tests/browser/twin.spec.ts:235:1 › mobile keyboard and explicit fallback retain asset inspection, operation and exports (1.1s)
  ✓  79 [webkit] › tests/browser/twin.spec.ts:248:1 › context cameras, keyboard interior, distinct families and bounded large-scene diagnostics (14.8s)
  ✓  80 [webkit] › tests/browser/twin.spec.ts:290:1 › legacy saved scenario links retain the explicit aggregate model (1.3s)
  ✓  81 [webkit] › tests/browser/visual.spec.ts:3:1 › capture the first coherent 3D slice (5.5s)

  81 passed (6.4m)
