
> neptune@2.0.0-rc.1 dev
> vite --host 127.0.0.1 --strictPort


  VITE v8.2.2  ready in 110 ms

  ➜  Local:   http://127.0.0.1:5173/
3:18:24 PM [vite] (client) [console.warn] THREE.Clock: This module has been deprecated. Please use THREE.Timer instead.
3:18:42 PM [vite] (client) [console.warn] THREE.Clock: This module has been deprecated. Please use THREE.Timer instead.
3:18:42 PM [vite] (client) [console.warn] THREE.WebGLShadowMap: PCFSoftShadowMap has been removed. Using PCFShadowMap instead.
3:18:42 PM [vite] (client) [console.warn] THREE.WebGLShadowMap: PCFSoftShadowMap has been removed. Using PCFShadowMap instead.
3:18:44 PM [vite] (client) [console.warn] THREE.WebGLShadowMap: PCFSoftShadowMap has been removed. Using PCFShadowMap instead.
3:18:45 PM [vite] (client) [console.warn] THREE.WebGLShadowMap: PCFSoftShadowMap has been removed. Using PCFShadowMap instead.
3:18:45 PM [vite] (client) [console.warn] THREE.WebGLShadowMap: PCFSoftShadowMap has been removed. Using PCFShadowMap instead.
3:18:46 PM [vite] (client) [console.warn] THREE.WebGLShadowMap: PCFSoftShadowMap has been removed. Using PCFShadowMap instead.
3:18:46 PM [vite] (client) [console.warn] THREE.WebGLShadowMap: PCFSoftShadowMap has been removed. Using PCFShadowMap instead.
3:18:46 PM [vite] (client) [console.warn] THREE.WebGLShadowMap: PCFSoftShadowMap has been removed. Using PCFShadowMap instead.
3:18:46 PM [vite] (client) [console.warn] THREE.WebGLShadowMap: PCFSoftShadowMap has been removed. Using PCFShadowMap instead.
3:18:47 PM [vite] (client) [console.warn] THREE.WebGLShadowMap: PCFSoftShadowMap has been removed. Using PCFShadowMap instead.
3:18:47 PM [vite] (client) [console.warn] THREE.WebGLShadowMap: PCFSoftShadowMap has been removed. Using PCFShadowMap instead.
3:18:47 PM [vite] (client) [console.warn] THREE.WebGLShadowMap: PCFSoftShadowMap has been removed. Using PCFShadowMap instead.
3:18:47 PM [vite] (client) [console.warn] THREE.WebGLShadowMap: PCFSoftShadowMap has been removed. Using PCFShadowMap instead.
3:18:47 PM [vite] (client) [console.warn] THREE.WebGLShadowMap: PCFSoftShadowMap has been removed. Using PCFShadowMap instead.
3:18:47 PM [vite] (client) [console.warn] THREE.WebGLShadowMap: PCFSoftShadowMap has been removed. Using PCFShadowMap instead.
3:18:47 PM [vite] (client) [console.warn] THREE.WebGLShadowMap: PCFSoftShadowMap has been removed. Using PCFShadowMap instead.
3:18:48 PM [vite] (client) [console.warn] THREE.WebGLShadowMap: PCFSoftShadowMap has been removed. Using PCFShadowMap instead.
3:18:48 PM [vite] (client) [console.warn] THREE.WebGLShadowMap: PCFSoftShadowMap has been removed. Using PCFShadowMap instead.
3:18:48 PM [vite] (client) [console.warn] THREE.WebGLShadowMap: PCFSoftShadowMap has been removed. Using PCFShadowMap instead.
3:18:48 PM [vite] (client) [console.warn] THREE.WebGLShadowMap: PCFSoftShadowMap has been removed. Using PCFShadowMap instead.
3:18:48 PM [vite] (client) [console.warn] THREE.WebGLShadowMap: PCFSoftShadowMap has been removed. Using PCFShadowMap instead.
3:18:50 PM [vite] (client) [console.warn] THREE.Clock: This module has been deprecated. Please use THREE.Timer instead.
3:18:50 PM [vite] (client) [console.warn] THREE.WebGLShadowMap: PCFSoftShadowMap has been removed. Using PCFShadowMap instead.
3:18:50 PM [vite] (client) [console.warn] THREE.WebGLShadowMap: PCFSoftShadowMap has been removed. Using PCFShadowMap instead.
3:18:52 PM [vite] (client) [console.warn] THREE.WebGLShadowMap: PCFSoftShadowMap has been removed. Using PCFShadowMap instead.
3:18:53 PM [vite] (client) [console.warn] THREE.WebGLShadowMap: PCFSoftShadowMap has been removed. Using PCFShadowMap instead.
3:18:53 PM [vite] (client) [console.warn] THREE.WebGLShadowMap: PCFSoftShadowMap has been removed. Using PCFShadowMap instead.
3:18:53 PM [vite] (client) [console.warn] THREE.WebGLShadowMap: PCFSoftShadowMap has been removed. Using PCFShadowMap instead.
3:18:53 PM [vite] (client) [console.warn] THREE.WebGLShadowMap: PCFSoftShadowMap has been removed. Using PCFShadowMap instead.
3:18:54 PM [vite] (client) [console.warn] THREE.WebGLShadowMap: PCFSoftShadowMap has been removed. Using PCFShadowMap instead.
3:18:55 PM [vite] (client) [console.warn] THREE.Clock: This module has been deprecated. Please use THREE.Timer instead.
3:18:55 PM [vite] (client) [console.warn] THREE.WebGLShadowMap: PCFSoftShadowMap has been removed. Using PCFShadowMap instead.
3:18:55 PM [vite] (client) [console.warn] THREE.WebGLShadowMap: PCFSoftShadowMap has been removed. Using PCFShadowMap instead.
3:18:56 PM [vite] (client) [console.warn] THREE.Clock: This module has been deprecated. Please use THREE.Timer instead.
3:18:56 PM [vite] (client) [console.warn] THREE.WebGLShadowMap: PCFSoftShadowMap has been removed. Using PCFShadowMap instead.
3:18:56 PM [vite] (client) [console.warn] THREE.WebGLShadowMap: PCFSoftShadowMap has been removed. Using PCFShadowMap instead.
3:18:57 PM [vite] (client) [console.warn] THREE.Clock: This module has been deprecated. Please use THREE.Timer instead.
3:18:57 PM [vite] (client) [console.warn] THREE.WebGLShadowMap: PCFSoftShadowMap has been removed. Using PCFShadowMap instead.
3:18:57 PM [vite] (client) [console.warn] THREE.WebGLShadowMap: PCFSoftShadowMap has been removed. Using PCFShadowMap instead.
3:18:59 PM [vite] (client) [console.warn] THREE.WebGLShadowMap: PCFSoftShadowMap has been removed. Using PCFShadowMap instead.
3:18:59 PM [vite] (client) [console.warn] THREE.WebGLShadowMap: PCFSoftShadowMap has been removed. Using PCFShadowMap instead.
3:18:59 PM [vite] (client) [console.warn] THREE.WebGLShadowMap: PCFSoftShadowMap has been removed. Using PCFShadowMap instead.
3:18:59 PM [vite] (client) [console.warn] THREE.WebGLShadowMap: PCFSoftShadowMap has been removed. Using PCFShadowMap instead.
3:18:59 PM [vite] (client) [console.warn] THREE.WebGLShadowMap: PCFSoftShadowMap has been removed. Using PCFShadowMap instead.
3:18:59 PM [vite] (client) [console.warn] THREE.WebGLShadowMap: PCFSoftShadowMap has been removed. Using PCFShadowMap instead.
3:19:00 PM [vite] (client) [console.warn] THREE.Clock: This module has been deprecated. Please use THREE.Timer instead.
3:19:00 PM [vite] (client) [console.warn] THREE.WebGLShadowMap: PCFSoftShadowMap has been removed. Using PCFShadowMap instead.
3:19:00 PM [vite] (client) [console.warn] THREE.WebGLShadowMap: PCFSoftShadowMap has been removed. Using PCFShadowMap instead.
3:19:02 PM [vite] (client) [console.warn] THREE.WebGLShadowMap: PCFSoftShadowMap has been removed. Using PCFShadowMap instead.
3:19:02 PM [vite] (client) [console.warn] THREE.WebGLShadowMap: PCFSoftShadowMap has been removed. Using PCFShadowMap instead.
3:19:05 PM [vite] (client) [console.warn] THREE.Clock: This module has been deprecated. Please use THREE.Timer instead.
3:19:05 PM [vite] (client) [console.warn] THREE.WebGLShadowMap: PCFSoftShadowMap has been removed. Using PCFShadowMap instead.
3:19:05 PM [vite] (client) [console.warn] THREE.WebGLShadowMap: PCFSoftShadowMap has been removed. Using PCFShadowMap instead.
3:19:07 PM [vite] (client) [console.warn] THREE.WebGLShadowMap: PCFSoftShadowMap has been removed. Using PCFShadowMap instead.
3:19:12 PM [vite] (client) [console.warn] THREE.WebGLShadowMap: PCFSoftShadowMap has been removed. Using PCFShadowMap instead.
3:19:12 PM [vite] (client) [console.warn] THREE.WebGLShadowMap: PCFSoftShadowMap has been removed. Using PCFShadowMap instead.
3:19:12 PM [vite] (client) [console.warn] THREE.WebGLShadowMap: PCFSoftShadowMap has been removed. Using PCFShadowMap instead.
3:19:12 PM [vite] (client) [console.warn] THREE.WebGLShadowMap: PCFSoftShadowMap has been removed. Using PCFShadowMap instead.
3:19:12 PM [vite] (client) [console.warn] THREE.WebGLShadowMap: PCFSoftShadowMap has been removed. Using PCFShadowMap instead.
3:19:17 PM [vite] (client) [console.warn] THREE.WebGLShadowMap: PCFSoftShadowMap has been removed. Using PCFShadowMap instead.
3:19:22 PM [vite] (client) [console.warn] THREE.WebGLShadowMap: PCFSoftShadowMap has been removed. Using PCFShadowMap instead.
3:19:27 PM [vite] (client) [console.warn] THREE.WebGLShadowMap: PCFSoftShadowMap has been removed. Using PCFShadowMap instead.
3:19:32 PM [vite] (client) [console.warn] THREE.WebGLShadowMap: PCFSoftShadowMap has been removed. Using PCFShadowMap instead.
3:19:38 PM [vite] (client) [console.warn] THREE.WebGLShadowMap: PCFSoftShadowMap has been removed. Using PCFShadowMap instead.
3:19:42 PM [vite] (client) [console.warn] THREE.WebGLShadowMap: PCFSoftShadowMap has been removed. Using PCFShadowMap instead.
3:19:43 PM [vite] (client) [console.warn] THREE.WebGLShadowMap: PCFSoftShadowMap has been removed. Using PCFShadowMap instead.
3:19:43 PM [vite] (client) [console.warn] THREE.WebGLShadowMap: PCFSoftShadowMap has been removed. Using PCFShadowMap instead.
3:20:10 PM [vite] (client) [console.warn] THREE.Clock: This module has been deprecated. Please use THREE.Timer instead.
3:20:12 PM [vite] (client) [console.warn] THREE.Clock: This module has been deprecated. Please use THREE.Timer instead.
3:20:14 PM [vite] (client) [console.warn] THREE.Clock: This module has been deprecated. Please use THREE.Timer instead.
3:20:17 PM [vite] (client) [console.warn] THREE.Clock: This module has been deprecated. Please use THREE.Timer instead.
3:20:18 PM [vite] (client) [console.warn] THREE.Clock: This module has been deprecated. Please use THREE.Timer instead.
3:20:21 PM [vite] (client) [console.warn] THREE.Clock: This module has been deprecated. Please use THREE.Timer instead.
3:20:24 PM [vite] (client) [console.warn] THREE.Clock: This module has been deprecated. Please use THREE.Timer instead.
3:20:28 PM [vite] (client) [console.warn] THREE.Clock: This module has been deprecated. Please use THREE.Timer instead.
3:20:29 PM [vite] (client) [console.warn] THREE.Clock: This module has been deprecated. Please use THREE.Timer instead.
3:20:29 PM [vite] (client) [console.warn] THREE.Clock: This module has been deprecated. Please use THREE.Timer instead.
3:20:31 PM [vite] (client) [console.warn] THREE.Clock: This module has been deprecated. Please use THREE.Timer instead.
3:20:34 PM [vite] (client) [console.warn] THREE.Clock: This module has been deprecated. Please use THREE.Timer instead.
3:20:38 PM [vite] (client) [console.warn] THREE.Clock: This module has been deprecated. Please use THREE.Timer instead.
3:20:43 PM [vite] (client) [console.warn] THREE.Clock: This module has been deprecated. Please use THREE.Timer instead.
3:20:50 PM [vite] (client) [console.warn] THREE.Clock: This module has been deprecated. Please use THREE.Timer instead.
3:20:50 PM [vite] (client) [console.warn] THREE.WebGLShadowMap: PCFSoftShadowMap has been removed. Using PCFShadowMap instead.
3:20:50 PM [vite] (client) [console.warn] THREE.WebGLShadowMap: PCFSoftShadowMap has been removed. Using PCFShadowMap instead.
3:20:50 PM [vite] (client) [console.warn] THREE.WebGLShadowMap: PCFSoftShadowMap has been removed. Using PCFShadowMap instead.
3:20:51 PM [vite] (client) [console.warn] THREE.Clock: This module has been deprecated. Please use THREE.Timer instead.
3:20:51 PM [vite] (client) [console.warn] THREE.WebGLShadowMap: PCFSoftShadowMap has been removed. Using PCFShadowMap instead.
3:20:51 PM [vite] (client) [console.warn] THREE.WebGLShadowMap: PCFSoftShadowMap has been removed. Using PCFShadowMap instead.
3:20:52 PM [vite] (client) [console.warn] THREE.Clock: This module has been deprecated. Please use THREE.Timer instead.
3:20:52 PM [vite] (client) [console.warn] THREE.WebGLShadowMap: PCFSoftShadowMap has been removed. Using PCFShadowMap instead.
3:20:52 PM [vite] (client) [console.warn] THREE.WebGLShadowMap: PCFSoftShadowMap has been removed. Using PCFShadowMap instead.
3:20:54 PM [vite] (client) [console.warn] THREE.WebGLShadowMap: PCFSoftShadowMap has been removed. Using PCFShadowMap instead.
3:20:59 PM [vite] (client) [console.warn] THREE.Clock: This module has been deprecated. Please use THREE.Timer instead.
3:20:59 PM [vite] (client) [console.warn] THREE.WebGLShadowMap: PCFSoftShadowMap has been removed. Using PCFShadowMap instead.
3:20:59 PM [vite] (client) [console.warn] THREE.WebGLShadowMap: PCFSoftShadowMap has been removed. Using PCFShadowMap instead.
3:21:01 PM [vite] (client) [console.warn] THREE.WebGLShadowMap: PCFSoftShadowMap has been removed. Using PCFShadowMap instead.
3:21:01 PM [vite] (client) [console.warn] THREE.WebGLShadowMap: PCFSoftShadowMap has been removed. Using PCFShadowMap instead.
3:21:02 PM [vite] (client) [console.warn] THREE.WebGLShadowMap: PCFSoftShadowMap has been removed. Using PCFShadowMap instead.
3:21:02 PM [vite] (client) [console.warn] THREE.WebGLShadowMap: PCFSoftShadowMap has been removed. Using PCFShadowMap instead.
3:21:02 PM [vite] (client) [console.warn] THREE.WebGLShadowMap: PCFSoftShadowMap has been removed. Using PCFShadowMap instead.
3:21:03 PM [vite] (client) [console.warn] THREE.WebGLShadowMap: PCFSoftShadowMap has been removed. Using PCFShadowMap instead.
3:21:03 PM [vite] (client) [console.warn] THREE.WebGLShadowMap: PCFSoftShadowMap has been removed. Using PCFShadowMap instead.
3:21:03 PM [vite] (client) [console.warn] THREE.WebGLShadowMap: PCFSoftShadowMap has been removed. Using PCFShadowMap instead.
3:21:03 PM [vite] (client) [console.warn] THREE.WebGLShadowMap: PCFSoftShadowMap has been removed. Using PCFShadowMap instead.
3:21:03 PM [vite] (client) [console.warn] THREE.WebGLShadowMap: PCFSoftShadowMap has been removed. Using PCFShadowMap instead.
3:21:03 PM [vite] (client) [console.warn] THREE.WebGLShadowMap: PCFSoftShadowMap has been removed. Using PCFShadowMap instead.
3:21:03 PM [vite] (client) [console.warn] THREE.WebGLShadowMap: PCFSoftShadowMap has been removed. Using PCFShadowMap instead.
3:21:03 PM [vite] (client) [console.warn] THREE.WebGLShadowMap: PCFSoftShadowMap has been removed. Using PCFShadowMap instead.
3:21:04 PM [vite] (client) [console.warn] THREE.WebGLShadowMap: PCFSoftShadowMap has been removed. Using PCFShadowMap instead.
3:21:04 PM [vite] (client) [console.warn] THREE.WebGLShadowMap: PCFSoftShadowMap has been removed. Using PCFShadowMap instead.
3:21:04 PM [vite] (client) [console.warn] THREE.WebGLShadowMap: PCFSoftShadowMap has been removed. Using PCFShadowMap instead.
3:21:04 PM [vite] (client) [console.warn] THREE.WebGLShadowMap: PCFSoftShadowMap has been removed. Using PCFShadowMap instead.
3:21:04 PM [vite] (client) [console.warn] THREE.WebGLShadowMap: PCFSoftShadowMap has been removed. Using PCFShadowMap instead.
3:21:05 PM [vite] (client) [console.warn] THREE.WebGLShadowMap: PCFSoftShadowMap has been removed. Using PCFShadowMap instead.
3:21:05 PM [vite] (client) [console.warn] THREE.Clock: This module has been deprecated. Please use THREE.Timer instead.
3:21:05 PM [vite] (client) [console.warn] THREE.WebGLShadowMap: PCFSoftShadowMap has been removed. Using PCFShadowMap instead.
3:21:05 PM [vite] (client) [console.warn] THREE.WebGLShadowMap: PCFSoftShadowMap has been removed. Using PCFShadowMap instead.
3:21:07 PM [vite] (client) [console.warn] THREE.WebGLShadowMap: PCFSoftShadowMap has been removed. Using PCFShadowMap instead.
3:21:09 PM [vite] (client) [console.warn] THREE.WebGLShadowMap: PCFSoftShadowMap has been removed. Using PCFShadowMap instead.
3:21:09 PM [vite] (client) [console.warn] THREE.WebGLShadowMap: PCFSoftShadowMap has been removed. Using PCFShadowMap instead.
3:21:09 PM [vite] (client) [console.warn] THREE.WebGLShadowMap: PCFSoftShadowMap has been removed. Using PCFShadowMap instead.
3:21:09 PM [vite] (client) [console.warn] THREE.WebGLShadowMap: PCFSoftShadowMap has been removed. Using PCFShadowMap instead.
3:21:09 PM [vite] (client) [console.warn] THREE.WebGLShadowMap: PCFSoftShadowMap has been removed. Using PCFShadowMap instead.
3:21:09 PM [vite] (client) [console.warn] THREE.WebGLShadowMap: PCFSoftShadowMap has been removed. Using PCFShadowMap instead.
3:21:11 PM [vite] (client) [console.warn] THREE.Clock: This module has been deprecated. Please use THREE.Timer instead.
3:21:11 PM [vite] (client) [console.warn] THREE.WebGLShadowMap: PCFSoftShadowMap has been removed. Using PCFShadowMap instead.
3:21:11 PM [vite] (client) [console.warn] THREE.WebGLShadowMap: PCFSoftShadowMap has been removed. Using PCFShadowMap instead.
3:21:13 PM [vite] (client) [console.warn] THREE.WebGLShadowMap: PCFSoftShadowMap has been removed. Using PCFShadowMap instead.
3:21:13 PM [vite] (client) [console.warn] THREE.WebGLShadowMap: PCFSoftShadowMap has been removed. Using PCFShadowMap instead.
3:21:13 PM [vite] (client) [console.warn] THREE.WebGLShadowMap: PCFSoftShadowMap has been removed. Using PCFShadowMap instead.
3:21:13 PM [vite] (client) [console.warn] THREE.WebGLShadowMap: PCFSoftShadowMap has been removed. Using PCFShadowMap instead.
3:21:13 PM [vite] (client) [console.warn] THREE.WebGLShadowMap: PCFSoftShadowMap has been removed. Using PCFShadowMap instead.
3:21:13 PM [vite] (client) [console.warn] THREE.WebGLShadowMap: PCFSoftShadowMap has been removed. Using PCFShadowMap instead.
3:21:15 PM [vite] (client) [console.warn] THREE.Clock: This module has been deprecated. Please use THREE.Timer instead.
3:21:15 PM [vite] (client) [console.warn] THREE.WebGLShadowMap: PCFSoftShadowMap has been removed. Using PCFShadowMap instead.
3:21:15 PM [vite] (client) [console.warn] THREE.WebGLShadowMap: PCFSoftShadowMap has been removed. Using PCFShadowMap instead.
3:21:16 PM [vite] (client) [console.warn] THREE.WebGLShadowMap: PCFSoftShadowMap has been removed. Using PCFShadowMap instead.
3:21:16 PM [vite] (client) [console.warn] THREE.WebGLShadowMap: PCFSoftShadowMap has been removed. Using PCFShadowMap instead.
3:21:19 PM [vite] (client) [console.warn] THREE.Clock: This module has been deprecated. Please use THREE.Timer instead.
3:21:19 PM [vite] (client) [console.warn] THREE.WebGLShadowMap: PCFSoftShadowMap has been removed. Using PCFShadowMap instead.
3:21:19 PM [vite] (client) [console.warn] THREE.WebGLShadowMap: PCFSoftShadowMap has been removed. Using PCFShadowMap instead.
3:21:20 PM [vite] (client) [console.warn] THREE.WebGLShadowMap: PCFSoftShadowMap has been removed. Using PCFShadowMap instead.
3:21:26 PM [vite] (client) [console.warn] THREE.WebGLShadowMap: PCFSoftShadowMap has been removed. Using PCFShadowMap instead.
3:21:26 PM [vite] (client) [console.warn] THREE.WebGLShadowMap: PCFSoftShadowMap has been removed. Using PCFShadowMap instead.
3:21:26 PM [vite] (client) [console.warn] THREE.WebGLShadowMap: PCFSoftShadowMap has been removed. Using PCFShadowMap instead.
3:21:26 PM [vite] (client) [console.warn] THREE.WebGLShadowMap: PCFSoftShadowMap has been removed. Using PCFShadowMap instead.
3:21:26 PM [vite] (client) [console.warn] THREE.WebGLShadowMap: PCFSoftShadowMap has been removed. Using PCFShadowMap instead.
3:21:31 PM [vite] (client) [console.warn] THREE.WebGLShadowMap: PCFSoftShadowMap has been removed. Using PCFShadowMap instead.
3:21:36 PM [vite] (client) [console.warn] THREE.WebGLShadowMap: PCFSoftShadowMap has been removed. Using PCFShadowMap instead.
3:21:41 PM [vite] (client) [console.warn] THREE.WebGLShadowMap: PCFSoftShadowMap has been removed. Using PCFShadowMap instead.
3:21:46 PM [vite] (client) [console.warn] THREE.WebGLShadowMap: PCFSoftShadowMap has been removed. Using PCFShadowMap instead.
3:21:52 PM [vite] (client) [console.warn] THREE.WebGLShadowMap: PCFSoftShadowMap has been removed. Using PCFShadowMap instead.
3:21:56 PM [vite] (client) [console.warn] THREE.WebGLShadowMap: PCFSoftShadowMap has been removed. Using PCFShadowMap instead.
3:21:56 PM [vite] (client) [console.warn] THREE.WebGLShadowMap: PCFSoftShadowMap has been removed. Using PCFShadowMap instead.
3:21:56 PM [vite] (client) [console.warn] THREE.WebGLShadowMap: PCFSoftShadowMap has been removed. Using PCFShadowMap instead.
3:22:18 PM [vite] (client) [console.warn] THREE.Clock: This module has been deprecated. Please use THREE.Timer instead.
3:22:20 PM [vite] (client) [console.warn] THREE.Clock: This module has been deprecated. Please use THREE.Timer instead.
3:22:21 PM [vite] (client) [console.warn] THREE.Clock: This module has been deprecated. Please use THREE.Timer instead.
3:22:24 PM [vite] (client) [console.warn] THREE.Clock: This module has been deprecated. Please use THREE.Timer instead.
3:22:25 PM [vite] (client) [console.warn] THREE.Clock: This module has been deprecated. Please use THREE.Timer instead.
3:22:28 PM [vite] (client) [console.warn] THREE.Clock: This module has been deprecated. Please use THREE.Timer instead.
3:22:31 PM [vite] (client) [console.warn] THREE.Clock: This module has been deprecated. Please use THREE.Timer instead.
3:22:34 PM [vite] (client) [console.warn] THREE.Clock: This module has been deprecated. Please use THREE.Timer instead.
3:22:35 PM [vite] (client) [console.warn] THREE.Clock: This module has been deprecated. Please use THREE.Timer instead.
3:22:35 PM [vite] (client) [console.warn] THREE.Clock: This module has been deprecated. Please use THREE.Timer instead.
3:22:36 PM [vite] (client) [console.warn] THREE.Clock: This module has been deprecated. Please use THREE.Timer instead.
3:22:39 PM [vite] (client) [console.warn] THREE.Clock: This module has been deprecated. Please use THREE.Timer instead.
3:22:43 PM [vite] (client) [console.warn] THREE.Clock: This module has been deprecated. Please use THREE.Timer instead.
3:22:48 PM [vite] (client) [console.warn] THREE.Clock: This module has been deprecated. Please use THREE.Timer instead.
3:22:55 PM [vite] (client) [console.warn] THREE.Clock: This module has been deprecated. Please use THREE.Timer instead.
3:22:55 PM [vite] (client) [console.warn] THREE.WebGLShadowMap: PCFSoftShadowMap has been removed. Using PCFShadowMap instead.
3:22:55 PM [vite] (client) [console.warn] THREE.WebGLShadowMap: PCFSoftShadowMap has been removed. Using PCFShadowMap instead.
3:22:55 PM [vite] (client) [console.warn] THREE.WebGLShadowMap: PCFSoftShadowMap has been removed. Using PCFShadowMap instead.
3:22:55 PM [vite] (client) [console.warn] THREE.WebGLShadowMap: PCFSoftShadowMap has been removed. Using PCFShadowMap instead.
3:22:56 PM [vite] (client) [console.warn] THREE.Clock: This module has been deprecated. Please use THREE.Timer instead.
3:22:56 PM [vite] (client) [console.warn] THREE.WebGLShadowMap: PCFSoftShadowMap has been removed. Using PCFShadowMap instead.
3:22:56 PM [vite] (client) [console.warn] THREE.WebGLShadowMap: PCFSoftShadowMap has been removed. Using PCFShadowMap instead.
3:22:58 PM [vite] (client) [console.warn] THREE.WebGLShadowMap: PCFSoftShadowMap has been removed. Using PCFShadowMap instead.
3:23:03 PM [vite] (client) [console.warn] THREE.Clock: This module has been deprecated. Please use THREE.Timer instead.
3:23:03 PM [vite] (client) [console.warn] THREE.WebGLShadowMap: PCFSoftShadowMap has been removed. Using PCFShadowMap instead.
3:23:03 PM [vite] (client) [console.warn] THREE.WebGLShadowMap: PCFSoftShadowMap has been removed. Using PCFShadowMap instead.
3:23:05 PM [vite] (client) [console.warn] THREE.WebGLShadowMap: PCFSoftShadowMap has been removed. Using PCFShadowMap instead.
3:23:05 PM [vite] (client) [console.warn] THREE.WebGLShadowMap: PCFSoftShadowMap has been removed. Using PCFShadowMap instead.
3:23:06 PM [vite] (client) [console.warn] THREE.WebGLShadowMap: PCFSoftShadowMap has been removed. Using PCFShadowMap instead.
3:23:06 PM [vite] (client) [console.warn] THREE.WebGLShadowMap: PCFSoftShadowMap has been removed. Using PCFShadowMap instead.
3:23:06 PM [vite] (client) [console.warn] THREE.WebGLShadowMap: PCFSoftShadowMap has been removed. Using PCFShadowMap instead.
3:23:07 PM [vite] (client) [console.warn] THREE.WebGLShadowMap: PCFSoftShadowMap has been removed. Using PCFShadowMap instead.
3:23:07 PM [vite] (client) [console.warn] THREE.WebGLShadowMap: PCFSoftShadowMap has been removed. Using PCFShadowMap instead.
3:23:07 PM [vite] (client) [console.warn] THREE.WebGLShadowMap: PCFSoftShadowMap has been removed. Using PCFShadowMap instead.
3:23:07 PM [vite] (client) [console.warn] THREE.WebGLShadowMap: PCFSoftShadowMap has been removed. Using PCFShadowMap instead.
3:23:07 PM [vite] (client) [console.warn] THREE.WebGLShadowMap: PCFSoftShadowMap has been removed. Using PCFShadowMap instead.
3:23:07 PM [vite] (client) [console.warn] THREE.WebGLShadowMap: PCFSoftShadowMap has been removed. Using PCFShadowMap instead.
3:23:07 PM [vite] (client) [console.warn] THREE.WebGLShadowMap: PCFSoftShadowMap has been removed. Using PCFShadowMap instead.
3:23:07 PM [vite] (client) [console.warn] THREE.WebGLShadowMap: PCFSoftShadowMap has been removed. Using PCFShadowMap instead.
3:23:07 PM [vite] (client) [console.warn] THREE.WebGLShadowMap: PCFSoftShadowMap has been removed. Using PCFShadowMap instead.
3:23:08 PM [vite] (client) [console.warn] THREE.WebGLShadowMap: PCFSoftShadowMap has been removed. Using PCFShadowMap instead.
3:23:08 PM [vite] (client) [console.warn] THREE.WebGLShadowMap: PCFSoftShadowMap has been removed. Using PCFShadowMap instead.
3:23:08 PM [vite] (client) [console.warn] THREE.WebGLShadowMap: PCFSoftShadowMap has been removed. Using PCFShadowMap instead.
3:23:08 PM [vite] (client) [console.warn] THREE.WebGLShadowMap: PCFSoftShadowMap has been removed. Using PCFShadowMap instead.
3:23:08 PM [vite] (client) [console.warn] THREE.WebGLShadowMap: PCFSoftShadowMap has been removed. Using PCFShadowMap instead.
3:23:09 PM [vite] (client) [console.warn] THREE.Clock: This module has been deprecated. Please use THREE.Timer instead.
3:23:09 PM [vite] (client) [console.warn] THREE.WebGLShadowMap: PCFSoftShadowMap has been removed. Using PCFShadowMap instead.
3:23:09 PM [vite] (client) [console.warn] THREE.WebGLShadowMap: PCFSoftShadowMap has been removed. Using PCFShadowMap instead.
3:23:11 PM [vite] (client) [console.warn] THREE.WebGLShadowMap: PCFSoftShadowMap has been removed. Using PCFShadowMap instead.
3:23:13 PM [vite] (client) [console.warn] THREE.WebGLShadowMap: PCFSoftShadowMap has been removed. Using PCFShadowMap instead.
3:23:13 PM [vite] (client) [console.warn] THREE.WebGLShadowMap: PCFSoftShadowMap has been removed. Using PCFShadowMap instead.
3:23:13 PM [vite] (client) [console.warn] THREE.WebGLShadowMap: PCFSoftShadowMap has been removed. Using PCFShadowMap instead.
3:23:13 PM [vite] (client) [console.warn] THREE.WebGLShadowMap: PCFSoftShadowMap has been removed. Using PCFShadowMap instead.
3:23:13 PM [vite] (client) [console.warn] THREE.WebGLShadowMap: PCFSoftShadowMap has been removed. Using PCFShadowMap instead.
3:23:15 PM [vite] (client) [console.warn] THREE.Clock: This module has been deprecated. Please use THREE.Timer instead.
3:23:15 PM [vite] (client) [console.warn] THREE.WebGLShadowMap: PCFSoftShadowMap has been removed. Using PCFShadowMap instead.
3:23:15 PM [vite] (client) [console.warn] THREE.WebGLShadowMap: PCFSoftShadowMap has been removed. Using PCFShadowMap instead.
3:23:16 PM [vite] (client) [console.warn] THREE.WebGLShadowMap: PCFSoftShadowMap has been removed. Using PCFShadowMap instead.
3:23:17 PM [vite] (client) [console.warn] THREE.WebGLShadowMap: PCFSoftShadowMap has been removed. Using PCFShadowMap instead.
3:23:17 PM [vite] (client) [console.warn] THREE.WebGLShadowMap: PCFSoftShadowMap has been removed. Using PCFShadowMap instead.
3:23:17 PM [vite] (client) [console.warn] THREE.WebGLShadowMap: PCFSoftShadowMap has been removed. Using PCFShadowMap instead.
3:23:17 PM [vite] (client) [console.warn] THREE.WebGLShadowMap: PCFSoftShadowMap has been removed. Using PCFShadowMap instead.
3:23:17 PM [vite] (client) [console.warn] THREE.WebGLShadowMap: PCFSoftShadowMap has been removed. Using PCFShadowMap instead.
3:23:18 PM [vite] (client) [console.warn] THREE.Clock: This module has been deprecated. Please use THREE.Timer instead.
3:23:18 PM [vite] (client) [console.warn] THREE.WebGLShadowMap: PCFSoftShadowMap has been removed. Using PCFShadowMap instead.
3:23:18 PM [vite] (client) [console.warn] THREE.WebGLShadowMap: PCFSoftShadowMap has been removed. Using PCFShadowMap instead.
3:23:20 PM [vite] (client) [console.warn] THREE.WebGLShadowMap: PCFSoftShadowMap has been removed. Using PCFShadowMap instead.
3:23:20 PM [vite] (client) [console.warn] THREE.WebGLShadowMap: PCFSoftShadowMap has been removed. Using PCFShadowMap instead.
3:23:22 PM [vite] (client) [console.warn] THREE.Clock: This module has been deprecated. Please use THREE.Timer instead.
3:23:22 PM [vite] (client) [console.warn] THREE.WebGLShadowMap: PCFSoftShadowMap has been removed. Using PCFShadowMap instead.
3:23:24 PM [vite] (client) [console.warn] THREE.WebGLShadowMap: PCFSoftShadowMap has been removed. Using PCFShadowMap instead.
3:23:29 PM [vite] (client) [console.warn] THREE.WebGLShadowMap: PCFSoftShadowMap has been removed. Using PCFShadowMap instead.
3:23:29 PM [vite] (client) [console.warn] THREE.WebGLShadowMap: PCFSoftShadowMap has been removed. Using PCFShadowMap instead.
3:23:29 PM [vite] (client) [console.warn] THREE.WebGLShadowMap: PCFSoftShadowMap has been removed. Using PCFShadowMap instead.
3:23:29 PM [vite] (client) [console.warn] THREE.WebGLShadowMap: PCFSoftShadowMap has been removed. Using PCFShadowMap instead.
3:23:29 PM [vite] (client) [console.warn] THREE.WebGLShadowMap: PCFSoftShadowMap has been removed. Using PCFShadowMap instead.
3:23:34 PM [vite] (client) [console.warn] THREE.WebGLShadowMap: PCFSoftShadowMap has been removed. Using PCFShadowMap instead.
3:23:39 PM [vite] (client) [console.warn] THREE.WebGLShadowMap: PCFSoftShadowMap has been removed. Using PCFShadowMap instead.
3:23:44 PM [vite] (client) [console.warn] THREE.WebGLShadowMap: PCFSoftShadowMap has been removed. Using PCFShadowMap instead.
3:23:49 PM [vite] (client) [console.warn] THREE.WebGLShadowMap: PCFSoftShadowMap has been removed. Using PCFShadowMap instead.
3:23:55 PM [vite] (client) [console.warn] THREE.WebGLShadowMap: PCFSoftShadowMap has been removed. Using PCFShadowMap instead.
3:23:59 PM [vite] (client) [console.warn] THREE.WebGLShadowMap: PCFSoftShadowMap has been removed. Using PCFShadowMap instead.
3:24:00 PM [vite] (client) [console.warn] THREE.WebGLShadowMap: PCFSoftShadowMap has been removed. Using PCFShadowMap instead.
3:24:00 PM [vite] (client) [console.warn] THREE.WebGLShadowMap: PCFSoftShadowMap has been removed. Using PCFShadowMap instead.
3:24:22 PM [vite] (client) [console.warn] THREE.Clock: This module has been deprecated. Please use THREE.Timer instead.
3:24:24 PM [vite] (client) [console.warn] THREE.Clock: This module has been deprecated. Please use THREE.Timer instead.
3:24:26 PM [vite] (client) [console.warn] THREE.Clock: This module has been deprecated. Please use THREE.Timer instead.
3:24:29 PM [vite] (client) [console.warn] THREE.Clock: This module has been deprecated. Please use THREE.Timer instead.
3:24:30 PM [vite] (client) [console.warn] THREE.Clock: This module has been deprecated. Please use THREE.Timer instead.
3:24:32 PM [vite] (client) [console.warn] THREE.Clock: This module has been deprecated. Please use THREE.Timer instead.
3:24:35 PM [vite] (client) [console.warn] THREE.Clock: This module has been deprecated. Please use THREE.Timer instead.
3:24:38 PM [vite] (client) [console.warn] THREE.Clock: This module has been deprecated. Please use THREE.Timer instead.
3:24:39 PM [vite] (client) [console.warn] THREE.Clock: This module has been deprecated. Please use THREE.Timer instead.
3:24:39 PM [vite] (client) [console.warn] THREE.Clock: This module has been deprecated. Please use THREE.Timer instead.
3:24:40 PM [vite] (client) [console.warn] THREE.Clock: This module has been deprecated. Please use THREE.Timer instead.
3:24:43 PM [vite] (client) [console.warn] THREE.Clock: This module has been deprecated. Please use THREE.Timer instead.
3:24:47 PM [vite] (client) [console.warn] THREE.Clock: This module has been deprecated. Please use THREE.Timer instead.
3:24:52 PM [vite] (client) [console.warn] THREE.Clock: This module has been deprecated. Please use THREE.Timer instead.
3:24:58 PM [vite] (client) [console.warn] THREE.Clock: This module has been deprecated. Please use THREE.Timer instead.
3:24:58 PM [vite] (client) [console.warn] THREE.WebGLShadowMap: PCFSoftShadowMap has been removed. Using PCFShadowMap instead.
3:24:58 PM [vite] (client) [console.warn] THREE.WebGLShadowMap: PCFSoftShadowMap has been removed. Using PCFShadowMap instead.
3:24:58 PM [vite] (client) [console.warn] THREE.WebGLShadowMap: PCFSoftShadowMap has been removed. Using PCFShadowMap instead.
3:24:59 PM [vite] (client) [console.warn] THREE.Clock: This module has been deprecated. Please use THREE.Timer instead.
3:24:59 PM [vite] (client) [console.warn] THREE.WebGLShadowMap: PCFSoftShadowMap has been removed. Using PCFShadowMap instead.
3:24:59 PM [vite] (client) [console.warn] THREE.WebGLShadowMap: PCFSoftShadowMap has been removed. Using PCFShadowMap instead.
3:25:01 PM [vite] (client) [console.warn] THREE.WebGLShadowMap: PCFSoftShadowMap has been removed. Using PCFShadowMap instead.
