
> neptune@2.0.0-rc.1 test:browser
> playwright test


Running 78 tests using 1 worker

(node:63851) Warning: The 'NO_COLOR' env is ignored due to the 'FORCE_COLOR' env being set.
(Use `node --trace-warnings ...` to show where the warning was created)
  ✓   1 [chromium] › tests/browser/acceptance.spec.ts:28:1 › rendered modes, connected exploded paths, interior and bounded resources (7.2s)
  ✓   2 [chromium] › tests/browser/acceptance.spec.ts:137:1 › presets, engineering controls, validation and fresh-context sharing (6.9s)
  ✓   3 [chromium] › tests/browser/acceptance.spec.ts:215:1 › mobile controls, contextual inspection and explicit WebGL fallback (7.9s)
  ✓   4 [chromium] › tests/browser/acceptance.spec.ts:279:1 › demo runs through real state, cancels, restores and restarts; keyboard dialog access (39.1s)
  ✓   5 [chromium] › tests/browser/phase1.spec.ts:65:1 › PH1-REP-02 Pause remains available during an advance and delayed real worker replies cannot move its checkpoint (4.6s)
  ✓   6 [chromium] › tests/browser/phase1.spec.ts:186:1 › PH1-UI-01 saves complete checkpoints, recovers on refresh, and rejects malformed import transactionally (2.2s)
  ✓   7 [chromium] › tests/browser/phase1.spec.ts:228:1 › PH1-UI-01 quota failure preserves last durable checkpoint and allows current manual export (1.2s)
  ✓   8 [chromium] › tests/browser/phase1.spec.ts:262:1 › PH1-COMP-01 legacy inspection and explicit recalculation preserve the original identity (1.8s)
  ✓   9 [chromium] › tests/browser/phase1.spec.ts:330:1 › PH1-REP-02 replay cancellation retains a committed checkpoint and resume reaches the same target (6.1s)
  ✓  10 [chromium] › tests/browser/phase1.spec.ts:367:1 › PH1-REP-02 an actual worker error event keeps validated state and a new worker can continue (1.2s)
  ✓  11 [chromium] › tests/browser/phase1.spec.ts:407:1 › PH1-REP-02 import supersedes replay and a delivered stale worker response cannot overwrite it (1.7s)
  ✓  12 [chromium] › tests/browser/phase1.spec.ts:460:1 › PH1-UI-01 unreadable recovery is retained until an explicit clear and manual export remains available (1.2s)
  ✓  13 [chromium] › tests/browser/phase1.spec.ts:491:1 › PH1-REP-01 exact restoration and UI replay preserve a fractional integration grid (1.4s)
  ✓  14 [chromium] › tests/browser/phase1.spec.ts:519:1 › PH1-NUM-03 a stored scenario numeric overflow is rejected before JSON rewriting can turn it into null (1.8s)
  ✓  15 [chromium] › tests/browser/twin.spec.ts:50:1 › specific pump failure propagates to flow, clock, thermal state, restoration and numerical replay (2.1s)
  ✓  16 [chromium] › tests/browser/twin.spec.ts:86:1 › standby transfer is an actual selected-component state transition (1.7s)
  ✓  17 [chromium] › tests/browser/twin.spec.ts:99:1 › clock pause and speed are independent of design resets and validated controls (4.4s)
  ✓  18 [chromium] › tests/browser/twin.spec.ts:115:1 › seek backward and forward restores exact event-boundary numerical results (2.3s)
  ✓  19 [chromium] › tests/browser/twin.spec.ts:146:1 › cancel run retains completed state and superseding work rejects stale updates (3.2s)
  ✓  20 [chromium] › tests/browser/twin.spec.ts:176:3 › reduced-motion touch acceptance › touch waypoints and keyboard exit preserve exact selected asset and physical state (4.1s)
  ✓  21 [chromium] › tests/browser/twin.spec.ts:203:1 › comparison renders two computed 240-second runs and exports identical disturbance histories (2.3s)
  ✓  22 [chromium] › tests/browser/twin.spec.ts:220:1 › project exports and imports replay numerical state, with invalid mappings rejected visibly (1.8s)
  ✓  23 [chromium] › tests/browser/twin.spec.ts:235:1 › mobile keyboard and explicit fallback retain asset inspection, operation and exports (1.5s)
  ✓  24 [chromium] › tests/browser/twin.spec.ts:248:1 › context cameras, keyboard interior, distinct families and bounded large-scene diagnostics (14.1s)
  ✓  25 [chromium] › tests/browser/twin.spec.ts:290:1 › legacy saved scenario links retain the explicit aggregate model (1.9s)
  ✓  26 [chromium] › tests/browser/visual.spec.ts:3:1 › capture the first coherent 3D slice (6.1s)
(node:64072) Warning: The 'NO_COLOR' env is ignored due to the 'FORCE_COLOR' env being set.
(Use `node --trace-warnings ...` to show where the warning was created)
  ✘  27 [firefox] › tests/browser/acceptance.spec.ts:28:1 › rendered modes, connected exploded paths, interior and bounded resources (4.3s)
(node:64117) Warning: The 'NO_COLOR' env is ignored due to the 'FORCE_COLOR' env being set.
(Use `node --trace-warnings ...` to show where the warning was created)
  ✓  28 [firefox] › tests/browser/acceptance.spec.ts:137:1 › presets, engineering controls, validation and fresh-context sharing (6.3s)
  ✘  29 [firefox] › tests/browser/acceptance.spec.ts:215:1 › mobile controls, contextual inspection and explicit WebGL fallback (2.4s)
(node:64555) Warning: The 'NO_COLOR' env is ignored due to the 'FORCE_COLOR' env being set.
(Use `node --trace-warnings ...` to show where the warning was created)
  ✓  30 [firefox] › tests/browser/acceptance.spec.ts:279:1 › demo runs through real state, cancels, restores and restarts; keyboard dialog access (46.4s)
  ✓  31 [firefox] › tests/browser/phase1.spec.ts:65:1 › PH1-REP-02 Pause remains available during an advance and delayed real worker replies cannot move its checkpoint (4.3s)
  ✓  32 [firefox] › tests/browser/phase1.spec.ts:186:1 › PH1-UI-01 saves complete checkpoints, recovers on refresh, and rejects malformed import transactionally (1.4s)
  ✓  33 [firefox] › tests/browser/phase1.spec.ts:228:1 › PH1-UI-01 quota failure preserves last durable checkpoint and allows current manual export (812ms)
  ✓  34 [firefox] › tests/browser/phase1.spec.ts:262:1 › PH1-COMP-01 legacy inspection and explicit recalculation preserve the original identity (1.4s)
  ✓  35 [firefox] › tests/browser/phase1.spec.ts:330:1 › PH1-REP-02 replay cancellation retains a committed checkpoint and resume reaches the same target (6.3s)
  ✓  36 [firefox] › tests/browser/phase1.spec.ts:367:1 › PH1-REP-02 an actual worker error event keeps validated state and a new worker can continue (829ms)
  ✓  37 [firefox] › tests/browser/phase1.spec.ts:407:1 › PH1-REP-02 import supersedes replay and a delivered stale worker response cannot overwrite it (1.3s)
  ✓  38 [firefox] › tests/browser/phase1.spec.ts:460:1 › PH1-UI-01 unreadable recovery is retained until an explicit clear and manual export remains available (727ms)
  ✓  39 [firefox] › tests/browser/phase1.spec.ts:491:1 › PH1-REP-01 exact restoration and UI replay preserve a fractional integration grid (1.1s)
  ✓  40 [firefox] › tests/browser/phase1.spec.ts:519:1 › PH1-NUM-03 a stored scenario numeric overflow is rejected before JSON rewriting can turn it into null (892ms)
  ✓  41 [firefox] › tests/browser/twin.spec.ts:50:1 › specific pump failure propagates to flow, clock, thermal state, restoration and numerical replay (2.1s)
  ✓  42 [firefox] › tests/browser/twin.spec.ts:86:1 › standby transfer is an actual selected-component state transition (1.4s)
  ✓  43 [firefox] › tests/browser/twin.spec.ts:99:1 › clock pause and speed are independent of design resets and validated controls (4.0s)
  ✘  44 [firefox] › tests/browser/twin.spec.ts:115:1 › seek backward and forward restores exact event-boundary numerical results (1.0m)
(node:64687) Warning: The 'NO_COLOR' env is ignored due to the 'FORCE_COLOR' env being set.
(Use `node --trace-warnings ...` to show where the warning was created)
  ✓  45 [firefox] › tests/browser/twin.spec.ts:146:1 › cancel run retains completed state and superseding work rejects stale updates (3.4s)
  ✓  46 [firefox] › tests/browser/twin.spec.ts:176:3 › reduced-motion touch acceptance › touch waypoints and keyboard exit preserve exact selected asset and physical state (3.6s)
  ✓  47 [firefox] › tests/browser/twin.spec.ts:203:1 › comparison renders two computed 240-second runs and exports identical disturbance histories (1.9s)
  ✓  48 [firefox] › tests/browser/twin.spec.ts:220:1 › project exports and imports replay numerical state, with invalid mappings rejected visibly (1.3s)
  ✓  49 [firefox] › tests/browser/twin.spec.ts:235:1 › mobile keyboard and explicit fallback retain asset inspection, operation and exports (1.2s)
  ✓  50 [firefox] › tests/browser/twin.spec.ts:248:1 › context cameras, keyboard interior, distinct families and bounded large-scene diagnostics (15.8s)
  ✓  51 [firefox] › tests/browser/twin.spec.ts:290:1 › legacy saved scenario links retain the explicit aggregate model (1.1s)
  ✓  52 [firefox] › tests/browser/visual.spec.ts:3:1 › capture the first coherent 3D slice (4.5s)
(node:64706) Warning: The 'NO_COLOR' env is ignored due to the 'FORCE_COLOR' env being set.
(Use `node --trace-warnings ...` to show where the warning was created)
  ✓  53 [webkit] › tests/browser/acceptance.spec.ts:28:1 › rendered modes, connected exploded paths, interior and bounded resources (6.6s)
  ✓  54 [webkit] › tests/browser/acceptance.spec.ts:137:1 › presets, engineering controls, validation and fresh-context sharing (5.7s)
  ✓  55 [webkit] › tests/browser/acceptance.spec.ts:215:1 › mobile controls, contextual inspection and explicit WebGL fallback (7.3s)
  ✓  56 [webkit] › tests/browser/acceptance.spec.ts:279:1 › demo runs through real state, cancels, restores and restarts; keyboard dialog access (38.5s)
  ✓  57 [webkit] › tests/browser/phase1.spec.ts:65:1 › PH1-REP-02 Pause remains available during an advance and delayed real worker replies cannot move its checkpoint (4.2s)
  ✓  58 [webkit] › tests/browser/phase1.spec.ts:186:1 › PH1-UI-01 saves complete checkpoints, recovers on refresh, and rejects malformed import transactionally (1.7s)
  ✓  59 [webkit] › tests/browser/phase1.spec.ts:228:1 › PH1-UI-01 quota failure preserves last durable checkpoint and allows current manual export (843ms)
  ✓  60 [webkit] › tests/browser/phase1.spec.ts:262:1 › PH1-COMP-01 legacy inspection and explicit recalculation preserve the original identity (1.4s)
  ✓  61 [webkit] › tests/browser/phase1.spec.ts:330:1 › PH1-REP-02 replay cancellation retains a committed checkpoint and resume reaches the same target (5.8s)
  ✓  62 [webkit] › tests/browser/phase1.spec.ts:367:1 › PH1-REP-02 an actual worker error event keeps validated state and a new worker can continue (919ms)
  ✓  63 [webkit] › tests/browser/phase1.spec.ts:407:1 › PH1-REP-02 import supersedes replay and a delivered stale worker response cannot overwrite it (1.4s)
  ✓  64 [webkit] › tests/browser/phase1.spec.ts:460:1 › PH1-UI-01 unreadable recovery is retained until an explicit clear and manual export remains available (902ms)
  ✓  65 [webkit] › tests/browser/phase1.spec.ts:491:1 › PH1-REP-01 exact restoration and UI replay preserve a fractional integration grid (1.1s)
  ✓  66 [webkit] › tests/browser/phase1.spec.ts:519:1 › PH1-NUM-03 a stored scenario numeric overflow is rejected before JSON rewriting can turn it into null (1.2s)
  ✓  67 [webkit] › tests/browser/twin.spec.ts:50:1 › specific pump failure propagates to flow, clock, thermal state, restoration and numerical replay (2.0s)
  ✓  68 [webkit] › tests/browser/twin.spec.ts:86:1 › standby transfer is an actual selected-component state transition (1.5s)
  ✓  69 [webkit] › tests/browser/twin.spec.ts:99:1 › clock pause and speed are independent of design resets and validated controls (4.1s)
  ✓  70 [webkit] › tests/browser/twin.spec.ts:115:1 › seek backward and forward restores exact event-boundary numerical results (2.3s)
  ✓  71 [webkit] › tests/browser/twin.spec.ts:146:1 › cancel run retains completed state and superseding work rejects stale updates (2.9s)
  ✓  72 [webkit] › tests/browser/twin.spec.ts:176:3 › reduced-motion touch acceptance › touch waypoints and keyboard exit preserve exact selected asset and physical state (3.3s)
  ✓  73 [webkit] › tests/browser/twin.spec.ts:203:1 › comparison renders two computed 240-second runs and exports identical disturbance histories (2.1s)
  ✓  74 [webkit] › tests/browser/twin.spec.ts:220:1 › project exports and imports replay numerical state, with invalid mappings rejected visibly (1.4s)
  ✓  75 [webkit] › tests/browser/twin.spec.ts:235:1 › mobile keyboard and explicit fallback retain asset inspection, operation and exports (1.2s)
  ✓  76 [webkit] › tests/browser/twin.spec.ts:248:1 › context cameras, keyboard interior, distinct families and bounded large-scene diagnostics (16.9s)
  ✓  77 [webkit] › tests/browser/twin.spec.ts:290:1 › legacy saved scenario links retain the explicit aggregate model (1.2s)
  ✓  78 [webkit] › tests/browser/visual.spec.ts:3:1 › capture the first coherent 3D slice (7.5s)


  1) [firefox] › tests/browser/acceptance.spec.ts:28:1 › rendered modes, connected exploded paths, interior and bounded resources 

    Error: expect(received).toBeCloseTo(expected, precision)

    Expected: 81.86859002510815
    Received: 76.62242322113698

    Expected precision:    1
    Expected difference: < 0.05
    Received difference:   5.246166803971164

      69 |   await page.waitForTimeout(150);
      70 |   const reset = await page.evaluate(() => window.__NEPTUNE_SCENE__!.camera);
    > 71 |   reset.forEach((v, i) => expect(v).toBeCloseTo(home.camera[i], 1));
         |                                     ^
      72 |   await page.getByRole('button', { name: /X-ray/ }).click();
      73 |   await expect(root(page)).toHaveAttribute('data-xray', 'true');
      74 |   await page.waitForTimeout(200);
        at forEach (<verified-checkout>/tests/browser/acceptance.spec.ts:71:37)
        at <verified-checkout>/tests/browser/acceptance.spec.ts:71:9

    attachment #1: screenshot (image/png) ──────────────────────────────────────────────────────────
    test-results/acceptance-rendered-modes--2ead5-erior-and-bounded-resources-firefox/test-failed-1.png
    ────────────────────────────────────────────────────────────────────────────────────────────────

    Error Context: test-results/acceptance-rendered-modes--2ead5-erior-and-bounded-resources-firefox/error-context.md

    attachment #3: trace (application/zip) ─────────────────────────────────────────────────────────
    test-results/acceptance-rendered-modes--2ead5-erior-and-bounded-resources-firefox/trace.zip
    Usage:

        npx playwright show-trace test-results/acceptance-rendered-modes--2ead5-erior-and-bounded-resources-firefox/trace.zip

    ────────────────────────────────────────────────────────────────────────────────────────────────

  2) [firefox] › tests/browser/acceptance.spec.ts:215:1 › mobile controls, contextual inspection and explicit WebGL fallback 

    Error: expect(received).toBe(expected) // Object.is equality

    Expected: 390
    Received: 391

      218 |   await page.setViewportSize({ width: 390, height: 844 });
      219 |   await load(page);
    > 220 |   expect(await page.evaluate(() => document.documentElement.scrollWidth)).toBe(
          |                                                                           ^
      221 |     390,
      222 |   );
      223 |   await capture(page, `${info.project.name}-mobile`);
        at <verified-checkout>/tests/browser/acceptance.spec.ts:220:75

    attachment #1: screenshot (image/png) ──────────────────────────────────────────────────────────
    test-results/acceptance-mobile-controls-e31fc-and-explicit-WebGL-fallback-firefox/test-failed-1.png
    ────────────────────────────────────────────────────────────────────────────────────────────────

    Error Context: test-results/acceptance-mobile-controls-e31fc-and-explicit-WebGL-fallback-firefox/error-context.md

    attachment #3: trace (application/zip) ─────────────────────────────────────────────────────────
    test-results/acceptance-mobile-controls-e31fc-and-explicit-WebGL-fallback-firefox/trace.zip
    Usage:

        npx playwright show-trace test-results/acceptance-mobile-controls-e31fc-and-explicit-WebGL-fallback-firefox/trace.zip

    ────────────────────────────────────────────────────────────────────────────────────────────────

  3) [firefox] › tests/browser/twin.spec.ts:115:1 › seek backward and forward restores exact event-boundary numerical results 

    Test timeout of 60000ms exceeded.

    Error: locator.click: Test timeout of 60000ms exceeded.
    Call log:
      - waiting for getByRole('button', { name: 'Seek time', exact: true })
        - locator resolved to <button>Seek time</button>
      - attempting click action
        - waiting for element to be visible, enabled and stable


      125 |   const target=page.getByRole('spinbutton',{name:'Replay time in seconds',exact:true});
      126 |   const seek=async(timeS:number,expected:string)=>{
    > 127 |     await target.fill(String(timeS));await page.getByRole('button',{name:'Seek time',exact:true}).click();
          |                                                                                                   ^
      128 |     await expect(main(page)).toHaveAttribute('data-time',String(timeS));
      129 |     await expect(page.getByRole('button',{name:'Step 10s',exact:true})).toBeEnabled();
      130 |     expect(await exportArtifact(page,'results')).toBe(expected);
        at seek (<verified-checkout>/tests/browser/twin.spec.ts:127:99)
        at <verified-checkout>/tests/browser/twin.spec.ts:137:3

    attachment #1: screenshot (image/png) ──────────────────────────────────────────────────────────
    test-results/twin-seek-backward-and-for-313ff--boundary-numerical-results-firefox/test-failed-1.png
    ────────────────────────────────────────────────────────────────────────────────────────────────

    Error Context: test-results/twin-seek-backward-and-for-313ff--boundary-numerical-results-firefox/error-context.md

    attachment #3: trace (application/zip) ─────────────────────────────────────────────────────────
    test-results/twin-seek-backward-and-for-313ff--boundary-numerical-results-firefox/trace.zip
    Usage:

        npx playwright show-trace test-results/twin-seek-backward-and-for-313ff--boundary-numerical-results-firefox/trace.zip

    ────────────────────────────────────────────────────────────────────────────────────────────────

  3 failed
    [firefox] › tests/browser/acceptance.spec.ts:28:1 › rendered modes, connected exploded paths, interior and bounded resources 
    [firefox] › tests/browser/acceptance.spec.ts:215:1 › mobile controls, contextual inspection and explicit WebGL fallback 
    [firefox] › tests/browser/twin.spec.ts:115:1 › seek backward and forward restores exact event-boundary numerical results 
  75 passed (7.3m)
