
> neptune@2.0.0-rc.1 test
> vitest run --reporter=default --reporter=json --outputFile=artifacts/phase1-unit.json


 RUN  v5.0.0 <verified-checkout>

 ✓ tests/twin-telemetry.test.ts (47 tests) 4218ms
   ✓ actual localhost SSE transport (2)
     ✓ uses the production adapter with native browser reconnect/Last-Event-ID and source validation 741ms
   ✓ running DataPanel acceptance (1)
     ✓ operates mapping, raw inspection, simulated dropout, calibration, and actual streaming in the app 3370ms
 ✓ tests/twin-physics.test.ts (28 tests) 521ms
 ✓ tests/phase1-persistence.test.ts (16 tests) 5938ms
   ✓ PH1-PER-01 real historical thresholds (2)
     ✓ round-trips real engine-generated 999, 1000, 1001-event applied histories and continues 644ms
     ✓ advances a real one-node run through 86399, 86400 and 86401 seconds, preserving continuation 1451ms
   ✓ PH1-PER-02 declared boundaries (6)
     ✓ admits 9999/10000 future events through engine/export/import, rejects 10001 atomically 1248ms
     ✓ checks actual UTF-8 bytes below/at/above 64 MiB including multibyte input 970ms
     ✓ bounds nesting before parse and exact value/key item allocation 1202ms
 ✓ tests/phase1-numerical.test.ts (22 tests) 37ms
 ✓ tests/phase1-worker.test.ts (49 tests) 836ms
 ✓ tests/twin-integration.test.ts (19 tests) 2013ms
   ✓ canonical graph, geometry and operating-state integration (10)
     ✓ bounds the million-accelerator inventory and 10 GW supply ceiling without inventing consumption 1530ms
 ✓ tests/twin-network.test.ts (8 tests) 917ms
   ✓ declared network offered-demand and whole-job admission (7)
     ✓ detects a shared-core port bottleneck even when every individual platform link fits 543ms
 ✓ tests/model.test.ts (38 tests) 15ms
 ✓ tests/phase1-deferred.test.ts (4 tests) 654ms
   ✓ PH1-REG-01 deferred Phase 0 findings remain explicit (4)
     ✓ PH0-003 retains the 4000-node shared port boundary and reports the 4001-node design shortfall 302ms
 ✓ tests/twin-geometry.test.ts (7 tests) 317ms
 ✓ tests/scenario.test.ts (15 tests) 3ms
 ✓ tests/phase1-work-budget.test.ts (3 tests) 97ms

 Test Files  12 passed (12)
      Tests  256 passed (256)
   Start at  13:58:06
   Duration  16.66s (tests 97%, import 2%, transform 1%)

JSON report written to <verified-checkout>/artifacts/phase1-unit.json
